07-25 14:48:25.471   867   893 D BackupTransportManager: Binding to transport: android/com.android.internal.backup.LocalTransportService
07-25 14:48:25.473   867   893 D BackupTransportManager: Binding to transport: com.google.android.gms/.backup.component.D2dTransportService
07-25 14:48:25.485   867   893 I ActivityManager: Start proc 2096:com.google.android.gms.persistent/u0a22 for service com.google.android.gms/.backup.component.D2dTransportService
07-25 14:48:25.485   867   893 D BackupTransportManager: Binding to transport: com.google.android.gms/.backup.BackupTransportService
07-25 14:48:25.488   867   893 I BackupManagerService: Backup enabled => false
07-25 14:48:25.490   867   893 W SystemServiceManager: Service com.android.server.backup.BackupManagerService$Lifecycle took 60 ms in onUnlockUser 
07-25 14:48:25.497   867  2094 V KeyValueBackupJob: Scheduling k/v pass in 241 minutes
07-25 14:48:25.566   867   893 I ActivityManager: Start proc 2111:com.google.android.googlequicksearchbox:interactor/u0a41 for service com.google.android.googlequicksearchbox/com.google.android.voiceinteraction.GsaVoiceInteractionService
07-25 14:48:25.566   867   893 W SystemServiceManager: Service com.android.server.voiceinteraction.VoiceInteractionManagerService took 76 ms in onUnlockUser 
07-25 14:48:25.586   867   913 I AppWidgetServiceImpl: Async processing of onUserUnlocked u0 took 94 ms
07-25 14:48:25.595   867   867 I ActivityManager: Start proc 2125:com.google.android.apps.tachyon/u0a125 for service com.google.android.apps.tachyon/.jobs.NativeJobSchedulerJobService
07-25 14:48:25.614   867   867 I ActivityManager: Start proc 2138:com.google.android.googlequicksearchbox:search/u0a41 for service com.google.android.googlequicksearchbox/com.google.android.apps.gsa.tasks.BackgroundTasksJobService
07-25 14:48:25.614   867   893 I ActivityManager: Loading recents for user 0 into memory.
07-25 14:48:25.648   867   893 I ActivityManager: Start proc 2151:com.android.nfc/1027 for added application com.android.nfc
07-25 14:48:25.662   867   893 I ActivityManager: Start proc 2163:com.android.ims.rcsservice/1001 for added application com.android.ims.rcsservice
07-25 14:48:25.677   867   893 I ActivityManager: Start proc 2176:com.qualcomm.qti.rcsbootstraputil/1001 for added application com.qualcomm.qti.rcsbootstraputil
07-25 14:48:25.691   867   893 I ActivityManager: Start proc 2192:com.google.SSRestartDetector/1000 for added application com.google.SSRestartDetector
07-25 14:48:25.696   867   893 I ActivityManager: User 0 state changed from RUNNING_UNLOCKING to RUNNING_UNLOCKED
07-25 14:48:25.697   867  1624 I LockSettingsService: Disabling escrow token on user 0
07-25 14:48:25.697   867   893 I ActivityManager: Sending BOOT_COMPLETE user #0
07-25 14:48:25.727   867   893 I ActivityManager: Start proc 2208:android.process.media/u0a14 for broadcast com.android.providers.downloads/.DownloadReceiver
07-25 14:48:25.727   867  2094 I BackupManagerService: Found stale backup journal, scheduling
07-25 14:48:25.756   867   880 I ActivityManager: Start proc 2220:com.google.process.gservices/u0a22 for content provider com.google.android.gsf/.gservices.GservicesProvider
07-25 14:48:25.775   867   894 W Looper  : Dispatch took 136ms on android.ui, h=Handler (com.android.server.am.ActivityManagerService$UiHandler) {858b220} cb=null msg=53
07-25 14:48:25.797   867  1596 I ActivityManager: START u0 {act=android.intent.action.MAIN cat=[android.intent.category.HOME] flg=0x10000100 cmp=com.google.android.apps.nexuslauncher/.NexusLauncherActivity} from uid 0
07-25 14:48:25.822   867  1596 I ActivityManager: Start proc 2243:com.google.android.apps.nexuslauncher/u0a48 for activity com.google.android.apps.nexuslauncher/.NexusLauncherActivity
07-25 14:48:25.840   867   867 V NotificationListeners: enabling notification listener for 0: ComponentInfo{com.google.android.apps.nexuslauncher/com.android.launcher3.notification.NotificationListener}
07-25 14:48:25.840   867   867 V NotificationListeners: binding: Intent { act=android.service.notification.NotificationListenerService cmp=com.google.android.apps.nexuslauncher/com.android.launcher3.notification.NotificationListener (has extras) }
07-25 14:48:25.959   867   867 D BackupTransportManager: Bound to transport: android/com.android.internal.backup.LocalTransportService
07-25 14:48:25.991  1598  1598 I TelecomFramework: PstnIncomingCallNotifier: Unregistering: Handler (com.android.internal.telephony.GsmCdmaPhone) {9d5ad30}
07-25 14:48:26.005   867  1623 I Telecom : PhoneAccountRegistrar: Modify account: [ComponentInfo{com.android.phone/com.android.services.telephony.TelephonyConnectionService}, [****], UserHandle{0}]: TSI.rPA@ABs
07-25 14:48:26.009  1598  1598 I TelecomFramework: AccountEntry: Registered phoneAccount: [[ ] PhoneAccount: ComponentInfo{com.android.phone/com.android.services.telephony.TelephonyConnectionService}, [****], UserHandle{0} Capabilities: CallProvider MultiUser PlaceEmerg SimSub  Audio Routes: BESW Schemes: tel voicemail  Extras: Bundle[{android.telecom.extra.SUPPORTS_VIDEO_CALLING_FALLBACK=true}] GroupId: [****]] with handle: ComponentInfo{com.android.phone/com.android.services.telephony.TelephonyConnectionService}, [****], UserHandle{0}
07-25 14:48:26.009  1598  1598 I TelecomFramework: PstnIncomingCallNotifier: Registering: Handler (com.android.internal.telephony.GsmCdmaPhone) {9d5ad30}
07-25 14:48:26.022  1598  1598 I TelecomFramework: PstnPhoneCapabilitiesNotifier: handleVideoCapabilitesChanged. Video capability - false
07-25 14:48:26.038   867  1428 I Telecom : PhoneAccountRegistrar: Modify account: [ComponentInfo{com.android.phone/com.android.services.telephony.TelephonyConnectionService}, [****], UserHandle{0}]: TSI.rPA@AB4
07-25 14:48:26.308   867  1623 I ActivityManager: Start proc 2306:com.google.android.gms/u0a22 for service com.google.android.gms/.chimera.GmsBoundBrokerService
07-25 14:48:26.713   867  1624 I ActivityManager: Start proc 2373:com.google.android.apps.photos/u0a64 for broadcast com.google.android.apps.photos/.sdcard.envcache.ExternalStorageStateChangeBroadcastReceiver
07-25 14:48:26.820   867  2190 I ActivityManager: Start proc 2395:com.google.android.partnersetup/u0a20 for content provider com.google.android.partnersetup/.RlzAppProvider
07-25 14:48:26.930   867  1428 I ActivityManager: Start proc 2421:com.google.android.inputmethod.latin:train/u0a82 for service com.google.android.inputmethod.latin/com.google.android.apps.inputmethod.libs.dvrnn.trainingservice.DvrnnTrainingRpcService
07-25 14:48:27.177   867   892 I ActivityManager: Start proc 2455:com.android.printspooler/u0a72 for service com.android.printspooler/.model.PrintSpoolerService
07-25 14:48:27.297   867   892 I ActivityManager: Start proc 2475:com.android.keychain/1000 for service com.android.keychain/.KeyChainService
07-25 14:48:27.323   867   867 D BackupTransportManager: Bound to transport: com.google.android.gms/.backup.component.D2dTransportService
07-25 14:48:27.363   867  1624 I ActivityManager: Start proc 2491:com.google.process.gapps/u0a22 for content provider com.google.android.gsf/.settings.GoogleSettingsProvider
07-25 14:48:27.550   867   867 D BackupTransportManager: Bound to transport: com.google.android.gms/.backup.BackupTransportService
07-25 14:48:27.643   867  1596 I ActivityManager: Start proc 2535:android.process.acore/u0a6 for content provider com.android.providers.userdictionary/.UserDictionaryProvider
07-25 14:48:27.757   867  2206 I ActivityManager: Start proc 2555:com.android.providers.calendar/u0a46 for content provider com.android.providers.calendar/.CalendarProvider2
07-25 14:48:28.358   867   867 I ActivityManager: Start proc 2626:com.google.android.dialer/u0a34 for service com.google.android.dialer/com.google.android.apps.dialer.spam.inapp.SpamJobService
07-25 14:48:28.646   867  1432 I ActivityManager: START u0 {act=android.intent.action.MAIN cat=[android.intent.category.LAUNCHER] flg=0x10200000 cmp=com.sharphmi.android/md5d40e6f4352ad11609433d55ca1bd3e24.MainActivity bnds=[843,252][1045,514]} from uid 10048
07-25 14:48:28.684   867  1624 I ActivityManager: Start proc 2660:com.sharphmi.android/u0a137 for activity com.sharphmi.android/md5d40e6f4352ad11609433d55ca1bd3e24.MainActivity
07-25 14:48:29.061   867  2205 W ActivityManager: getTaskSnapshot: taskId=521 not found
07-25 14:48:29.951   867  2600 I ActivityManager: Start proc 2728:com.verizon.mips.services/u0a37 for broadcast com.verizon.mips.services/com.vzw.hss.myverizon.rdd.wifidata.receiver.RDDWifiStateReceiver
07-25 14:48:30.227   867  2766 I BootReceiver: Copying /sys/fs/pstore/console-ramoops to DropBox (SYSTEM_LAST_KMSG)
07-25 14:48:30.248   867  2766 I BootReceiver: Copying audit failures to DropBox
07-25 14:48:30.249   867  2766 I BootReceiver: Copied 0 worth of audits to DropBox
07-25 14:48:30.264   867  2766 I BootReceiver: boot_fs_shutdown,4202,0
07-25 14:48:30.264   867  2766 I BootReceiver: Checking for fsck errors
07-25 14:48:30.265   867  2766 I BootReceiver: fs_stat, partition:userdata stat:0x1
07-25 14:48:30.314   867   892 I ActivityManager: Start proc 2778:com.google.android.keep/u0a126 for service com.google.android.keep/.syncadapter.KeepSyncAdapterService
07-25 14:48:30.695   867   892 I ActivityManager: Start proc 2814:com.google.android.music:main/u0a113 for service com.google.android.music/.sync.SyncAdapterService
07-25 14:48:30.720   867   867 I Telecom : DefaultDialerCache: Refreshing default dialer for user 0: now com.google.android.dialer: DDC.oR@ACE
07-25 14:48:30.765   867  2600 I ActivityManager: Start proc 2831:com.google.android.gms.unstable/u0a22 for service com.google.android.gms/.droidguard.DroidGuardService
07-25 14:48:30.805   867  1596 W BroadcastQueue: Background execution not allowed: receiving Intent { act=com.google.android.systemui.OPA_ENABLED flg=0x10000010 (has extras) } to com.google.android.apps.nexuslauncher/.qsb.OPAStatusReceiver
07-25 14:48:30.839   867  1624 I ActivityManager: Start proc 2848:com.android.cellbroadcastreceiver/u0a57 for broadcast com.android.cellbroadcastreceiver/.CellBroadcastReceiver
07-25 14:48:31.030   867  1428 I ActivityManager: Start proc 2880:com.android.connectivity.metrics/u0a29 for broadcast com.android.connectivity.metrics/.SnapshotSchedulingReceiver
07-25 14:48:31.235   867  1596 I ActivityManager: Start proc 2902:com.android.hotwordenrollment.okgoogle/u0a12 for broadcast com.android.hotwordenrollment.okgoogle/.StartupReceiver
07-25 14:48:31.408   867  1428 I ActivityManager: Start proc 2931:com.android.hotwordenrollment.tgoogle/u0a60 for broadcast com.android.hotwordenrollment.tgoogle/.StartupReceiver
07-25 14:48:31.584   867  1596 I ActivityManager: Start proc 2956:com.android.hotwordenrollment.xgoogle/u0a23 for broadcast com.android.hotwordenrollment.xgoogle/.StartupReceiver
07-25 14:48:31.673   867  1596 I ActivityManager: Start proc 2976:com.google.android.play.games.ui/u0a22 for content provider com.google.android.gms/.games.provider.NotificationStubContentProvider
07-25 14:48:31.843   867  2600 I ActivityManager: Start proc 3011:com.android.managedprovisioning/u0a17 for broadcast com.android.managedprovisioning/.preprovisioning.BootReminder
07-25 14:48:32.352   867   880 I ActivityManager: Start proc 3054:com.android.vending/u0a52 for broadcast com.android.vending/com.google.android.finsky.boothandler.BootCompletedReceiver
07-25 14:48:32.363   867   880 I ActivityManager: Killing 1877:com.google.vr.vrcore/u0a71 (adj 906): empty #17
07-25 14:48:33.185   867   881 I ActivityManager: Killing 1910:com.google.android.deskclock/u0a78 (adj 906): empty #17
07-25 14:48:33.197   867   881 W BroadcastQueue: Permission Denial: receiving Intent { act=android.intent.action.BOOT_COMPLETED flg=0x9000010 (has extras) } to com.google.android.apps.docs/.notification.common.NotificationChannelReceiver requires android.permission.RECEIVE_BOOT_COMPLETED due to sender null (uid 1000)
07-25 14:48:33.209   867   893 I ActivityManager: Start proc 3136:com.google.android.apps.gcs/u0a49 for broadcast com.google.android.apps.gcs/.receiver.BootCompletedReceiver
07-25 14:48:33.749   867   881 I ActivityManager: Start proc 3179:com.google.android.apps.maps/u0a102 for broadcast com.google.android.apps.maps/com.google.android.apps.gmm.navigation.service.detection.StartDetectionReceiver
07-25 14:48:35.695   867  1594 I ActivityManager: Start proc 3253:com.google.android.apps.messaging/u0a114 for broadcast com.google.android.apps.messaging/.shared.receiver.BootAndPackageReplacedReceiver
07-25 14:48:36.387   867  1624 I ActivityManager: Killing 2001:com.google.android.ext.services/u0a7 (adj 906): empty #17
07-25 14:48:36.498   867   880 W ActivityManager: Background start not allowed: service Intent { act=com.google.firebase.INSTANCE_ID_EVENT pkg=com.google.android.apps.messaging cmp=com.google.android.apps.messaging/.fcm.BugleFirebaseInstanceIDService (has extras) } to com.google.android.apps.messaging/.fcm.BugleFirebaseInstanceIDService from pid=3253 uid=10114 pkg=com.google.android.apps.messaging
07-25 14:48:36.594   867  1123 I ActivityManager: START u0 {act=android.intent.action.MAIN cat=[android.intent.category.HOME] flg=0x10200000 cmp=com.google.android.apps.nexuslauncher/.NexusLauncherActivity (has extras)} from uid 1000
07-25 14:48:36.864   867  1428 W ActivityManager: Background start not allowed: service Intent { cmp=com.google.android.apps.messaging/.shared.datamodel.action.ActionExecutorImpl$EmptyService } to com.google.android.apps.messaging/.shared.datamodel.action.ActionExecutorImpl$EmptyService from pid=3253 uid=10114 pkg=com.google.android.apps.messaging
07-25 14:48:36.908   867  2600 W ActivityManager: Background start not allowed: service Intent { cmp=com.google.android.apps.messaging/.shared.datamodel.action.ActionExecutorImpl$EmptyService } to com.google.android.apps.messaging/.shared.datamodel.action.ActionExecutorImpl$EmptyService from pid=3253 uid=10114 pkg=com.google.android.apps.messaging
07-25 14:48:36.941   867  2600 W ActivityManager: Background start not allowed: service Intent { cmp=com.google.android.apps.messaging/.shared.datamodel.action.ActionExecutorImpl$EmptyService } to com.google.android.apps.messaging/.shared.datamodel.action.ActionExecutorImpl$EmptyService from pid=3253 uid=10114 pkg=com.google.android.apps.messaging
07-25 14:48:36.966   867  1594 I ActivityManager: Start proc 3305:com.google.android.apps.messaging:rcs/u0a114 for broadcast com.google.android.apps.messaging/com.google.android.ims.receiver.AutoStartReceiver
07-25 14:48:36.970   867  2600 I ActivityManager: Killing 1640:com.android.settings/1000 (adj 906): empty #17
07-25 14:48:37.021   867   915 W ActivityManager: setHasOverlayUi called on unknown pid: 1640
07-25 14:48:37.073  1430  1430 V DeadZone: consuming errant click: (569.0,1.0)
07-25 14:48:37.428   867  1432 W ActivityManager: Background start not allowed: service Intent { cmp=com.google.android.apps.messaging/.shared.datamodel.action.ActionExecutorImpl$EmptyService } to com.google.android.apps.messaging/.shared.datamodel.action.ActionExecutorImpl$EmptyService from pid=3253 uid=10114 pkg=com.google.android.apps.messaging
07-25 14:48:37.504   867  1432 I ActivityManager: Killing 2475:com.android.keychain/1000 (adj 906): empty #17
07-25 14:48:37.639   867  1428 I ActivityManager: Start proc 3333:com.google.android.apps.multidevice.client/u0a87 for broadcast com.google.android.apps.multidevice.client/.connection.Initializer
07-25 14:48:37.641   867  1432 I ActivityManager: Killing 2421:com.google.android.inputmethod.latin:train/u0a82 (adj 906): empty #17
07-25 14:48:37.664   867  1624 I ActivityManager: Killing 1884:com.google.android.marvin.talkback/u0a93 (adj 906): empty #17
07-25 14:48:37.973   867  1624 I ActivityManager: START u0 {act=android.intent.action.MAIN cat=[android.intent.category.LAUNCHER] flg=0x10200000 cmp=com.ford.syncV4.android/.activity.SyncProxyTester bnds=[641,252][843,514]} from uid 10048
07-25 14:48:38.058   867  2191 I ActivityManager: Start proc 3354:com.ford.syncV4.android/u0a150 for activity com.ford.syncV4.android/.activity.SyncProxyTester
07-25 14:48:38.424   867  1432 I ActivityManager: Start proc 3374:com.google.android.apps.turbo:aab/u0a25 for broadcast com.google.android.apps.turbo/.nudges.battery.ServiceManagerReceiver
07-25 14:48:38.850   867  1432 I ActivityManager: Killing 2848:com.android.cellbroadcastreceiver/u0a57 (adj 906): empty #17
07-25 14:48:38.904   867  1432 I ActivityManager: Start proc 3404:com.google.android.apps.wallpaper/u0a38 for broadcast com.google.android.apps.wallpaper/.module.GoogleAlarmInitializer
07-25 14:48:39.097   867   880 I ActivityManager: Start proc 3424:com.google.android.calendar/u0a109 for broadcast com.google.android.calendar/.alerts.HabitsIntentReceiver
07-25 14:48:39.097   867   880 I ActivityManager: Killing 2880:com.android.connectivity.metrics/u0a29 (adj 906): empty #17
07-25 14:48:39.720   867  2191 I ActivityManager: Start proc 3481:com.google.android.carrier/u0a31 for broadcast com.google.android.carrier/.CarrierSettingsReceiver
07-25 14:48:39.721   867  2191 I ActivityManager: Killing 2902:com.android.hotwordenrollment.okgoogle/u0a12 (adj 906): empty #17
07-25 14:48:39.978   867  2600 I ActivityManager: Start proc 3507:com.google.android.configupdater/u0a44 for broadcast com.google.android.configupdater/.MainReceiver
07-25 14:48:39.979   867  2600 I ActivityManager: Killing 2931:com.android.hotwordenrollment.tgoogle/u0a60 (adj 906): empty #17
07-25 14:48:40.247   867  2600 I ActivityManager: Start proc 3547:com.google.android.contacts/u0a8 for broadcast com.google.android.contacts/com.google.android.apps.contacts.interactions.OnBootOrUpgradeReceiver
07-25 14:48:40.248   867  2600 I ActivityManager: Killing 2956:com.android.hotwordenrollment.xgoogle/u0a23 (adj 906): empty #17
07-25 14:48:40.763   867  1428 I ActivityManager: Start proc 3572:com.google.android.deskclock/u0a78 for broadcast com.google.android.deskclock/com.android.deskclock.AlarmInitReceiver
07-25 14:48:40.765   867  1428 I ActivityManager: Killing 3011:com.android.managedprovisioning/u0a17 (adj 906): empty #17
07-25 14:48:41.305   867   880 I ActivityManager: Start proc 3596:com.google.android.gm/u0a73 for broadcast com.google.android.gm/.GoogleMailDeviceStartupReceiver
07-25 14:48:41.325   867   880 I ActivityManager: Killing 2455:com.android.printspooler/u0a72 (adj 906): empty #17
07-25 14:48:41.660   867  1428 I ActivityManager: Killing 3136:com.google.android.apps.gcs/u0a49 (adj 906): empty #17
07-25 14:48:41.701   867   893 I ActivityManager: Waited long enough for: ServiceRecord{1e58c5e u0 com.android.providers.media/.MediaScannerService}
07-25 14:48:41.853  3596  3596 D ActivityThread: Loading provider com.google.android.gm.sapi: com.google.android.gm.sapi.SapiUiProvider
07-25 14:48:42.367   867   880 W ActivityManager: Background start not allowed: service Intent { cmp=com.google.android.apps.messaging/.shared.datamodel.action.ActionExecutorImpl$EmptyService } to com.google.android.apps.messaging/.shared.datamodel.action.ActionExecutorImpl$EmptyService from pid=3253 uid=10114 pkg=com.google.android.apps.messaging
07-25 14:48:42.369   867   880 W ActivityManager: Background start not allowed: service Intent { cmp=com.google.android.apps.messaging/.shared.datamodel.action.ActionExecutorImpl$EmptyService } to com.google.android.apps.messaging/.shared.datamodel.action.ActionExecutorImpl$EmptyService from pid=3253 uid=10114 pkg=com.google.android.apps.messaging
07-25 14:48:42.650   867   880 W ActivityManager: Unable to start service Intent { cmp=com.google.android.gm/com.android.email.service.AttachmentService } U=0: not found
07-25 14:48:42.895   867  2205 W ActivityManager: Background start not allowed: service Intent { cmp=com.google.android.apps.messaging/.shared.datamodel.action.ActionExecutorImpl$EmptyService } to com.google.android.apps.messaging/.shared.datamodel.action.ActionExecutorImpl$EmptyService from pid=3253 uid=10114 pkg=com.google.android.apps.messaging
07-25 14:48:42.952   867  2206 W ActivityManager: Background start not allowed: service Intent { cmp=com.google.android.apps.messaging/.shared.datamodel.action.ActionExecutorImpl$EmptyService } to com.google.android.apps.messaging/.shared.datamodel.action.ActionExecutorImpl$EmptyService from pid=3253 uid=10114 pkg=com.google.android.apps.messaging
07-25 14:48:43.028   867  2205 I ActivityManager: Start proc 3672:com.android.chrome/u0a105 for service com.android.chrome/org.chromium.chrome.browser.customtabs.CustomTabsConnectionService
07-25 14:48:43.034   867   893 W BroadcastQueue: Background execution not allowed: receiving Intent { act=com.google.android.systemui.OPA_ENABLED flg=0x10000010 (has extras) } to com.google.android.apps.nexuslauncher/.qsb.OPAStatusReceiver
07-25 14:48:43.110   867   880 I ActivityManager: Start proc 3695:com.google.android.ims/u0a36 for broadcast com.google.android.ims/.receivers.BootCompletedReceiver
07-25 14:48:43.320   867  2205 I ActivityManager: Killing 2778:com.google.android.keep/u0a126 (adj 906): empty #17
07-25 14:48:43.654   867  2190 I ActivityManager: Killing 2728:com.verizon.mips.services/u0a37 (adj 906): empty #17
07-25 14:48:43.786   867  1428 I ActivityManager: Killing 3179:com.google.android.apps.maps/u0a102 (adj 906): empty #17
07-25 14:48:44.029   867  2206 D ConnectivityService: requestNetwork for uid/pid:10036/3695 NetworkRequest [ TRACK_DEFAULT id=15, [ Capabilities: INTERNET&NOT_RESTRICTED&TRUSTED&NOT_VPN] ]
07-25 14:48:44.115   867  2191 I ActivityManager: Start proc 3759:com.google.android.gms:car/u0a22 for service com.google.android.gms/.chimera.CarBoundBrokerService
07-25 14:48:44.701   867  1432 I ActivityManager: Killing 3305:com.google.android.apps.messaging:rcs/u0a114 (adj 906): empty #17
07-25 14:48:44.826   867  2205 D ConnectivityService: ConnectivityService NetworkRequestInfo binderDied(NetworkRequest [ LISTEN id=14, [ Capabilities: INTERNET&NOT_RESTRICTED&TRUSTED&FOREGROUND] ], android.os.BinderProxy@8852ea2)
07-25 14:48:45.300   867  2190 I ActivityManager: Start proc 3831:com.google.android.apps.messaging:rcs/u0a114 for service com.google.android.apps.messaging/com.google.android.ims.service.JibeService
07-25 14:48:45.378   867  2190 I ActivityManager: Start proc 3845:com.google.android.onetimeinitializer/u0a9 for broadcast com.google.android.onetimeinitializer/.OneTimeInitializerReceiver
07-25 14:48:45.645   867  2191 I ActivityManager: Start proc 3878:com.google.android.gms.ui/u0a22 for service com.google.android.gms/.chimera.UiIntentOperationService
07-25 14:48:45.735   867  1428 I ActivityManager: Start proc 3897:com.google.android.packageinstaller/u0a59 for broadcast com.google.android.packageinstaller/com.android.packageinstaller.TemporaryFileManager
07-25 14:48:45.740   867   892 I ActivityManager: Killing 3333:com.google.android.apps.multidevice.client/u0a87 (adj 906): empty #17
07-25 14:48:45.774   867  2191 I ActivityManager: Start proc 3912:com.android.keychain/1000 for service com.android.keychain/.KeyChainService
07-25 14:48:45.877   867  1106 W ActivityManager: Unable to start service Intent { act=com.google.android.gms.drive.ApiService.RESET_AFTER_BOOT flg=0x4 cmp=com.google.android.gms/.drive.api.ApiService (has extras) } U=0: not found
07-25 14:48:45.896   867  2600 I ActivityManager: Killing 2125:com.google.android.apps.tachyon/u0a125 (adj 906): empty #17
07-25 14:48:45.984   867   880 D ConnectivityService: ConnectivityService NetworkRequestInfo binderDied(NetworkRequest [ LISTEN id=10, [ Capabilities: INTERNET&NOT_RESTRICTED&TRUSTED] ], android.os.BinderProxy@6235855)
07-25 14:48:45.993   867  1623 I ActivityManager: Start proc 3942:com.android.vending:instant_app_installer/u0a52 for service com.android.vending/com.google.android.finsky.instantapps.statussync.StatusSyncService
07-25 14:48:46.071   867   880 I ActivityManager: Killing 3404:com.google.android.apps.wallpaper/u0a38 (adj 906): empty #17
07-25 14:48:46.644   867  2600 I ActivityManager: Start proc 4011:com.google.android.storagemanager/u0a32 for broadcast com.google.android.storagemanager/com.android.storagemanager.automatic.AutomaticStorageBroadcastReceiver
07-25 14:48:46.946   867  1594 I ActivityManager: Start proc 4038:com.google.process.gapps/u0a63 for broadcast com.google.android.syncadapters.contacts/.ContactsSyncAdapterBroadcastReceiver
07-25 14:48:47.194   867  2191 I ActivityManager: Killing 3424:com.google.android.calendar/u0a109 (adj 906): empty #17
07-25 14:48:47.302   867  2206 I ActivityManager: Start proc 4070:com.google.android.youtube/u0a90 for broadcast com.google.android.youtube/com.google.android.libraries.youtube.mdx.background.MdxBackgroundScanBootReceiver
07-25 14:48:47.395   867  1428 I ActivityManager: Killing 3481:com.google.android.carrier/u0a31 (adj 906): empty #17
07-25 14:48:47.750   867  1596 I ActivityManager: START u0 {act=android.bluetooth.adapter.action.REQUEST_DISCOVERABLE cmp=com.android.settings/.bluetooth.RequestPermissionActivity (has extras)} from uid 10150
07-25 14:48:47.797   867  1596 I ActivityManager: Start proc 4119:com.android.settings/1000 for activity com.android.settings/.bluetooth.RequestPermissionActivity
07-25 14:48:49.010   867  2205 I ActivityManager: Killing 3507:com.google.android.configupdater/u0a44 (adj 906): empty #17
07-25 14:48:49.181   867  1594 I ActivityManager: Killing 3547:com.google.android.contacts/u0a8 (adj 906): empty #17
07-25 14:48:49.751   867  1596 D BluetoothManagerService: Registered for death of com.google.android.gms
07-25 14:48:49.751   867  1596 D BluetoothManagerService: 1 registered Ble Apps
07-25 14:48:50.389   867  2205 I ActivityManager: Killing 3572:com.google.android.deskclock/u0a78 (adj 906): empty #17
07-25 14:48:50.927   867  2205 W ActivityManager: Slow operation: 510ms so far, now at startProcess: returned from zygote!
07-25 14:48:50.927   867  2205 W ActivityManager: Slow operation: 510ms so far, now at startProcess: done updating battery stats
07-25 14:48:50.927   867  2205 W ActivityManager: Slow operation: 510ms so far, now at startProcess: building log message
07-25 14:48:50.927   867  2205 I ActivityManager: Start proc 4264:com.qualcomm.telephony/1000 for broadcast com.qualcomm.atfwd/.AtFwdAutoboot
07-25 14:48:50.927   867  2205 W ActivityManager: Slow operation: 510ms so far, now at startProcess: starting to update pids map
07-25 14:48:50.927   867  2205 W ActivityManager: Slow operation: 510ms so far, now at startProcess: done updating pids map
07-25 14:48:50.927   867  2205 W ActivityManager: Slow operation: 510ms so far, now at startProcess: done starting proc!
07-25 14:48:51.031   867  1594 W ActivityManager: Slow operation: 103ms so far, now at startProcess: returned from zygote!
07-25 14:48:51.032   867  1594 W ActivityManager: Slow operation: 103ms so far, now at startProcess: done updating battery stats
07-25 14:48:51.032   867  1594 W ActivityManager: Slow operation: 104ms so far, now at startProcess: building log message
07-25 14:48:51.032   867  1594 I ActivityManager: Start proc 4282:com.qualcomm.qcrilmsgtunnel/1001 for service com.qualcomm.qcrilmsgtunnel/.QcrilMsgTunnelService
07-25 14:48:51.032   867  1594 W ActivityManager: Slow operation: 104ms so far, now at startProcess: starting to update pids map
07-25 14:48:51.032   867  1594 W ActivityManager: Slow operation: 104ms so far, now at startProcess: done updating pids map
07-25 14:48:51.032   867  1594 W ActivityManager: Slow operation: 104ms so far, now at startProcess: done starting proc!
07-25 14:48:51.228  4264  4264 W ContextImpl: Calling a method in the system process without a qualified user: android.app.ContextImpl.startService:1476 android.content.ContextWrapper.startService:650 android.content.ContextWrapper.startService:650 com.qualcomm.atfwd.AtFwdAutoboot.onReceive:24 android.app.ActivityThread.handleReceiver:3187 
07-25 14:48:51.258   867  1596 I ActivityManager: Start proc 4301:com.qualcomm.embms/u0a118 for broadcast com.qualcomm.embms/.EmbmsBootReceiver
07-25 14:48:51.498   867  1596 I ActivityManager: Start proc 4323:com.qualcomm.embms:remote/u0a118 for service com.qualcomm.embms/.EmbmsService
07-25 14:48:51.503   867  1596 I ActivityManager: Killing 2626:com.google.android.dialer/u0a34 (adj 906): empty #17
07-25 14:48:51.571   867  1594 I ActivityManager: Start proc 4336:com.qualcomm.ltebc_vzw/u0a120 for broadcast com.qualcomm.ltebc_vzw/.LTEBroadcastReceiver
07-25 14:48:51.923   867  1596 I ActivityManager: Killing 2373:com.google.android.apps.photos/u0a64 (adj 906): empty #17
07-25 14:48:52.477   867  1624 I ActivityManager: Start proc 4359:com.verizon.mips.services/u0a37 for broadcast com.verizon.mips.services/com.verizon.mips.selfdiagnostic.receiver.DHCBootCompleteReceiver
07-25 14:48:52.945   867  1596 I ActivityManager: Start proc 4401:org.codeaurora.ims/1001 for broadcast org.codeaurora.ims/.WifiCallingQuickSettingsReceiver
07-25 14:48:53.206   867  1623 W BroadcastQueue: Permission Denial: receiving Intent { act=android.intent.action.BOOT_COMPLETED flg=0x9000010 (has extras) } to com.applink.antelope/.receivers.SdlReceiver requires android.permission.RECEIVE_BOOT_COMPLETED due to sender null (uid 1000)
07-25 14:48:53.207   867  1623 I ActivityManager: Killing 3596:com.google.android.gm/u0a73 (adj 906): empty #17
07-25 14:48:53.207   867   893 W BroadcastQueue: Permission Denial: receiving Intent { act=android.intent.action.BOOT_COMPLETED flg=0x9000010 (has extras) } to com.ford.syncV4.android/.receivers.SyncReceiver requires android.permission.RECEIVE_BOOT_COMPLETED due to sender null (uid 1000)
07-25 14:48:53.220   867   893 I ActivityManager: Start proc 4418:com.google.android.apps.tachyon/u0a125 for broadcast com.google.android.apps.tachyon/.BootReceiver
07-25 14:48:53.712   867   893 I ActivityManager: Waited long enough for: ServiceRecord{f3df57d u0 com.google.android.apps.turbo/.nudges.battery.BatteryChangedService}
07-25 14:48:53.740   867  1624 I ActivityManager: Killing 2976:com.google.android.play.games.ui/u0a22 (adj 906): empty #17
07-25 14:48:53.924   867   880 I ActivityManager: Start proc 4466:com.google.android.keep/u0a126 for broadcast com.google.android.keep/.notification.ReminderNotificationReceiver
07-25 14:48:53.924   867   880 I ActivityManager: Killing 3672:com.android.chrome/u0a105 (adj 906): empty #17
07-25 14:48:54.490   867  2190 I ActivityManager: Killing 3759:com.google.android.gms:car/u0a22 (adj 906): empty #17
07-25 14:48:54.685   867   880 I ActivityManager: Start proc 4495:com.google.android.vr.home/u0a123 for broadcast com.google.android.vr.home/com.google.android.apps.vr.home.app.BootCompleteReceiver
07-25 14:48:54.738   867  2205 I ActivityManager: Killing 3253:com.google.android.apps.messaging/u0a114 (adj 906): empty #17
07-25 14:48:55.238   867  4269 I ActivityManager: Start proc 4515:com.google.vr.vrcore/u0a71 for content provider com.google.vr.vrcore/.settings.VrSettingsProvider
07-25 14:48:55.818   867  1432 W ActivityManager: Permission Denial: opening provider com.google.android.gsf.gservices.GservicesProvider from ProcessRecord{89997b 4515:com.google.vr.vrcore/u0a71} (pid=4515, uid=10071) requires com.google.android.providers.gsf.permission.READ_GSERVICES or com.google.android.providers.gsf.permission.WRITE_GSERVICES
07-25 14:48:55.870   867  4269 W ActivityManager: Permission Denial: opening provider com.google.android.gsf.gservices.GservicesProvider from ProcessRecord{89997b 4515:com.google.vr.vrcore/u0a71} (pid=4515, uid=10071) requires com.google.android.providers.gsf.permission.READ_GSERVICES or com.google.android.providers.gsf.permission.WRITE_GSERVICES
07-25 14:48:56.213   867  4269 I ActivityManager: Killing 3845:com.google.android.onetimeinitializer/u0a9 (adj 906): empty #17
07-25 14:48:56.303   867  1432 I ActivityManager: Finished processing BOOT_COMPLETED for u0
07-25 14:48:56.345   867  1432 I ActivityManager: Start proc 4551:com.android.sdm.plugins.sprintdm/1001 for broadcast com.android.sdm.plugins.sprintdm/.SprintDMReceiver
07-25 14:48:56.348   867   900 E BatteryExternalStatsWorker: modem info is invalid: ModemActivityInfo{ mTimestamp=0 mSleepTimeMs=0 mIdleTimeMs=0 mTxTimeMs[]=[0, 0, 0, 0, 0] mRxTimeMs=0 mEnergyUsed=0}
--------- beginning of crash
07-25 14:48:56.390  3354  3354 E AndroidRuntime: FATAL EXCEPTION: main
07-25 14:48:56.390  3354  3354 E AndroidRuntime: Process: com.ford.syncV4.android, PID: 3354
07-25 14:48:56.390  3354  3354 E AndroidRuntime: java.lang.NullPointerException: Attempt to invoke virtual method 'java.util.Iterator java.util.ArrayList.iterator()' on a null object reference
07-25 14:48:56.390  3354  3354 E AndroidRuntime: 	at com.smartdevicelink.protocol.WiProProtocol$MessageFrameAssembler.handleControlFrame(WiProProtocol.java:751)
07-25 14:48:56.390  3354  3354 E AndroidRuntime: 	at com.smartdevicelink.protocol.WiProProtocol$MessageFrameAssembler.handleFrame(WiProProtocol.java:659)
07-25 14:48:56.390  3354  3354 E AndroidRuntime: 	at com.smartdevicelink.protocol.WiProProtocol.handlePacketReceived(WiProProtocol.java:531)
07-25 14:48:56.390  3354  3354 E AndroidRuntime: 	at com.smartdevicelink.SdlConnection.SdlSession.onPacketReceived(SdlSession.java:518)
07-25 14:48:56.390  3354  3354 E AndroidRuntime: 	at com.smartdevicelink.transport.TransportManager$LegacyBluetoothHandler.handleMessage(TransportManager.java:281)
07-25 14:48:56.390  3354  3354 E AndroidRuntime: 	at android.os.Handler.dispatchMessage(Handler.java:106)
07-25 14:48:56.390  3354  3354 E AndroidRuntime: 	at android.os.Looper.loop(Looper.java:164)
07-25 14:48:56.390  3354  3354 E AndroidRuntime: 	at android.app.ActivityThread.main(ActivityThread.java:6494)
07-25 14:48:56.390  3354  3354 E AndroidRuntime: 	at java.lang.reflect.Method.invoke(Native Method)
07-25 14:48:56.390  3354  3354 E AndroidRuntime: 	at com.android.internal.os.RuntimeInit$MethodAndArgsCaller.run(RuntimeInit.java:438)
07-25 14:48:56.390  3354  3354 E AndroidRuntime: 	at com.android.internal.os.ZygoteInit.main(ZygoteInit.java:807)
07-25 14:48:56.405   867  1432 I ActivityManager: Killing 3878:com.google.android.gms.ui/u0a22 (adj 906): empty #17
07-25 14:48:56.445   867  1594 W ActivityManager:   Force finishing activity com.ford.syncV4.android/.activity.SyncProxyTester
07-25 14:48:56.453   867   894 I ActivityManager: Showing crash dialog for package com.ford.syncV4.android u0
07-25 14:48:56.484   867  4269 I ActivityManager: Start proc 4568:com.google.android.carriersetup/u0a35 for broadcast com.google.android.carriersetup/.VzwActivationReceiver
07-25 14:48:56.487   867  4269 I ActivityManager: Killing 3897:com.google.android.packageinstaller/u0a59 (adj 906): empty #17
07-25 14:48:56.695   867  2205 I ActivityManager: Killing 3912:com.android.keychain/1000 (adj 906): empty #17
07-25 14:48:56.735   867  4269 I ActivityManager: Start proc 4591:com.google.android.wfcactivation/u0a55 for broadcast com.google.android.wfcactivation/.VzwVoWiFiReceiver
07-25 14:48:56.857   867  1596 I ActivityManager: Start proc 4612:com.htc.omadm.trigger/1001 for broadcast com.htc.omadm.trigger/.SIMChangedReceiver
07-25 14:48:56.857   867  1596 I ActivityManager: Killing 2814:com.google.android.music:main/u0a113 (adj 906): empty #17
07-25 14:48:56.886   867   894 W Looper  : Dispatch took 361ms on android.ui, h=Handler (android.view.Choreographer$FrameHandler) {3f913a5} cb=android.view.Choreographer$FrameDisplayEventReceiver@ba7d37a msg=0
07-25 14:48:56.947   867   893 W ActivityManager: Activity pause timeout for ActivityRecord{93fd43f u0 com.ford.syncV4.android/.activity.SyncProxyTester t526 f}
07-25 14:48:57.021   867  1624 I ActivityManager: Killing 4011:com.google.android.storagemanager/u0a32 (adj 906): empty #17
07-25 14:48:57.370   867  1623 I ActivityManager: Process com.qualcomm.ltebc_vzw (pid 4336) has died: fore SVC 
07-25 14:48:57.747   867  2190 I ActivityManager: Start proc 4639:com.google.android.gms.learning/u0a22 for service com.google.android.gms/.learning.training.background.TrainingGcmTaskService
07-25 14:48:57.868   867  1596 I ActivityManager: Start proc 4656:com.google.android.apps.messaging/u0a114 for service com.google.android.apps.messaging/.rcsmigration.RcsMigrationService
07-25 14:48:57.941   867   867 I Telecom : DefaultDialerCache: Refreshing default dialer for user 0: now com.google.android.dialer: DDC.oR@ACw
07-25 14:48:58.408   867  4279 W ActivityManager: Background start not allowed: service Intent { act=com.google.firebase.INSTANCE_ID_EVENT pkg=com.google.android.apps.messaging cmp=com.google.android.apps.messaging/.fcm.BugleFirebaseInstanceIDService (has extras) } to com.google.android.apps.messaging/.fcm.BugleFirebaseInstanceIDService from pid=4656 uid=10114 pkg=com.google.android.apps.messaging
07-25 14:48:58.556   867  2600 W ActivityManager: Background start not allowed: service Intent { cmp=com.google.android.apps.messaging/.shared.datamodel.action.ActionExecutorImpl$EmptyService } to com.google.android.apps.messaging/.shared.datamodel.action.ActionExecutorImpl$EmptyService from pid=4656 uid=10114 pkg=com.google.android.apps.messaging
07-25 14:48:58.639   867  2206 I ActivityManager: Killing 4038:com.google.process.gapps/u0a63 (adj 906): empty #17
07-25 14:48:58.772   867  2205 W ActivityManager: Background start not allowed: service Intent { cmp=com.google.android.apps.messaging/.shared.datamodel.action.ActionExecutorImpl$EmptyService } to com.google.android.apps.messaging/.shared.datamodel.action.ActionExecutorImpl$EmptyService from pid=4656 uid=10114 pkg=com.google.android.apps.messaging
07-25 14:48:59.393   867  4279 I ActivityManager: Killing 3942:com.android.vending:instant_app_installer/u0a52 (adj 906): empty #17
07-25 14:48:59.675   867  1594 I ActivityManager: Killing 3354:com.ford.syncV4.android/u0a150 (adj 200): crash
07-25 14:48:59.675   867  1594 W ActivityManager: Scheduling restart of crashed service com.ford.syncV4.android/.service.ProxyService in 1000ms
07-25 14:48:59.723   867  1594 I ActivityManager: START u0 {act=android.intent.action.MAIN cat=[android.intent.category.LAUNCHER] flg=0x10300000 cmp=com.ford.syncV4.android/.activity.SyncProxyTester} from uid 10048
07-25 14:48:59.737   867  2600 E ActivityManager: applyOptionsLocked: Unknown animationType=0
07-25 14:48:59.749   867  2600 I ActivityManager: Start proc 4725:com.ford.syncV4.android/u0a150 for activity com.ford.syncV4.android/.activity.SyncProxyTester
07-25 14:48:59.761   867   915 W ActivityManager: setHasOverlayUi called on unknown pid: 3354
07-25 14:48:59.817   867  2600 I ActivityManager: Start proc 4740:com.google.android.apps.maps/u0a102 for broadcast com.google.android.apps.maps/com.google.android.apps.gmm.ugc.ataplace.AtAPlaceService
07-25 14:48:59.873   867  1093 W AppOps  : Finishing op nesting under-run: uid 1000 pkg android code 24 time=0 duration=0 nesting=0
07-25 14:48:59.981   867  1594 I ActivityManager: Start proc 4755:com.google.android.apps.gcs/u0a49 for service com.google.android.apps.gcs/com.google.android.flib.phenotype.services.PhenotypeExperimentCommitService
07-25 14:49:00.738   867  1594 I ActivityManager: Killing 4301:com.qualcomm.embms/u0a118 (adj 906): empty #17
07-25 14:49:02.090   867  1594 I ActivityManager: Killing 4401:org.codeaurora.ims/1001 (adj 906): empty #17
07-25 14:49:02.104   867  2600 W BroadcastQueue: Background execution not allowed: receiving Intent { act=com.google.android.music.START_DOWNLOAD_SCHEDULING flg=0x10 } to com.google.android.music/.autocache.AutoCacheSchedulingService$EnablingReceiver
07-25 14:49:02.189   867  4279 I ActivityManager: Start proc 4837:com.google.android.calendar/u0a109 for broadcast com.google.android.calendar/com.google.android.apps.calendar.config.phenotypesupport.firebase.PhenotypeBroadcastReceiver
07-25 14:49:02.809   867  1624 I ActivityManager: Killing 4418:com.google.android.apps.tachyon/u0a125 (adj 906): empty #17
07-25 14:49:02.853   867  2600 D ConnectivityService: ConnectivityService NetworkRequestInfo binderDied(NetworkRequest [ LISTEN id=17, [ Capabilities: INTERNET&NOT_RESTRICTED&TRUSTED] ], android.os.BinderProxy@73976f0)
07-25 14:49:02.862   867  1624 I ActivityManager: Start proc 4873:com.google.android.gm/u0a73 for broadcast com.google.android.gm/.widget.GmailWidgetProvider
07-25 14:49:03.259  4873  4873 D ActivityThread: Loading provider com.google.android.gm.sapi: com.google.android.gm.sapi.SapiUiProvider
07-25 14:49:03.327   867  4279 I ActivityManager: Killing 4466:com.google.android.keep/u0a126 (adj 906): empty #17
07-25 14:49:03.565   867  4279 I ActivityManager: Killing 4551:com.android.sdm.plugins.sprintdm/1001 (adj 906): empty #17
07-25 14:49:03.612   867  1624 I ActivityManager: Killing 4495:com.google.android.vr.home/u0a123 (adj 906): empty #17
07-25 14:49:04.318   867  4279 W ActivityManager: Background start not allowed: service Intent { cmp=com.google.android.apps.messaging/.shared.datamodel.action.ActionExecutorImpl$EmptyService } to com.google.android.apps.messaging/.shared.datamodel.action.ActionExecutorImpl$EmptyService from pid=4656 uid=10114 pkg=com.google.android.apps.messaging
07-25 14:49:04.322   867  4279 W ActivityManager: Background start not allowed: service Intent { cmp=com.google.android.apps.messaging/.shared.datamodel.action.ActionExecutorImpl$EmptyService } to com.google.android.apps.messaging/.shared.datamodel.action.ActionExecutorImpl$EmptyService from pid=4656 uid=10114 pkg=com.google.android.apps.messaging
07-25 14:49:04.671   867  4279 I ActivityManager: Start proc 4936:com.applink.antelope/u0a135 for broadcast com.applink.antelope/.receivers.SdlReceiver
07-25 14:49:05.264   867  1596 I ActivityManager: Killing 4119:com.android.settings/1000 (adj 906): empty #17
07-25 14:49:05.394   867   915 W ActivityManager: setHasOverlayUi called on unknown pid: 4119
07-25 14:49:05.434   867  1596 W BroadcastQueue: Background execution not allowed: receiving Intent { act=com.google.android.music.SYNC_COMPLETE flg=0x10 } to com.google.android.music/.autocache.AutoCacheSchedulingService$EnablingReceiver
07-25 14:49:05.499   867  1432 I ActivityManager: Start proc 4957:com.google.android.gms.ui/u0a22 for service com.google.android.gms/.chimera.UiIntentOperationService
07-25 14:49:05.780   867  1432 W ActivityManager: Background start not allowed: service Intent { cmp=com.google.android.apps.messaging/.shared.datamodel.action.ActionExecutorImpl$EmptyService } to com.google.android.apps.messaging/.shared.datamodel.action.ActionExecutorImpl$EmptyService from pid=4656 uid=10114 pkg=com.google.android.apps.messaging
07-25 14:49:05.827   867   892 I ActivityManager: Start proc 4984:com.google.android.keep/u0a126 for service com.google.android.keep/.syncadapter.KeepSyncAdapterService
07-25 14:49:06.078   867  1432 W AppOps  : Bad call: specified package com.google.android.gms under uid 10126 but it is really 10022
07-25 14:49:06.078   867  1432 W AppOps  : java.lang.RuntimeException: here
07-25 14:49:06.078   867  1432 W AppOps  : 	at com.android.server.AppOpsService.getOpsRawLocked(AppOpsService.java:1322)
07-25 14:49:06.078   867  1432 W AppOps  : 	at com.android.server.AppOpsService.checkPackage(AppOpsService.java:1041)
07-25 14:49:06.078   867  1432 W AppOps  : 	at com.android.internal.app.IAppOpsService$Stub.onTransact(IAppOpsService.java:169)
07-25 14:49:06.078   867  1432 W AppOps  : 	at android.os.Binder.execTransact(Binder.java:697)
07-25 14:49:06.230   867   893 I ActivityManager: Waited long enough for: ServiceRecord{56bd29a u0 com.qualcomm.atfwd/.AtFwdService}
07-25 14:49:06.425   867  1624 I ActivityManager: Killing 2535:android.process.acore/u0a6 (adj 906): empty #17
07-25 14:49:06.600   867  1432 I ActivityManager: Killing 4359:com.verizon.mips.services/u0a37 (adj 906): empty #17
07-25 14:49:09.341   867   867 I ActivityManager: Start proc 5043:com.google.android.apps.photos/u0a64 for service com.google.android.apps.photos/com.google.android.libraries.social.mediamonitor.MediaMonitorJobSchedulerService
07-25 14:49:09.383   867  4269 I ActivityManager: Killing 4568:com.google.android.carriersetup/u0a35 (adj 906): empty #17
07-25 14:49:09.651   867  4269 I ActivityManager: Killing 2395:com.google.android.partnersetup/u0a20 (adj 906): empty #17
07-25 14:49:16.709   867  1432 I ActivityManager: Killing 4515:com.google.vr.vrcore/u0a71 (adj 906): empty #17
07-25 14:49:17.348   867   892 I ActivityManager: Start proc 5110:com.google.android.music:main/u0a113 for service com.google.android.music/.sync.SyncAdapterService
07-25 14:49:19.318   867   880 I ActivityManager: Killing 4591:com.google.android.wfcactivation/u0a55 (adj 906): empty #17
07-25 14:49:22.466  4725  4725 E AndroidRuntime: FATAL EXCEPTION: main
07-25 14:49:22.466  4725  4725 E AndroidRuntime: Process: com.ford.syncV4.android, PID: 4725
07-25 14:49:22.466  4725  4725 E AndroidRuntime: java.lang.NullPointerException: Attempt to invoke virtual method 'java.util.Iterator java.util.ArrayList.iterator()' on a null object reference
07-25 14:49:22.466  4725  4725 E AndroidRuntime: 	at com.smartdevicelink.protocol.WiProProtocol$MessageFrameAssembler.handleControlFrame(WiProProtocol.java:751)
07-25 14:49:22.466  4725  4725 E AndroidRuntime: 	at com.smartdevicelink.protocol.WiProProtocol$MessageFrameAssembler.handleFrame(WiProProtocol.java:659)
07-25 14:49:22.466  4725  4725 E AndroidRuntime: 	at com.smartdevicelink.protocol.WiProProtocol.handlePacketReceived(WiProProtocol.java:531)
07-25 14:49:22.466  4725  4725 E AndroidRuntime: 	at com.smartdevicelink.SdlConnection.SdlSession.onPacketReceived(SdlSession.java:518)
07-25 14:49:22.466  4725  4725 E AndroidRuntime: 	at com.smartdevicelink.transport.TransportManager$LegacyBluetoothHandler.handleMessage(TransportManager.java:281)
07-25 14:49:22.466  4725  4725 E AndroidRuntime: 	at android.os.Handler.dispatchMessage(Handler.java:106)
07-25 14:49:22.466  4725  4725 E AndroidRuntime: 	at android.os.Looper.loop(Looper.java:164)
07-25 14:49:22.466  4725  4725 E AndroidRuntime: 	at android.app.ActivityThread.main(ActivityThread.java:6494)
07-25 14:49:22.466  4725  4725 E AndroidRuntime: 	at java.lang.reflect.Method.invoke(Native Method)
07-25 14:49:22.466  4725  4725 E AndroidRuntime: 	at com.android.internal.os.RuntimeInit$MethodAndArgsCaller.run(RuntimeInit.java:438)
07-25 14:49:22.466  4725  4725 E AndroidRuntime: 	at com.android.internal.os.ZygoteInit.main(ZygoteInit.java:807)
07-25 14:49:22.562   867  4279 W ActivityManager:   Force finishing activity com.ford.syncV4.android/.activity.SyncProxyTester
07-25 14:49:22.567   867   894 I ActivityManager: Showing crash dialog for package com.ford.syncV4.android u0
07-25 14:49:22.573   867   880 I ActivityManager: Killing 4612:com.htc.omadm.trigger/1001 (adj 906): empty #17
07-25 14:49:23.064   867   893 W ActivityManager: Activity pause timeout for ActivityRecord{ee124b1 u0 com.ford.syncV4.android/.activity.SyncProxyTester t526 f}
07-25 14:49:26.722   867  4279 I ActivityManager: Killing 4725:com.ford.syncV4.android/u0a150 (adj 200): crash
07-25 14:49:26.723   867  4279 W ActivityManager: Scheduling restart of crashed service com.ford.syncV4.android/.service.ProxyService in 1800000ms
07-25 14:49:26.761   867  4279 I ActivityManager: START u0 {act=android.intent.action.MAIN cat=[android.intent.category.LAUNCHER] flg=0x10300000 cmp=com.ford.syncV4.android/.activity.SyncProxyTester} from uid 10048
07-25 14:49:26.777   867  1594 E ActivityManager: applyOptionsLocked: Unknown animationType=0
07-25 14:49:26.788   867  1594 I ActivityManager: Start proc 5203:com.ford.syncV4.android/u0a150 for activity com.ford.syncV4.android/.activity.SyncProxyTester
07-25 14:49:26.793   867   915 W ActivityManager: setHasOverlayUi called on unknown pid: 4725
07-25 14:49:26.925   867  1093 W AppOps  : Finishing op nesting under-run: uid 1000 pkg android code 24 time=0 duration=0 nesting=0
07-25 14:49:28.126   867  4279 W BroadcastQueue: Background execution not allowed: receiving Intent { act=com.google.android.music.SYNC_COMPLETE flg=0x10 } to com.google.android.music/.autocache.AutoCacheSchedulingService$EnablingReceiver
07-25 14:49:29.847   867  4279 I ActivityManager: Killing 4323:com.qualcomm.embms:remote/u0a118 (adj 906): empty #17
07-25 14:49:30.008   867  4279 W BroadcastQueue: Background execution not allowed: receiving Intent { act=com.google.android.music.START_DOWNLOAD_SCHEDULING flg=0x10 } to com.google.android.music/.autocache.AutoCacheSchedulingService$EnablingReceiver
07-25 14:49:33.490   867   881 I ActivityManager: Process com.ford.syncV4.android (pid 5203) has died: vis  +99TOP 
07-25 14:49:33.505   867  2191 W WindowManager: Failed looking up window callers=com.android.server.wm.WindowManagerService.windowForClientLocked:5797 com.android.server.wm.WindowState$DeathRecipient.binderDied:2385 android.os.BinderProxy.sendDeathNotice:844 
07-25 14:49:33.505   867  2191 I WindowManager: WIN DEATH: null
07-25 14:49:33.515   867   915 W ActivityManager: setHasOverlayUi called on unknown pid: 5203
07-25 14:49:35.499   867  2206 I ActivityManager: START u0 {act=android.intent.action.MAIN cat=[android.intent.category.LAUNCHER] flg=0x10200000 cmp=com.android.settings/.Settings bnds=[237,252][439,514]} from uid 10048
07-25 14:49:35.521   867   880 I ActivityManager: Start proc 5265:com.android.settings/1000 for activity com.android.settings/.Settings
07-25 14:49:37.247   867  2206 I ActivityManager: START u0 {flg=0x8000 cmp=com.android.settings/.Settings$AppAndNotificationDashboardActivity (has extras)} from uid 1000
07-25 14:49:37.341   867   880 E UserRestrictionsUtils: Unknown restriction: null
07-25 14:49:38.040   867   893 I ActivityManager: Killing 4639:com.google.android.gms.learning/u0a22 (adj 906): empty #17
