07-25 15:45:46.331  8055  8055 I com.ford.syncV4.android.receivers.SyncReceiver: Received Intent with action: android.bluetooth.device.action.ACL_DISCONNECTED
07-25 15:45:47.568   686  1328 E APM::AudioPolicyEngine: getDeviceForInputSource() no default device defined
07-25 15:45:47.569   686  1328 W APM_AudioPolicyManager: getInputForAttr() could not find device for source 1999
07-25 15:45:47.575  2138  8036 I chatty  : uid=10041(com.google.android.googlequicksearchbox) HotwordDetector expire 8 lines
07-25 15:45:47.580  2138  7394 I chatty  : uid=10041(com.google.android.googlequicksearchbox) NonUserFacing18 expire 10 lines
07-25 15:45:49.819   659   883 I nanohub : osLog: [AR_CHRE] still: 57
07-25 15:45:50.651  1395  1842 I chatty  : uid=1002(bluetooth) BluetoothAvrcpH expire 5 lines
07-25 15:45:52.297   867   893 I ActivityManager: Waited long enough for: ServiceRecord{1bb345a u0 com.ford.syncV4.android/.service.ProxyService}
07-25 15:45:52.633   686  1328 E APM::AudioPolicyEngine: getDeviceForInputSource() no default device defined
07-25 15:45:52.634   686  1328 W APM_AudioPolicyManager: getInputForAttr() could not find device for source 1999
07-25 15:45:52.647  2138  7422 I chatty  : uid=10041(com.google.android.googlequicksearchbox) NonUserFacing20 expire 12 lines
07-25 15:45:53.489   659   883 I nanohub : osLog: [AR_CHRE] still: 100
07-25 15:45:54.818  1395  1835 I chatty  : uid=1002(bluetooth) btu message loo expire 2 lines
07-25 15:45:54.820  1395  1500 I chatty  : uid=1002(bluetooth) BT Service Call expire 1 line
07-25 15:45:54.917  2096  2096 I TrustAgent.Tracker: [BluetoothConnectionTracker] Bluetooth connect broadast for raspberrypi3 B8:27:EB:06:5B:07
07-25 15:45:55.642  1395  1842 I chatty  : uid=1002(bluetooth) BluetoothAvrcpH expire 2 lines
07-25 15:45:55.998  8055  8055 D Sdl Broadcast Receiver: Check for local router
07-25 15:45:55.999  8055  8055 D Sdl Broadcast Receiver: attempting to wake up router service
07-25 15:45:56.034  8055  8055 I com.ford.syncV4.android.receivers.SyncReceiver: Received Intent with action: android.bluetooth.device.action.ACL_CONNECTED
07-25 15:45:56.041  8055  8055 E com.ford.syncV4.android.receivers.SyncReceiver: SDL Enabled
07-25 15:45:56.059  8055  8055 D Value of intent.getStringExtra() / intent.getStringExtra() is: : ALL / ALL
07-25 15:45:57.161   659   883 I nanohub : osLog: [AR_CHRE] still: 100
07-25 15:45:57.224  1395  1835 I chatty  : uid=1002(bluetooth) btu message loo expire 1 line
07-25 15:45:57.226  1395  1500 I chatty  : uid=1002(bluetooth) BT Service Call expire 1 line
07-25 15:45:57.241  1395  1395 I chatty  : uid=1002(bluetooth) com.android.bluetooth expire 5 lines
07-25 15:45:57.259  2096  2096 I TrustAgent.Tracker: [BluetoothConnectionTracker] Bluetooth disconnect broadast for raspberrypi3 B8:27:EB:06:5B:07
07-25 15:45:57.669  1395  1842 I chatty  : uid=1002(bluetooth) BluetoothAvrcpH expire 10 lines
07-25 15:45:57.672  2138  2138 I chatty  : uid=10041 com.google.android.googlequicksearchbox:search expire 26 lines
07-25 15:45:57.700   686  1328 E APM::AudioPolicyEngine: getDeviceForInputSource() no default device defined
07-25 15:45:57.700   686  1328 W APM_AudioPolicyManager: getInputForAttr() could not find device for source 1999
07-25 15:45:58.180  8055  8055 D Sdl Broadcast Receiver: No SDL Router Services found
07-25 15:45:58.180  8055  8055 D Sdl Broadcast Receiver: WARNING: This application has not specified its SdlRouterService correctly in the manifest. THIS WILL THROW AN EXCEPTION IN FUTURE RELEASES!!
07-25 15:46:00.833   659   883 I nanohub : osLog: [AR_CHRE] still: 100
07-25 15:46:02.762  2138  7417 I chatty  : uid=10041(com.google.android.googlequicksearchbox) UserFacing25 expire 12 lines
07-25 15:46:02.769   686  1328 E APM::AudioPolicyEngine: getDeviceForInputSource() no default device defined
07-25 15:46:02.769   686  1328 W APM_AudioPolicyManager: getInputForAttr() could not find device for source 1999
07-25 15:46:02.890  2138  2148 I chatty  : uid=10041(com.google.android.googlequicksearchbox) HeapTaskDaemon expire 1 line
07-25 15:46:04.506   659   883 I nanohub : osLog: [AR_CHRE] still: 100
07-25 15:46:06.303  1395  1835 I chatty  : uid=1002(bluetooth) btu message loo expire 3 lines
07-25 15:46:06.304  1395  1500 I chatty  : uid=1002(bluetooth) BT Service Call expire 4 lines
07-25 15:46:06.336  8055  8055 I com.ford.syncV4.android.receivers.SyncReceiver: Received Intent with action: android.bluetooth.device.action.ACL_DISCONNECTED
07-25 15:46:06.369  2096  2096 I TrustAgent.Tracker: [BluetoothConnectionTracker] Bluetooth connect broadast for raspberrypi3 B8:27:EB:06:5B:07
07-25 15:46:06.482  3054  3823 I Finsky  : [74] com.google.android.finsky.contentfilterui.m.a(13): Received content filters request from sharedUserId=com.google.uid.shared:10022
07-25 15:46:06.490  2096  2096 W ChimeraUtils: Non Chimera context
07-25 15:46:06.490  2096  2096 W ChimeraUtils: Non Chimera context
07-25 15:46:06.786  2096  5432 W Conscrypt: Could not set socket write timeout: java.lang.reflect.InvocationTargetException
07-25 15:46:06.788  2096  5432 W Conscrypt: 	at java.lang.reflect.Method.invoke(Native Method)
07-25 15:46:06.789  2096  5432 W Conscrypt: 	at com.google.android.gms.org.conscrypt.Platform.setSocketWriteTimeout(:com.google.android.gms@12874032@12.8.74 (090400-204998136):13)
07-25 15:46:06.789  2096  5432 W Conscrypt: Caused by: android.system.ErrnoException: setsockopt failed: EBADF (Bad file descriptor)
07-25 15:46:06.790  2096  5432 W Conscrypt: 	at libcore.io.Linux.setsockoptTimeval(Native Method)
07-25 15:46:06.790  2096  5432 W Conscrypt: 	at libcore.io.ForwardingOs.setsockoptTimeval(ForwardingOs.java:175)
07-25 15:46:06.969  2096  5432 W Conscrypt: Could not set socket write timeout: java.lang.reflect.InvocationTargetException
07-25 15:46:06.970  2096  5432 W Conscrypt: 	at java.lang.reflect.Method.invoke(Native Method)
07-25 15:46:06.970  2096  5432 W Conscrypt: 	at com.google.android.gms.org.conscrypt.Platform.setSocketWriteTimeout(:com.google.android.gms@12874032@12.8.74 (090400-204998136):13)
07-25 15:46:06.970  2096  5432 W Conscrypt: Caused by: android.system.ErrnoException: setsockopt failed: EBADF (Bad file descriptor)
07-25 15:46:06.970  2096  5432 W Conscrypt: 	at libcore.io.Linux.setsockoptTimeval(Native Method)
07-25 15:46:06.970  2096  5432 W Conscrypt: 	at libcore.io.ForwardingOs.setsockoptTimeval(ForwardingOs.java:175)
07-25 15:46:07.437  8055  8055 D Sdl Broadcast Receiver: Check for local router
07-25 15:46:07.437  8055  8055 D Sdl Broadcast Receiver: attempting to wake up router service
07-25 15:46:07.467  8055  8055 I com.ford.syncV4.android.receivers.SyncReceiver: Received Intent with action: android.bluetooth.device.action.ACL_CONNECTED
07-25 15:46:07.473  8055  8055 E com.ford.syncV4.android.receivers.SyncReceiver: SDL Enabled
07-25 15:46:07.484  8055  8055 D Value of intent.getStringExtra() / intent.getStringExtra() is: : ALL / ALL
07-25 15:46:07.834   686  1328 E APM::AudioPolicyEngine: getDeviceForInputSource() no default device defined
07-25 15:46:07.834   686  1328 W APM_AudioPolicyManager: getInputForAttr() could not find device for source 1999
07-25 15:46:07.838  2138  7422 I chatty  : uid=10041(com.google.android.googlequicksearchbox) NonUserFacing20 expire 13 lines
07-25 15:46:08.177   659   883 I nanohub : osLog: [AR_CHRE] still: 100
07-25 15:46:08.683  1395  1842 I chatty  : uid=1002(bluetooth) BluetoothAvrcpH expire 11 lines
07-25 15:46:08.684  1395  1395 I chatty  : uid=1002(bluetooth) com.android.bluetooth expire 5 lines
07-25 15:46:08.694  2096  2096 I TrustAgent.Tracker: [BluetoothConnectionTracker] Bluetooth disconnect broadast for raspberrypi3 B8:27:EB:06:5B:07
07-25 15:46:08.769  2096  8113 I InstantApps: DomainFilterImpl: Domain filter response size: 368406
07-25 15:46:08.774  2096  8113 I zygote64: Deoptimizing boolean vy.add(java.lang.Object) due to JIT inline cache
07-25 15:46:09.614  8055  8055 D Sdl Broadcast Receiver: No SDL Router Services found
07-25 15:46:09.615  8055  8055 D Sdl Broadcast Receiver: WARNING: This application has not specified its SdlRouterService correctly in the manifest. THIS WILL THROW AN EXCEPTION IN FUTURE RELEASES!!
07-25 15:46:11.849   659   883 I nanohub : osLog: [AR_CHRE] still: 100
07-25 15:46:12.902  2138  7394 I chatty  : uid=10041(com.google.android.googlequicksearchbox) NonUserFacing18 expire 17 lines
07-25 15:46:12.912   686  1328 E APM::AudioPolicyEngine: getDeviceForInputSource() no default device defined
07-25 15:46:12.912   686  1328 W APM_AudioPolicyManager: getInputForAttr() could not find device for source 1999
07-25 15:46:12.913  2138  7417 I chatty  : uid=10041(com.google.android.googlequicksearchbox) UserFacing25 expire 11 lines
07-25 15:46:13.220   867  1594 D WificondControl: Scan result ready event
07-25 15:46:13.238   867  1155 D WificondScannerImpl: Filtering out 14 scan results.
07-25 15:46:15.520   659   883 I nanohub : osLog: [AR_CHRE] still: 100
07-25 15:46:17.732  8055  8055 I com.ford.syncV4.android.receivers.SyncReceiver: Received Intent with action: android.bluetooth.device.action.ACL_DISCONNECTED
07-25 15:46:17.752  5265  5265 D BluetoothDiscoverableTimeoutReceiver: Disable discoverable...
07-25 15:46:17.931  2138  2138 I chatty  : uid=10041 com.google.android.googlequicksearchbox:search expire 13 lines
07-25 15:46:17.972   686  1328 E APM::AudioPolicyEngine: getDeviceForInputSource() no default device defined
07-25 15:46:17.973   686  1328 W APM_AudioPolicyManager: getInputForAttr() could not find device for source 1999
07-25 15:46:17.974  2138  7428 I chatty  : uid=10041(com.google.android.googlequicksearchbox) NonUserFacing21 expire 12 lines
07-25 15:46:19.194   659   883 I nanohub : osLog: [AR_CHRE] still: 100
07-25 15:46:22.863   659   883 I nanohub : osLog: [AR_CHRE] still: 100
07-25 15:46:23.038   686  1328 E APM::AudioPolicyEngine: getDeviceForInputSource() no default device defined
07-25 15:46:23.038   686  1328 W APM_AudioPolicyManager: getInputForAttr() could not find device for source 1999
07-25 15:46:23.039  2138  7417 I chatty  : uid=10041(com.google.android.googlequicksearchbox) UserFacing25 expire 20 lines
07-25 15:46:23.703  1395  1842 I chatty  : uid=1002(bluetooth) BluetoothAvrcpH expire 20 lines
07-25 15:46:26.536   659   883 I nanohub : osLog: [AR_CHRE] still: 100
07-25 15:46:28.108   686  1328 E APM::AudioPolicyEngine: getDeviceForInputSource() no default device defined
07-25 15:46:28.108   686  1328 W APM_AudioPolicyManager: getInputForAttr() could not find device for source 1999
07-25 15:46:28.117  2138  8036 I chatty  : uid=10041(com.google.android.googlequicksearchbox) HotwordDetector expire 10 lines
07-25 15:46:28.126  2138  2138 I chatty  : uid=10041 com.google.android.googlequicksearchbox:search expire 15 lines
07-25 15:46:28.126  2138  7422 I chatty  : uid=10041(com.google.android.googlequicksearchbox) NonUserFacing20 expire 10 lines
07-25 15:46:30.207   659   883 I nanohub : osLog: [AR_CHRE] still: 100
07-25 15:46:33.172  2138  7428 I chatty  : uid=10041(com.google.android.googlequicksearchbox) NonUserFacing21 expire 10 lines
07-25 15:46:33.182   686  1328 E APM::AudioPolicyEngine: getDeviceForInputSource() no default device defined
07-25 15:46:33.183   686  1328 W APM_AudioPolicyManager: getInputForAttr() could not find device for source 1999
07-25 15:46:33.895   659   883 I nanohub : osLog: [AR_CHRE] still: 100
07-25 15:46:33.897   659   883 I nanohub : osLog: [AR_CHRE] send to host, reason=4, sampleSize=112, transitionSize=0
07-25 15:46:33.901   867  1122 D ContextHubService: Sending message 1025 version 0 from hubHandle 0, appInstance 5, callBackCount 1
07-25 15:46:33.904   867  1119 D ContextHubService: Sending message 1025 version 0 from hubHandle 0, appInstance 5, callBackCount 1
07-25 15:46:33.908   867  1120 D ContextHubService: Sending message 1025 version 0 from hubHandle 0, appInstance 5, callBackCount 1
07-25 15:46:33.911   867  1120 I chatty  : uid=1000(system) HwBinder:867_2 identical 1 line
07-25 15:46:33.912   867  1120 D ContextHubService: Sending message 1025 version 0 from hubHandle 0, appInstance 5, callBackCount 1
07-25 15:46:33.917   867  1119 D ContextHubService: Sending message 1025 version 0 from hubHandle 0, appInstance 5, callBackCount 1
07-25 15:46:33.919   867  1120 D ContextHubService: Sending message 1025 version 0 from hubHandle 0, appInstance 5, callBackCount 1
07-25 15:46:33.920   659   883 I nanohub : osLog: [NanoMinion] sent MSG Type 0x72, Version 0, 1576 bytes, MessageId 4
07-25 15:46:33.922   867  1120 D ContextHubService: Sending message 1025 version 0 from hubHandle 0, appInstance 5, callBackCount 1
07-25 15:46:33.924   867  1120 D ContextHubService: Sending message 1025 version 0 from hubHandle 0, appInstance 5, callBackCount 1
07-25 15:46:33.926   867  1119 D ContextHubService: Sending message 1025 version 0 from hubHandle 0, appInstance 5, callBackCount 1
07-25 15:46:33.927   867  1119 D ContextHubService: Sending message 1025 version 0 from hubHandle 0, appInstance 5, callBackCount 1
07-25 15:46:33.928   867  1120 D ContextHubService: Sending message 1025 version 0 from hubHandle 0, appInstance 5, callBackCount 1
07-25 15:46:33.930   867  1120 D ContextHubService: Sending message 1025 version 0 from hubHandle 0, appInstance 5, callBackCount 1
07-25 15:46:34.731  1395  1842 I chatty  : uid=1002(bluetooth) BluetoothAvrcpH expire 11 lines
07-25 15:46:37.549   659   883 I nanohub : osLog: [AR_CHRE] still: 100
07-25 15:46:38.250   686  1328 E APM::AudioPolicyEngine: getDeviceForInputSource() no default device defined
07-25 15:46:38.250   686  1328 W APM_AudioPolicyManager: getInputForAttr() could not find device for source 1999
07-25 15:46:41.222   659   883 I nanohub : osLog: [AR_CHRE] still: 100
07-25 15:46:43.314   686  1328 E APM::AudioPolicyEngine: getDeviceForInputSource() no default device defined
07-25 15:46:43.314   686  1328 W APM_AudioPolicyManager: getInputForAttr() could not find device for source 1999
07-25 15:46:43.315  2138  7417 I chatty  : uid=10041(com.google.android.googlequicksearchbox) UserFacing25 expire 10 lines
07-25 15:46:43.327  2138  2138 I chatty  : uid=10041 com.google.android.googlequicksearchbox:search expire 10 lines
07-25 15:46:44.896   659   883 I nanohub : osLog: [AR_CHRE] still: 100
07-25 15:46:48.386   686  1328 E APM::AudioPolicyEngine: getDeviceForInputSource() no default device defined
07-25 15:46:48.386   686  1328 W APM_AudioPolicyManager: getInputForAttr() could not find device for source 1999
07-25 15:46:48.390  2138  7428 I chatty  : uid=10041(com.google.android.googlequicksearchbox) NonUserFacing21 expire 12 lines
07-25 15:46:48.538  2138  2148 I chatty  : uid=10041(com.google.android.googlequicksearchbox) HeapTaskDaemon expire 1 line
07-25 15:46:48.564   659   883 I nanohub : osLog: [AR_CHRE] still: 100
07-25 15:46:48.722  1395  1842 I chatty  : uid=1002(bluetooth) BluetoothAvrcpH expire 10 lines
07-25 15:46:52.236   659   883 I nanohub : osLog: [AR_CHRE] still: 100
07-25 15:46:53.452  2138  7394 I chatty  : uid=10041(com.google.android.googlequicksearchbox) NonUserFacing18 expire 11 lines
07-25 15:46:53.462   686  1328 E APM::AudioPolicyEngine: getDeviceForInputSource() no default device defined
07-25 15:46:53.463   686  1328 W APM_AudioPolicyManager: getInputForAttr() could not find device for source 1999
07-25 15:46:53.463  2138  7417 I chatty  : uid=10041(com.google.android.googlequicksearchbox) UserFacing25 expire 10 lines
07-25 15:46:53.481  2138  2138 I chatty  : uid=10041 com.google.android.googlequicksearchbox:search expire 10 lines
07-25 15:46:55.910   659   883 I nanohub : osLog: [AR_CHRE] still: 100
07-25 15:46:58.541   686  1328 E APM::AudioPolicyEngine: getDeviceForInputSource() no default device defined
07-25 15:46:58.541   686  1328 W APM_AudioPolicyManager: getInputForAttr() could not find device for source 1999
07-25 15:46:59.582   659   883 I nanohub : osLog: [AR_CHRE] still: 100
07-25 15:47:03.253   659   883 I nanohub : osLog: [AR_CHRE] still: 100
07-25 15:47:03.612   686  1375 E APM::AudioPolicyEngine: getDeviceForInputSource() no default device defined
07-25 15:47:03.612   686  1375 W APM_AudioPolicyManager: getInputForAttr() could not find device for source 1999
07-25 15:47:03.613  2138  7417 I chatty  : uid=10041(com.google.android.googlequicksearchbox) UserFacing25 expire 10 lines
07-25 15:47:03.616  2138  7394 I chatty  : uid=10041(com.google.android.googlequicksearchbox) NonUserFacing18 expire 4 lines
07-25 15:47:03.627  2138  2138 I chatty  : uid=10041 com.google.android.googlequicksearchbox:search expire 10 lines
07-25 15:47:03.627  2138  7428 I chatty  : uid=10041(com.google.android.googlequicksearchbox) NonUserFacing21 expire 12 lines
07-25 15:47:03.745  1395  1842 I chatty  : uid=1002(bluetooth) BluetoothAvrcpH expire 10 lines
07-25 15:47:06.924   659   883 I nanohub : osLog: [AR_CHRE] still: 100
07-25 15:47:08.682   686  1375 E APM::AudioPolicyEngine: getDeviceForInputSource() no default device defined
07-25 15:47:08.682   686  1375 W APM_AudioPolicyManager: getInputForAttr() could not find device for source 1999
07-25 15:47:10.594   659   883 I nanohub : osLog: [AR_CHRE] still: 100
07-25 15:47:13.733  2138  7422 I chatty  : uid=10041(com.google.android.googlequicksearchbox) NonUserFacing20 expire 7 lines
07-25 15:47:13.745   686  1375 E APM::AudioPolicyEngine: getDeviceForInputSource() no default device defined
07-25 15:47:13.745   686  1375 W APM_AudioPolicyManager: getInputForAttr() could not find device for source 1999
07-25 15:47:13.745  2138  7417 I chatty  : uid=10041(com.google.android.googlequicksearchbox) UserFacing25 expire 8 lines
07-25 15:47:13.749  1395  1842 I chatty  : uid=1002(bluetooth) BluetoothAvrcpH expire 5 lines
07-25 15:47:13.759  2138  2138 I chatty  : uid=10041 com.google.android.googlequicksearchbox:search expire 15 lines
07-25 15:47:14.268   659   883 I nanohub : osLog: [AR_CHRE] still: 100
07-25 15:47:17.942   659   883 I nanohub : osLog: [AR_CHRE] still: 100
07-25 15:47:18.824   686  1375 E APM::AudioPolicyEngine: getDeviceForInputSource() no default device defined
07-25 15:47:18.824   686  1375 W APM_AudioPolicyManager: getInputForAttr() could not find device for source 1999
07-25 15:47:18.826  2138  7417 I chatty  : uid=10041(com.google.android.googlequicksearchbox) UserFacing25 expire 1 line
07-25 15:47:18.828  2138  7428 I chatty  : uid=10041(com.google.android.googlequicksearchbox) NonUserFacing21 expire 4 lines
07-25 15:47:18.831  2138  8036 I chatty  : uid=10041(com.google.android.googlequicksearchbox) HotwordDetector expire 10 lines
07-25 15:47:18.837  2138  7422 I chatty  : uid=10041(com.google.android.googlequicksearchbox) NonUserFacing20 expire 12 lines
07-25 15:47:20.764  1395  1842 V Avrcp   : MSG_NATIVE_REQ_GET_PLAY_STATUS, responding with state 1 len 0 pos -1
07-25 15:47:21.611   659   883 I nanohub : osLog: [AR_CHRE] still: 100
07-25 15:47:21.764  1395  1842 V Avrcp   : MSG_NATIVE_REQ_GET_PLAY_STATUS, responding with state 1 len 0 pos -1
07-25 15:47:22.768  1395  1842 I chatty  : uid=1002(bluetooth) BluetoothAvrcpH identical 10 lines
07-25 15:47:23.761  1395  1842 V Avrcp   : MSG_NATIVE_REQ_GET_PLAY_STATUS, responding with state 1 len 0 pos -1
07-25 15:47:23.889  2138  7417 I chatty  : uid=10041(com.google.android.googlequicksearchbox) UserFacing25 expire 11 lines
07-25 15:47:23.901   686  1375 E APM::AudioPolicyEngine: getDeviceForInputSource() no default device defined
07-25 15:47:23.901   686  1375 W APM_AudioPolicyManager: getInputForAttr() could not find device for source 1999
07-25 15:47:23.911  2138  7428 I chatty  : uid=10041(com.google.android.googlequicksearchbox) NonUserFacing21 expire 12 lines
07-25 15:47:24.780  1395  1842 V Avrcp   : MSG_NATIVE_REQ_GET_PLAY_STATUS, responding with state 1 len 0 pos -1
07-25 15:47:25.283   659   883 I nanohub : osLog: [AR_CHRE] still: 100
07-25 15:47:25.762  1395  1842 V Avrcp   : MSG_NATIVE_REQ_GET_PLAY_STATUS, responding with state 1 len 0 pos -1
07-25 15:47:28.762  1395  1842 V Avrcp   : MSG_NATIVE_REQ_GET_PLAY_STATUS, responding with state 1 len 0 pos -1
07-25 15:47:28.951   659   883 I nanohub : osLog: [AR_CHRE] still: 100
07-25 15:47:28.964   686  1375 E APM::AudioPolicyEngine: getDeviceForInputSource() no default device defined
07-25 15:47:28.964   686  1375 W APM_AudioPolicyManager: getInputForAttr() could not find device for source 1999
07-25 15:47:28.975  2138  2138 I chatty  : uid=10041 com.google.android.googlequicksearchbox:search expire 10 lines
07-25 15:47:29.771  1395  1842 V Avrcp   : MSG_NATIVE_REQ_GET_PLAY_STATUS, responding with state 1 len 0 pos -1
07-25 15:47:31.784  1395  1842 V Avrcp   : MSG_NATIVE_REQ_GET_PLAY_STATUS, responding with state 1 len 0 pos -1
07-25 15:47:32.625   659   883 I nanohub : osLog: [AR_CHRE] still: 100
07-25 15:47:32.777  1395  1842 V Avrcp   : MSG_NATIVE_REQ_GET_PLAY_STATUS, responding with state 1 len 0 pos -1
07-25 15:47:33.775  1395  1842 V Avrcp   : MSG_NATIVE_REQ_GET_PLAY_STATUS, responding with state 1 len 0 pos -1
07-25 15:47:34.030   686  1375 E APM::AudioPolicyEngine: getDeviceForInputSource() no default device defined
07-25 15:47:34.031   686  1375 W APM_AudioPolicyManager: getInputForAttr() could not find device for source 1999
07-25 15:47:34.031  2138  7417 I chatty  : uid=10041(com.google.android.googlequicksearchbox) UserFacing25 expire 10 lines
07-25 15:47:34.034  2138  7422 I chatty  : uid=10041(com.google.android.googlequicksearchbox) NonUserFacing20 expire 12 lines
07-25 15:47:34.141  2138  2148 I chatty  : uid=10041(com.google.android.googlequicksearchbox) HeapTaskDaemon expire 1 line
07-25 15:47:34.772  1395  1842 V Avrcp   : MSG_NATIVE_REQ_GET_PLAY_STATUS, responding with state 1 len 0 pos -1
07-25 15:47:35.772  1395  1842 V Avrcp   : MSG_NATIVE_REQ_GET_PLAY_STATUS, responding with state 1 len 0 pos -1
07-25 15:47:36.298   659   883 I nanohub : osLog: [AR_CHRE] still: 100
07-25 15:47:36.300   659   883 I nanohub : osLog: [AR_CHRE] ON => IDLE
07-25 15:47:36.304   659   883 I nanohub : osLog: [AR_CHRE] IDLE => ON
07-25 15:47:36.772  1395  1842 V Avrcp   : MSG_NATIVE_REQ_GET_PLAY_STATUS, responding with state 1 len 0 pos -1
07-25 15:47:36.780   867  2191 D WificondControl: Scan result ready event
07-25 15:47:36.805   867  1155 D WificondScannerImpl: Filtering out 12 scan results.
07-25 15:47:36.821   867  2191 D WifiPermissionsUtil: Denied: no location permission
07-25 15:47:36.827   867  2600 D WifiPermissionsUtil: Denied: no location permission
07-25 15:47:36.841  2096  8072 W ctxmgr  : [AclManager]No 2 for (accnt=account#-517948760#, com.google.android.gms(10022):IndoorOutdoorProducer, vrsn=12874000, 0, 3pPkg = null ,  3pMdlId = null ,  pid = 2096). Was: 3 for 57, account#-517948760#
07-25 15:47:37.773  1395  1842 V Avrcp   : MSG_NATIVE_REQ_GET_PLAY_STATUS, responding with state 1 len 0 pos -1
07-25 15:47:38.773  1395  1842 V Avrcp   : MSG_NATIVE_REQ_GET_PLAY_STATUS, responding with state 1 len 0 pos -1
07-25 15:47:39.112   686  1375 E APM::AudioPolicyEngine: getDeviceForInputSource() no default device defined
07-25 15:47:39.112   686  1375 W APM_AudioPolicyManager: getInputForAttr() could not find device for source 1999
07-25 15:47:39.116  2138  7428 I chatty  : uid=10041(com.google.android.googlequicksearchbox) NonUserFacing21 expire 11 lines
07-25 15:47:39.129  2138  2138 I chatty  : uid=10041 com.google.android.googlequicksearchbox:search expire 10 lines
07-25 15:47:39.777  1827  1827 E WCNSS_FILTER: ibs_recv_ibs_cmd: Failed to Acquire SM lock- cannot handle WACK_IND requestfrom SOC - with return value: 16
07-25 15:47:39.791  1395  1842 V Avrcp   : MSG_NATIVE_REQ_GET_PLAY_STATUS, responding with state 1 len 0 pos -1
07-25 15:47:43.782  1395  1842 V Avrcp   : MSG_NATIVE_REQ_GET_PLAY_STATUS, responding with state 1 len 0 pos -1
07-25 15:47:44.187   686  1375 E APM::AudioPolicyEngine: getDeviceForInputSource() no default device defined
07-25 15:47:44.187   686  1375 W APM_AudioPolicyManager: getInputForAttr() could not find device for source 1999
07-25 15:47:44.187  2138  7417 I chatty  : uid=10041(com.google.android.googlequicksearchbox) UserFacing25 expire 10 lines
07-25 15:47:44.196  2138  7394 I chatty  : uid=10041(com.google.android.googlequicksearchbox) NonUserFacing18 expire 10 lines
07-25 15:47:44.788  1395  1842 V Avrcp   : MSG_NATIVE_REQ_GET_PLAY_STATUS, responding with state 1 len 0 pos -1
07-25 15:47:48.782  1395  1842 V Avrcp   : MSG_NATIVE_REQ_GET_PLAY_STATUS, responding with state 1 len 0 pos -1
07-25 15:47:49.240  2138  7422 I chatty  : uid=10041(com.google.android.googlequicksearchbox) NonUserFacing20 expire 11 lines
07-25 15:47:49.250   686  1375 E APM::AudioPolicyEngine: getDeviceForInputSource() no default device defined
07-25 15:47:49.251   686  1375 W APM_AudioPolicyManager: getInputForAttr() could not find device for source 1999
07-25 15:47:49.262  2138  2138 I chatty  : uid=10041 com.google.android.googlequicksearchbox:search expire 10 lines
07-25 15:47:49.782  1395  1842 V Avrcp   : MSG_NATIVE_REQ_GET_PLAY_STATUS, responding with state 1 len 0 pos -1
07-25 15:47:52.793  1395  1842 I chatty  : uid=1002(bluetooth) BluetoothAvrcpH identical 10 lines
07-25 15:47:53.795  1395  1842 V Avrcp   : MSG_NATIVE_REQ_GET_PLAY_STATUS, responding with state 1 len 0 pos -1
07-25 15:47:54.325   686  1375 E APM::AudioPolicyEngine: getDeviceForInputSource() no default device defined
07-25 15:47:54.325   686  1375 W APM_AudioPolicyManager: getInputForAttr() could not find device for source 1999
07-25 15:47:54.326  2138  7417 I chatty  : uid=10041(com.google.android.googlequicksearchbox) UserFacing25 expire 10 lines
07-25 15:47:54.787   659   883 I nanohub : osLog: [AR_CHRE] still: 100
07-25 15:47:54.789   659   883 I nanohub : osLog: [AR_CHRE] ON => IDLE
07-25 15:47:54.792  1395  1842 V Avrcp   : MSG_NATIVE_REQ_GET_PLAY_STATUS, responding with state 1 len 0 pos -1
07-25 15:47:58.793  1395  1842 V Avrcp   : MSG_NATIVE_REQ_GET_PLAY_STATUS, responding with state 1 len 0 pos -1
07-25 15:47:59.409   686  1375 E APM::AudioPolicyEngine: getDeviceForInputSource() no default device defined
07-25 15:47:59.409   686  1375 W APM_AudioPolicyManager: getInputForAttr() could not find device for source 1999
07-25 15:47:59.430  2138  2138 I chatty  : uid=10041 com.google.android.googlequicksearchbox:search expire 10 lines
07-25 15:47:59.430  2138  7428 I chatty  : uid=10041(com.google.android.googlequicksearchbox) NonUserFacing21 expire 1 line
07-25 15:47:59.793  1395  1842 V Avrcp   : MSG_NATIVE_REQ_GET_PLAY_STATUS, responding with state 1 len 0 pos -1
07-25 15:47:59.888   867  1955 D DhcpClient: Received packet: 10:78:d2:4a:5c:01 ACK: your new IP /192.168.1.27, netmask /255.255.255.0, gateways [/192.168.1.1] DNS servers: /192.168.1.1 , lease time 259200
07-25 15:48:00.805  1395  1842 V Avrcp   : MSG_NATIVE_REQ_GET_PLAY_STATUS, responding with state 1 len 0 pos -1
07-25 15:48:02.802  1395  1842 V Avrcp   : MSG_NATIVE_REQ_GET_PLAY_STATUS, responding with state 1 len 0 pos -1
07-25 15:48:02.960   867  1955 D DhcpClient: Received packet: 10:78:d2:4a:5c:01 ACK: your new IP /192.168.1.2, netmask /255.255.255.0, gateways [/192.168.1.1] DNS servers: /192.168.1.1 , lease time null
07-25 15:48:03.802  1395  1842 V Avrcp   : MSG_NATIVE_REQ_GET_PLAY_STATUS, responding with state 1 len 0 pos -1
07-25 15:48:04.476  2138  7394 I chatty  : uid=10041(com.google.android.googlequicksearchbox) NonUserFacing18 expire 7 lines
07-25 15:48:04.484   686  1375 E APM::AudioPolicyEngine: getDeviceForInputSource() no default device defined
07-25 15:48:04.484   686  1375 W APM_AudioPolicyManager: getInputForAttr() could not find device for source 1999
07-25 15:48:04.485  2138  7417 I chatty  : uid=10041(com.google.android.googlequicksearchbox) UserFacing25 expire 9 lines
07-25 15:48:04.805  1395  1842 V Avrcp   : MSG_NATIVE_REQ_GET_PLAY_STATUS, responding with state 1 len 0 pos -1
07-25 15:48:08.804  1395  1842 V Avrcp   : MSG_NATIVE_REQ_GET_PLAY_STATUS, responding with state 1 len 0 pos -1
07-25 15:48:09.547   686  1375 E APM::AudioPolicyEngine: getDeviceForInputSource() no default device defined
07-25 15:48:09.548   686  1375 W APM_AudioPolicyManager: getInputForAttr() could not find device for source 1999
07-25 15:48:09.551  2138  7422 I chatty  : uid=10041(com.google.android.googlequicksearchbox) NonUserFacing20 expire 4 lines
07-25 15:48:09.554  2138  8036 I chatty  : uid=10041(com.google.android.googlequicksearchbox) HotwordDetector expire 10 lines
07-25 15:48:09.562  2138  2138 I chatty  : uid=10041 com.google.android.googlequicksearchbox:search expire 10 lines
07-25 15:48:09.562  2138  7428 I chatty  : uid=10041(com.google.android.googlequicksearchbox) NonUserFacing21 expire 11 lines
07-25 15:48:09.804  1395  1842 V Avrcp   : MSG_NATIVE_REQ_GET_PLAY_STATUS, responding with state 1 len 0 pos -1
07-25 15:48:12.814  1395  1842 I chatty  : uid=1002(bluetooth) BluetoothAvrcpH identical 11 lines
07-25 15:48:13.814  1395  1842 V Avrcp   : MSG_NATIVE_REQ_GET_PLAY_STATUS, responding with state 1 len 0 pos -1
07-25 15:48:14.615  2138  7417 I chatty  : uid=10041(com.google.android.googlequicksearchbox) UserFacing25 expire 11 lines
07-25 15:48:14.626   686  1375 E APM::AudioPolicyEngine: getDeviceForInputSource() no default device defined
07-25 15:48:14.627   686  1375 W APM_AudioPolicyManager: getInputForAttr() could not find device for source 1999
07-25 15:48:14.641  2138  7422 I chatty  : uid=10041(com.google.android.googlequicksearchbox) NonUserFacing20 expire 10 lines
07-25 15:48:14.816  1395  1842 V Avrcp   : MSG_NATIVE_REQ_GET_PLAY_STATUS, responding with state 1 len 0 pos -1
07-25 15:48:18.818  1395  1842 V Avrcp   : MSG_NATIVE_REQ_GET_PLAY_STATUS, responding with state 1 len 0 pos -1
07-25 15:48:19.702   686  1375 E APM::AudioPolicyEngine: getDeviceForInputSource() no default device defined
07-25 15:48:19.702   686  1375 W APM_AudioPolicyManager: getInputForAttr() could not find device for source 1999
07-25 15:48:19.708  2138  7428 I chatty  : uid=10041(com.google.android.googlequicksearchbox) NonUserFacing21 expire 12 lines
07-25 15:48:19.722  2138  2138 I chatty  : uid=10041 com.google.android.googlequicksearchbox:search expire 10 lines
07-25 15:48:19.811  1395  1842 V Avrcp   : MSG_NATIVE_REQ_GET_PLAY_STATUS, responding with state 1 len 0 pos -1
07-25 15:48:19.827  2138  2148 I chatty  : uid=10041(com.google.android.googlequicksearchbox) HeapTaskDaemon expire 1 line
07-25 15:48:20.825  1395  1842 V Avrcp   : MSG_NATIVE_REQ_GET_PLAY_STATUS, responding with state 1 len 0 pos -1
07-25 15:48:23.824  1395  1842 V Avrcp   : MSG_NATIVE_REQ_GET_PLAY_STATUS, responding with state 1 len 0 pos -1
07-25 15:48:24.782   686  1375 E APM::AudioPolicyEngine: getDeviceForInputSource() no default device defined
07-25 15:48:24.782   686  1375 W APM_AudioPolicyManager: getInputForAttr() could not find device for source 1999
07-25 15:48:24.783  2138  7417 I chatty  : uid=10041(com.google.android.googlequicksearchbox) UserFacing25 expire 10 lines
07-25 15:48:24.822  1395  1842 V Avrcp   : MSG_NATIVE_REQ_GET_PLAY_STATUS, responding with state 1 len 0 pos -1
07-25 15:48:28.824  1395  1842 V Avrcp   : MSG_NATIVE_REQ_GET_PLAY_STATUS, responding with state 1 len 0 pos -1
07-25 15:48:29.822  1395  1842 V Avrcp   : MSG_NATIVE_REQ_GET_PLAY_STATUS, responding with state 1 len 0 pos -1
07-25 15:48:29.861   686  1375 E APM::AudioPolicyEngine: getDeviceForInputSource() no default device defined
07-25 15:48:29.861   686  1375 W APM_AudioPolicyManager: getInputForAttr() could not find device for source 1999
07-25 15:48:29.875  2138  2138 I chatty  : uid=10041 com.google.android.googlequicksearchbox:search expire 10 lines
07-25 15:48:30.834  1395  1842 V Avrcp   : MSG_NATIVE_REQ_GET_PLAY_STATUS, responding with state 1 len 0 pos -1
07-25 15:48:33.832  1395  1842 I chatty  : uid=1002(bluetooth) BluetoothAvrcpH identical 12 lines
07-25 15:48:34.834  1395  1842 V Avrcp   : MSG_NATIVE_REQ_GET_PLAY_STATUS, responding with state 1 len 0 pos -1
07-25 15:48:34.918  2138  7422 I chatty  : uid=10041(com.google.android.googlequicksearchbox) NonUserFacing20 expire 14 lines
07-25 15:48:34.930   686  1375 E APM::AudioPolicyEngine: getDeviceForInputSource() no default device defined
07-25 15:48:34.930   686  1375 W APM_AudioPolicyManager: getInputForAttr() could not find device for source 1999
07-25 15:48:34.930  2138  7417 I chatty  : uid=10041(com.google.android.googlequicksearchbox) UserFacing25 expire 10 lines
07-25 15:48:34.945  2138  7428 I chatty  : uid=10041(com.google.android.googlequicksearchbox) NonUserFacing21 expire 1 line
07-25 15:48:35.620  3054  3082 I PlayCommon: [28] com.google.android.play.b.g.f(543): Preparing logs for uploading
07-25 15:48:35.685  2096  2096 W ChimeraUtils: Non Chimera context
07-25 15:48:35.686  2096  2096 W ChimeraUtils: Non Chimera context
07-25 15:48:35.767  3054  3082 I PlayCommon: [28] com.google.android.play.b.g.a(791): Connecting to server: https://play.googleapis.com/play/log?format=raw&proto_v2=true
07-25 15:48:35.833  1395  1842 V Avrcp   : MSG_NATIVE_REQ_GET_PLAY_STATUS, responding with state 1 len 0 pos -1
07-25 15:48:36.845  1395  1842 V Avrcp   : MSG_NATIVE_REQ_GET_PLAY_STATUS, responding with state 1 len 0 pos -1
07-25 15:48:37.623  3054  3082 I PlayCommon: [28] com.google.android.play.b.g.a(265): Successfully uploaded logs.
07-25 15:48:37.836  1395  1842 V Avrcp   : MSG_NATIVE_REQ_GET_PLAY_STATUS, responding with state 1 len 0 pos -1
07-25 15:48:39.835  1395  1842 V Avrcp   : MSG_NATIVE_REQ_GET_PLAY_STATUS, responding with state 1 len 0 pos -1
07-25 15:48:40.008   686  1375 E APM::AudioPolicyEngine: getDeviceForInputSource() no default device defined
07-25 15:48:40.009   686  1375 W APM_AudioPolicyManager: getInputForAttr() could not find device for source 1999
07-25 15:48:40.021  2138  2138 I chatty  : uid=10041 com.google.android.googlequicksearchbox:search expire 10 lines
07-25 15:48:40.023  2138  7394 I chatty  : uid=10041(com.google.android.googlequicksearchbox) NonUserFacing18 expire 12 lines
07-25 15:48:40.844  1395  1842 V Avrcp   : MSG_NATIVE_REQ_GET_PLAY_STATUS, responding with state 1 len 0 pos -1
07-25 15:48:43.845  1395  1842 V Avrcp   : MSG_NATIVE_REQ_GET_PLAY_STATUS, responding with state 1 len 0 pos -1
07-25 15:48:44.499   867   900 I WifiService: requestActivityInfo uid=1000
07-25 15:48:44.499   867   900 I WifiService: reportActivityInfo uid=1000
07-25 15:48:44.499   867   900 I WifiService: getSupportedFeatures uid=1000
07-25 15:48:44.734   658   658 E QCOM PowerHAL: extract_stats: failed to open: /d/wlan_wcnss/power_stats Error = No such file or directory
07-25 15:48:44.843  1395  1842 V Avrcp   : MSG_NATIVE_REQ_GET_PLAY_STATUS, responding with state 1 len 0 pos -1
07-25 15:48:45.073   686  1375 E APM::AudioPolicyEngine: getDeviceForInputSource() no default device defined
07-25 15:48:45.073   686  1375 W APM_AudioPolicyManager: getInputForAttr() could not find device for source 1999
07-25 15:48:45.073  2138  7417 I chatty  : uid=10041(com.google.android.googlequicksearchbox) UserFacing25 expire 10 lines
07-25 15:48:45.084  2138  7422 I chatty  : uid=10041(com.google.android.googlequicksearchbox) NonUserFacing20 expire 12 lines
07-25 15:48:45.844  1395  1842 V Avrcp   : MSG_NATIVE_REQ_GET_PLAY_STATUS, responding with state 1 len 0 pos -1
07-25 15:48:49.863  1395  1842 V Avrcp   : MSG_NATIVE_REQ_GET_PLAY_STATUS, responding with state 1 len 0 pos -1
07-25 15:48:50.145   686  1375 E APM::AudioPolicyEngine: getDeviceForInputSource() no default device defined
07-25 15:48:50.146   686  1375 W APM_AudioPolicyManager: getInputForAttr() could not find device for source 1999
07-25 15:48:50.163  2138  2138 I chatty  : uid=10041 com.google.android.googlequicksearchbox:search expire 10 lines
07-25 15:48:50.854  1395  1842 V Avrcp   : MSG_NATIVE_REQ_GET_PLAY_STATUS, responding with state 1 len 0 pos -1
07-25 15:48:54.368   867   867 W ActivityManager: Slow operation: 59ms so far, now at startProcess: returned from zygote!
07-25 15:48:54.368   867   867 W ActivityManager: Slow operation: 59ms so far, now at startProcess: done updating battery stats
07-25 15:48:54.369   867   867 W ActivityManager: Slow operation: 60ms so far, now at startProcess: building log message
07-25 15:48:54.369   867   867 I ActivityManager: Start proc 8180:com.google.android.partnersetup/u0a20 for service com.google.android.partnersetup/.InstalledAppJobService
07-25 15:48:54.369   867   867 W ActivityManager: Slow operation: 60ms so far, now at startProcess: starting to update pids map
07-25 15:48:54.370   867   867 W ActivityManager: Slow operation: 60ms so far, now at startProcess: done updating pids map
07-25 15:48:54.370   867   867 W ActivityManager: Slow operation: 61ms so far, now at startProcess: done starting proc!
07-25 15:48:54.853  1395  1842 V Avrcp   : MSG_NATIVE_REQ_GET_PLAY_STATUS, responding with state 1 len 0 pos -1
07-25 15:48:55.225   686  1375 E APM::AudioPolicyEngine: getDeviceForInputSource() no default device defined
07-25 15:48:55.226   686  1375 W APM_AudioPolicyManager: getInputForAttr() could not find device for source 1999
07-25 15:48:55.227  2138  7417 I chatty  : uid=10041(com.google.android.googlequicksearchbox) UserFacing25 expire 9 lines
07-25 15:48:55.232  2138  7394 I chatty  : uid=10041(com.google.android.googlequicksearchbox) NonUserFacing18 expire 4 lines
07-25 15:48:55.856  1395  1842 V Avrcp   : MSG_NATIVE_REQ_GET_PLAY_STATUS, responding with state 1 len 0 pos -1
07-25 15:48:58.854  1395  1842 I chatty  : uid=1002(bluetooth) BluetoothAvrcpH identical 3 lines
07-25 15:48:59.852  1395  1842 V Avrcp   : MSG_NATIVE_REQ_GET_PLAY_STATUS, responding with state 1 len 0 pos -1
07-25 15:49:00.303   686  1375 E APM::AudioPolicyEngine: getDeviceForInputSource() no default device defined
07-25 15:49:00.303   686  1375 W APM_AudioPolicyManager: getInputForAttr() could not find device for source 1999
07-25 15:49:00.306  2138  7422 I chatty  : uid=10041(com.google.android.googlequicksearchbox) NonUserFacing20 expire 4 lines
07-25 15:49:00.308  2138  8036 I chatty  : uid=10041(com.google.android.googlequicksearchbox) HotwordDetector expire 10 lines
07-25 15:49:00.317  2138  2138 I chatty  : uid=10041 com.google.android.googlequicksearchbox:search expire 10 lines
07-25 15:49:00.317  2138  7394 I chatty  : uid=10041(com.google.android.googlequicksearchbox) NonUserFacing18 expire 12 lines
07-25 15:49:00.863  1395  1842 V Avrcp   : MSG_NATIVE_REQ_GET_PLAY_STATUS, responding with state 1 len 0 pos -1
07-25 15:49:03.868  1395  1842 I chatty  : uid=1002(bluetooth) BluetoothAvrcpH identical 12 lines
07-25 15:49:04.865  1395  1842 V Avrcp   : MSG_NATIVE_REQ_GET_PLAY_STATUS, responding with state 1 len 0 pos -1
07-25 15:49:05.371  2138  7417 I chatty  : uid=10041(com.google.android.googlequicksearchbox) UserFacing25 expire 11 lines
07-25 15:49:05.381   686  1375 E APM::AudioPolicyEngine: getDeviceForInputSource() no default device defined
07-25 15:49:05.381   686  1375 W APM_AudioPolicyManager: getInputForAttr() could not find device for source 1999
07-25 15:49:05.400  2138  7422 I chatty  : uid=10041(com.google.android.googlequicksearchbox) NonUserFacing20 expire 11 lines
07-25 15:49:05.502  2138  2148 I chatty  : uid=10041(com.google.android.googlequicksearchbox) HeapTaskDaemon expire 1 line
07-25 15:49:05.865  1395  1842 V Avrcp   : MSG_NATIVE_REQ_GET_PLAY_STATUS, responding with state 1 len 0 pos -1
07-25 15:49:09.868  1395  1842 V Avrcp   : MSG_NATIVE_REQ_GET_PLAY_STATUS, responding with state 1 len 0 pos -1
07-25 15:49:10.469   686  1328 E APM::AudioPolicyEngine: getDeviceForInputSource() no default device defined
07-25 15:49:10.470   686  1328 W APM_AudioPolicyManager: getInputForAttr() could not find device for source 1999
07-25 15:49:10.482  2138  2138 I chatty  : uid=10041 com.google.android.googlequicksearchbox:search expire 10 lines
07-25 15:49:10.874  1395  1842 V Avrcp   : MSG_NATIVE_REQ_GET_PLAY_STATUS, responding with state 1 len 0 pos -1
07-25 15:49:14.887  1395  1842 V Avrcp   : MSG_NATIVE_REQ_GET_PLAY_STATUS, responding with state 1 len 0 pos -1
07-25 15:49:15.534   686  1328 E APM::AudioPolicyEngine: getDeviceForInputSource() no default device defined
07-25 15:49:15.534   686  1328 W APM_AudioPolicyManager: getInputForAttr() could not find device for source 1999
07-25 15:49:15.535  2138  7417 I chatty  : uid=10041(com.google.android.googlequicksearchbox) UserFacing25 expire 10 lines
07-25 15:49:15.539  2138  7394 I chatty  : uid=10041(com.google.android.googlequicksearchbox) NonUserFacing18 expire 10 lines
07-25 15:49:15.549  2138  7428 I chatty  : uid=10041(com.google.android.googlequicksearchbox) NonUserFacing21 expire 8 lines
07-25 15:49:15.874  1395  1842 V Avrcp   : MSG_NATIVE_REQ_GET_PLAY_STATUS, responding with state 1 len 0 pos -1
07-25 15:49:19.877  1395  1842 V Avrcp   : MSG_NATIVE_REQ_GET_PLAY_STATUS, responding with state 1 len 0 pos -1
07-25 15:49:20.605   686  1375 E APM::AudioPolicyEngine: getDeviceForInputSource() no default device defined
07-25 15:49:20.606   686  1375 W APM_AudioPolicyManager: getInputForAttr() could not find device for source 1999
07-25 15:49:20.620  2138  2138 I chatty  : uid=10041 com.google.android.googlequicksearchbox:search expire 10 lines
07-25 15:49:20.885  1395  1842 V Avrcp   : MSG_NATIVE_REQ_GET_PLAY_STATUS, responding with state 1 len 0 pos -1
07-25 15:49:23.889  1395  1842 I chatty  : uid=1002(bluetooth) BluetoothAvrcpH identical 12 lines
07-25 15:49:24.885  1395  1842 V Avrcp   : MSG_NATIVE_REQ_GET_PLAY_STATUS, responding with state 1 len 0 pos -1
07-25 15:49:25.686   686  1375 E APM::AudioPolicyEngine: getDeviceForInputSource() no default device defined
07-25 15:49:25.687   686  1375 W APM_AudioPolicyManager: getInputForAttr() could not find device for source 1999
07-25 15:49:25.688  2138  7417 I chatty  : uid=10041(com.google.android.googlequicksearchbox) UserFacing25 expire 10 lines
07-25 15:49:25.690  2138  7422 I chatty  : uid=10041(com.google.android.googlequicksearchbox) NonUserFacing20 expire 11 lines
07-25 15:49:25.886  1395  1842 V Avrcp   : MSG_NATIVE_REQ_GET_PLAY_STATUS, responding with state 1 len 0 pos -1
07-25 15:49:29.886  1395  1842 V Avrcp   : MSG_NATIVE_REQ_GET_PLAY_STATUS, responding with state 1 len 0 pos -1
07-25 15:49:30.764   686  1375 E APM::AudioPolicyEngine: getDeviceForInputSource() no default device defined
07-25 15:49:30.764   686  1375 W APM_AudioPolicyManager: getInputForAttr() could not find device for source 1999
07-25 15:49:30.778  2138  2138 I chatty  : uid=10041 com.google.android.googlequicksearchbox:search expire 10 lines
07-25 15:49:30.895  1395  1842 V Avrcp   : MSG_NATIVE_REQ_GET_PLAY_STATUS, responding with state 1 len 0 pos -1
07-25 15:49:34.895  1395  1842 V Avrcp   : MSG_NATIVE_REQ_GET_PLAY_STATUS, responding with state 1 len 0 pos -1
07-25 15:49:35.829   686  1375 E APM::AudioPolicyEngine: getDeviceForInputSource() no default device defined
07-25 15:49:35.829   686  1375 W APM_AudioPolicyManager: getInputForAttr() could not find device for source 1999
07-25 15:49:35.830  2138  7417 I chatty  : uid=10041(com.google.android.googlequicksearchbox) UserFacing25 expire 10 lines
07-25 15:49:35.833  2138  7394 I chatty  : uid=10041(com.google.android.googlequicksearchbox) NonUserFacing18 expire 13 lines
07-25 15:49:35.843  2138  7422 I chatty  : uid=10041(com.google.android.googlequicksearchbox) NonUserFacing20 expire 11 lines
07-25 15:49:35.894  1395  1842 V Avrcp   : MSG_NATIVE_REQ_GET_PLAY_STATUS, responding with state 1 len 0 pos -1
07-25 15:49:39.895  1395  1842 V Avrcp   : MSG_NATIVE_REQ_GET_PLAY_STATUS, responding with state 1 len 0 pos -1
07-25 15:49:40.898   686  1375 E APM::AudioPolicyEngine: getDeviceForInputSource() no default device defined
07-25 15:49:40.898   686  1375 W APM_AudioPolicyManager: getInputForAttr() could not find device for source 1999
07-25 15:49:40.903  1395  1842 V Avrcp   : MSG_NATIVE_REQ_GET_PLAY_STATUS, responding with state 1 len 0 pos -1
07-25 15:49:40.911  2138  2138 I chatty  : uid=10041 com.google.android.googlequicksearchbox:search expire 10 lines
07-25 15:49:41.906  1395  1842 V Avrcp   : MSG_NATIVE_REQ_GET_PLAY_STATUS, responding with state 1 len 0 pos -1
07-25 15:49:44.904  1395  1842 I chatty  : uid=1002(bluetooth) BluetoothAvrcpH identical 6 lines
07-25 15:49:45.904  1395  1842 V Avrcp   : MSG_NATIVE_REQ_GET_PLAY_STATUS, responding with state 1 len 0 pos -1
07-25 15:49:45.973   686  1375 E APM::AudioPolicyEngine: getDeviceForInputSource() no default device defined
07-25 15:49:45.973   686  1375 W APM_AudioPolicyManager: getInputForAttr() could not find device for source 1999
07-25 15:49:45.974  2138  7417 I chatty  : uid=10041(com.google.android.googlequicksearchbox) UserFacing25 expire 9 lines
07-25 15:49:45.977  2138  7422 I chatty  : uid=10041(com.google.android.googlequicksearchbox) NonUserFacing20 expire 4 lines
07-25 15:49:46.904  1395  1842 V Avrcp   : MSG_NATIVE_REQ_GET_PLAY_STATUS, responding with state 1 len 0 pos -1
07-25 15:49:50.915  1395  1842 V Avrcp   : MSG_NATIVE_REQ_GET_PLAY_STATUS, responding with state 1 len 0 pos -1
07-25 15:49:51.049   686  1375 E APM::AudioPolicyEngine: getDeviceForInputSource() no default device defined
07-25 15:49:51.050   686  1375 W APM_AudioPolicyManager: getInputForAttr() could not find device for source 1999
07-25 15:49:51.057  2138  8036 I chatty  : uid=10041(com.google.android.googlequicksearchbox) HotwordDetector expire 10 lines
07-25 15:49:51.064  2138  2138 I chatty  : uid=10041 com.google.android.googlequicksearchbox:search expire 10 lines
07-25 15:49:51.064  2138  7428 I chatty  : uid=10041(com.google.android.googlequicksearchbox) NonUserFacing21 expire 11 lines
07-25 15:49:51.162  2138  2148 I chatty  : uid=10041(com.google.android.googlequicksearchbox) HeapTaskDaemon expire 2 lines
07-25 15:49:51.914  1395  1842 V Avrcp   : MSG_NATIVE_REQ_GET_PLAY_STATUS, responding with state 1 len 0 pos -1
07-25 15:49:54.913  1395  1842 I chatty  : uid=1002(bluetooth) BluetoothAvrcpH identical 12 lines
07-25 15:49:55.917  1395  1842 V Avrcp   : MSG_NATIVE_REQ_GET_PLAY_STATUS, responding with state 1 len 0 pos -1
07-25 15:49:56.105  2138  7422 I chatty  : uid=10041(com.google.android.googlequicksearchbox) NonUserFacing20 expire 10 lines
07-25 15:49:56.107  2138  7417 I chatty  : uid=10041(com.google.android.googlequicksearchbox) UserFacing25 expire 11 lines
07-25 15:49:56.114   686  1375 E APM::AudioPolicyEngine: getDeviceForInputSource() no default device defined
07-25 15:49:56.114   686  1375 W APM_AudioPolicyManager: getInputForAttr() could not find device for source 1999
07-25 15:49:56.916  1395  1842 V Avrcp   : MSG_NATIVE_REQ_GET_PLAY_STATUS, responding with state 1 len 0 pos -1
07-25 15:50:00.925  1395  1842 V Avrcp   : MSG_NATIVE_REQ_GET_PLAY_STATUS, responding with state 1 len 0 pos -1
07-25 15:50:01.176  2138  7394 I chatty  : uid=10041(com.google.android.googlequicksearchbox) NonUserFacing18 expire 14 lines
07-25 15:50:01.189   686  1375 E APM::AudioPolicyEngine: getDeviceForInputSource() no default device defined
07-25 15:50:01.189   686  1375 W APM_AudioPolicyManager: getInputForAttr() could not find device for source 1999
07-25 15:50:01.206  2138  2138 I chatty  : uid=10041 com.google.android.googlequicksearchbox:search expire 10 lines
07-25 15:50:01.927  1395  1842 V Avrcp   : MSG_NATIVE_REQ_GET_PLAY_STATUS, responding with state 1 len 0 pos -1
07-25 15:50:05.924  1395  1842 V Avrcp   : MSG_NATIVE_REQ_GET_PLAY_STATUS, responding with state 1 len 0 pos -1
07-25 15:50:06.274   686  1375 E APM::AudioPolicyEngine: getDeviceForInputSource() no default device defined
07-25 15:50:06.275   686  1375 W APM_AudioPolicyManager: getInputForAttr() could not find device for source 1999
07-25 15:50:06.275  2138  7417 I chatty  : uid=10041(com.google.android.googlequicksearchbox) UserFacing25 expire 10 lines
07-25 15:50:06.925  1395  1842 V Avrcp   : MSG_NATIVE_REQ_GET_PLAY_STATUS, responding with state 1 len 0 pos -1
07-25 15:50:10.934  1395  1842 V Avrcp   : MSG_NATIVE_REQ_GET_PLAY_STATUS, responding with state 1 len 0 pos -1
07-25 15:50:11.347   686  1375 E APM::AudioPolicyEngine: getDeviceForInputSource() no default device defined
07-25 15:50:11.347   686  1375 W APM_AudioPolicyManager: getInputForAttr() could not find device for source 1999
07-25 15:50:11.364  2138  2138 I chatty  : uid=10041 com.google.android.googlequicksearchbox:search expire 10 lines
07-25 15:50:11.364  2138  7394 I chatty  : uid=10041(com.google.android.googlequicksearchbox) NonUserFacing18 expire 9 lines
07-25 15:50:11.937  1395  1842 V Avrcp   : MSG_NATIVE_REQ_GET_PLAY_STATUS, responding with state 1 len 0 pos -1
07-25 15:50:12.936  1395  1842 V Avrcp   : MSG_NATIVE_REQ_GET_PLAY_STATUS, responding with state 1 len 0 pos -1
07-25 15:50:13.327   867   876 I zygote64: Background concurrent copying GC freed 135335(5MB) AllocSpace objects, 34(1172KB) LOS objects, 42% free, 15MB/26MB, paused 404us total 197.133ms
07-25 15:50:13.940  1395  1842 V Avrcp   : MSG_NATIVE_REQ_GET_PLAY_STATUS, responding with state 1 len 0 pos -1
07-25 15:50:14.936  1395  1842 I chatty  : uid=1002(bluetooth) BluetoothAvrcpH identical 10 lines
07-25 15:50:15.936  1395  1842 V Avrcp   : MSG_NATIVE_REQ_GET_PLAY_STATUS, responding with state 1 len 0 pos -1
07-25 15:50:16.425   686  1375 E APM::AudioPolicyEngine: getDeviceForInputSource() no default device defined
07-25 15:50:16.425   686  1375 W APM_AudioPolicyManager: getInputForAttr() could not find device for source 1999
07-25 15:50:16.426  2138  7417 I chatty  : uid=10041(com.google.android.googlequicksearchbox) UserFacing25 expire 10 lines
07-25 15:50:16.443  2138  7428 I chatty  : uid=10041(com.google.android.googlequicksearchbox) NonUserFacing21 expire 12 lines
07-25 15:50:16.730   867  2191 D WificondControl: Scan result ready event
