--------- beginning of system
02-07 09:48:03.284   490   496 I QISL    : QSEE Interrupt Service Listener Thread is started
02-07 09:48:03.285   490   496 I QISL    : QSEE Interrupt Service Listener was activated successfully
07-25 14:24:59.546   540   540 I vold    : Vold 3.0 (the awakening) firing up
07-25 14:24:59.547   540   540 V vold    : Detected support for: ext4 vfat
07-25 14:24:59.564   540   569 I vold    : e4crypt_initialize_global_de
07-25 14:24:59.567   540   569 D vold    : Key exists, using: /data/unencrypted/key
07-25 14:24:59.622   540   569 D vold    : Added key 52518879 (ext4:925b907eb8507c50) to keyring 332895210 in process 540
07-25 14:24:59.622   540   569 D vold    : Added key 438007835 (f2fs:925b907eb8507c50) to keyring 332895210 in process 540
07-25 14:24:59.622   540   569 D vold    : Added key 359824127 (fscrypt:925b907eb8507c50) to keyring 332895210 in process 540
07-25 14:24:59.623   540   569 I vold    : Wrote system DE key reference to:/data/unencrypted/ref
07-25 14:24:59.771   540   569 D vold    : e4crypt_init_user0
07-25 14:24:59.771   540   569 D vold    : Preparing: /data/misc/vold/user_keys
07-25 14:24:59.773   540   569 D vold    : Preparing: /data/misc/vold/user_keys/ce
07-25 14:24:59.774   540   569 D vold    : Preparing: /data/misc/vold/user_keys/de
07-25 14:24:59.774   540   569 D vold    : Skipping non-de-key .
07-25 14:24:59.774   540   569 D vold    : Skipping non-de-key ..
07-25 14:24:59.953   540   569 D vold    : Added key 1072252742 (ext4:dd8c26d40ed04fb9) to keyring 332895210 in process 540
07-25 14:24:59.953   540   569 D vold    : Added key 734996931 (f2fs:dd8c26d40ed04fb9) to keyring 332895210 in process 540
07-25 14:24:59.953   540   569 D vold    : Added key 207854704 (fscrypt:dd8c26d40ed04fb9) to keyring 332895210 in process 540
07-25 14:24:59.953   540   569 D vold    : Installed de key for user 0
07-25 14:24:59.953   540   569 D vold    : e4crypt_prepare_user_storage for volume null, user 0, serial 0, flags 1
07-25 14:24:59.953   540   569 D vold    : Preparing: /data/system/users/0
07-25 14:24:59.955   540   569 D vold    : Preparing: /data/misc/profiles/cur/0
07-25 14:24:59.956   540   569 D vold    : Preparing: /data/system_de/0
07-25 14:24:59.956   540   569 D vold    : Preparing: /data/misc_de/0
07-25 14:24:59.957   540   569 D vold    : Preparing: /data/user_de/0
07-25 14:24:59.957   540   569 I vold    : Found policy dd8c26d40ed04fb9 at /data/system_de/0 which matches expected value
07-25 14:24:59.958   540   569 I vold    : Policy for /data/misc_de/0 set to dd8c26d40ed04fb9
07-25 14:24:59.959   540   569 I vold    : Found policy dd8c26d40ed04fb9 at /data/user_de/0 which matches expected value
07-25 14:25:00.851   663   663 I android.hardware.wifi@1.0-service: Wifi Hal is booting up...
07-25 14:25:01.070   689   689 I installd: installd firing up
07-25 14:25:01.128   704   704 I wificond: wificond is starting up...
07-25 14:25:02.151   867   867 I SystemServer: InitBeforeStartServices
07-25 14:25:02.151   867   867 I SystemServer: Entered the Android system server!
07-25 14:25:02.256   867   867 I SystemServer: StartServices
07-25 14:25:02.256   867   867 I SystemServer: Reading configuration...
07-25 14:25:02.256   867   867 I SystemServer: ReadingSystemConfig
07-25 14:25:02.257   867   867 I SystemServer: StartInstaller
07-25 14:25:02.257   867   867 I SystemServiceManager: Starting com.android.server.pm.Installer
07-25 14:25:02.260   867   867 I SystemServer: DeviceIdentifiersPolicyService
07-25 14:25:02.260   867   867 I SystemServiceManager: Starting com.android.server.os.DeviceIdentifiersPolicyService
07-25 14:25:02.261   867   867 I SystemServer: StartActivityManager
07-25 14:25:02.261   867   867 I SystemServiceManager: Starting com.android.server.am.ActivityManagerService$Lifecycle
07-25 14:25:02.279   867   867 I ActivityManager: Memory class: 256
07-25 14:25:02.317   867   867 D BatteryStatsImpl: Reading daily items from /data/system/batterystats-daily.xml
07-25 14:25:02.381   867   900 E BatteryExternalStatsWorker: no controller energy info supplied for telephony
07-25 14:25:02.451   867   867 I IntentFirewall: Read new rules (A:0 B:0 S:0)
07-25 14:25:02.478   867   867 D AppOps  : AppOpsService published
07-25 14:25:02.479   867   867 I SystemServer: StartPowerManager
07-25 14:25:02.479   867   867 I SystemServiceManager: Starting com.android.server.power.PowerManagerService
07-25 14:25:02.483   867   867 I SystemServer: InitPowerManagement
07-25 14:25:02.486   867   867 I SystemServer: StartRecoverySystemService
07-25 14:25:02.486   867   867 I SystemServiceManager: Starting com.android.server.RecoverySystemService
07-25 14:25:02.491   867   867 W RescueParty: Noticed 1 events for UID 0 in last 6 sec
07-25 14:25:02.491   867   867 I SystemServer: StartLightsService
07-25 14:25:02.491   867   867 I SystemServiceManager: Starting com.android.server.lights.LightsService
07-25 14:25:02.491   867   867 I SystemServer: StartDisplayManager
07-25 14:25:02.491   867   867 I SystemServiceManager: Starting com.android.server.display.DisplayManagerService
07-25 14:25:02.497   867   867 I SystemServer: WaitForDisplay
07-25 14:25:02.497   867   867 I SystemServiceManager: Starting phase 100
07-25 14:25:02.500   867   915 I DisplayManagerService: Display device added: DisplayDeviceInfo{"Built-in Screen": uniqueId="local:0", 1080 x 1920, modeId 1, defaultModeId 1, supportedModes [{id=1, width=1080, height=1920, fps=60.000004}], colorMode 0, supportedColorModes [0, 7, 8], HdrCapabilities android.view.Display$HdrCapabilities@1d6308, density 420, 442.451 x 443.345 dpi, appVsyncOff 2000000, presDeadline 11666666, touch INTERNAL, rotation 0, type BUILT_IN, state UNKNOWN, FLAG_DEFAULT_DISPLAY, FLAG_ROTATES_WITH_CONTENT, FLAG_SECURE, FLAG_SUPPORTS_PROTECTED_BUFFERS}
07-25 14:25:02.504   867   915 I DisplayManagerService: Display device changed state: "Built-in Screen", ON
07-25 14:25:02.504   867   867 I SystemServer: StartPackageManagerService
07-25 14:25:02.520   867   867 D SELinuxMMAC: Using policy file /system/etc/selinux/plat_mac_permissions.xml
07-25 14:25:02.522   867   867 D SELinuxMMAC: Using policy file /vendor/etc/selinux/nonplat_mac_permissions.xml
07-25 14:25:02.562   867   929 W ProcessCpuTracker: Skipping unknown process pid 924
07-25 14:25:02.833   867   867 W PackageManager: Failed to parse /system/framework/oat: Missing base APK in /system/framework/oat
07-25 14:25:02.834   867   867 W PackageManager: Failed to parse /system/framework/arm64: Missing base APK in /system/framework/arm64
07-25 14:25:02.836   867   867 W PackageManager: Failed to parse /system/framework/arm: Missing base APK in /system/framework/arm
07-25 14:25:02.865   867   867 W PackageManager: Failed to scan /system/priv-app/TimeZoneDataPrebuilt: Package com.google.android.timezone.data at /system/priv-app/TimeZoneDataPrebuilt ignored: updated version 11000050 better than this 11000011
07-25 14:25:02.876   867   867 W PackageManager: Failed to scan /system/priv-app/GoogleContacts: Package com.google.android.contacts at /system/priv-app/GoogleContacts ignored: updated version 2115183 better than this 2041568
07-25 14:25:02.884   867   867 W PackageManager: Failed to scan /system/priv-app/GmsCoreSetupPrebuilt: Package com.google.android.gms.setup at /system/priv-app/GmsCoreSetupPrebuilt ignored: updated version 650400 better than this 412400
07-25 14:25:02.948   867   867 W PackageManager: Failed to scan /system/priv-app/Turbo: Package com.google.android.apps.turbo at /system/priv-app/Turbo ignored: updated version 10205590 better than this 27
07-25 14:25:02.957   867   867 W PackageManager: Failed to scan /system/priv-app/GoogleDialer: Package com.google.android.dialer at /system/priv-app/GoogleDialer ignored: updated version 2735392 better than this 1707776
07-25 14:25:02.958   867   867 W PackageManager: Failed to scan /system/priv-app/PrebuiltGmsCorePix: Package com.google.android.gms at /system/priv-app/PrebuiltGmsCorePix ignored: updated version 12874032 better than this 11580948
07-25 14:25:02.961   867   867 W PackageManager: Failed to scan /system/priv-app/CarrierServices: Package com.google.android.ims at /system/priv-app/CarrierServices ignored: updated version 30024382 better than this 30005224
07-25 14:25:02.964   867   867 W PackageManager: Failed to scan /system/priv-app/Velvet: Package com.google.android.googlequicksearchbox at /system/priv-app/Velvet ignored: updated version 300787682 better than this 300745885
07-25 14:25:02.966   867   867 W PackageManager: Failed to scan /system/priv-app/WallpaperPickerGooglePrebuilt: Package com.google.android.apps.wallpaper at /system/priv-app/WallpaperPickerGooglePrebuilt ignored: updated version 169416333 better than this 166921241
07-25 14:25:02.974   867   867 W PackageManager: Failed to scan /system/priv-app/AndroidMigratePrebuilt: Package com.google.android.apps.pixelmigrate at /system/priv-app/AndroidMigratePrebuilt ignored: updated version 8879 better than this 204
07-25 14:25:02.999   867   867 W PackageManager: Failed to scan /system/priv-app/GCS: Package com.google.android.apps.gcs at /system/priv-app/GCS ignored: updated version 2520 better than this 2140
07-25 14:25:03.006   867   867 W PackageManager: Failed to scan /system/priv-app/Phonesky: Package com.android.vending at /system/priv-app/Phonesky ignored: updated version 81060800 better than this 80806200
07-25 14:25:03.008   867   867 W PackageManager: Failed to scan /system/priv-app/HelpRtcPrebuilt: Package com.google.android.apps.helprtc at /system/priv-app/HelpRtcPrebuilt ignored: updated version 480 better than this 381
07-25 14:25:03.018   867   867 W PackageManager: Failed to scan /system/app/CloudPrint2: Package com.google.android.apps.cloudprint at /system/app/CloudPrint2 ignored: updated version 140 better than this 137
07-25 14:25:03.031   867   867 W PackageManager: Failed to scan /system/app/GoogleVrCore: Package com.google.vr.vrcore at /system/app/GoogleVrCore ignored: updated version 160734810 better than this 160726230
07-25 14:25:03.032   867   867 W PackageManager: Failed to scan /system/app/GoogleTTS: Package com.google.android.tts at /system/app/GoogleTTS ignored: updated version 210315244 better than this 210313011
07-25 14:25:03.036   867   867 W PackageManager: Failed to scan /system/app/PrebuiltGmail: Package com.google.android.gm at /system/app/PrebuiltGmail ignored: updated version 60528509 better than this 59629630
07-25 14:25:03.039   867   867 W PackageManager: Failed to scan /system/app/Photos: Package com.google.android.apps.photos at /system/app/Photos ignored: updated version 2642565 better than this 1840238
07-25 14:25:03.042   867   867 W PackageManager: Failed to scan /system/app/PrebuiltDeskClockGoogle: Package com.google.android.deskclock at /system/app/PrebuiltDeskClockGoogle ignored: updated version 52102212 better than this 51002602
07-25 14:25:03.044   867   867 W PackageManager: Failed to scan /system/app/Drive: Package com.google.android.apps.docs at /system/app/Drive ignored: updated version 182520140 better than this 71832645
07-25 14:25:03.054   867   867 W PackageManager: Failed to scan /system/app/LatinIMEGooglePrebuilt: Package com.google.android.inputmethod.latin at /system/app/LatinIMEGooglePrebuilt ignored: updated version 26731214 better than this 26641610
07-25 14:25:03.056   867   867 W PackageManager: Failed to scan /system/app/talkback: Package com.google.android.marvin.talkback at /system/app/talkback ignored: updated version 60100668 better than this 60000012
07-25 14:25:03.059   867   867 W PackageManager: Failed to scan /system/app/YouTube: Package com.google.android.youtube at /system/app/YouTube ignored: updated version 1328533400 better than this 121741344
07-25 14:25:03.070   867   867 W PackageManager: Failed to scan /system/app/arcore: Package com.google.ar.core at /system/app/arcore ignored: updated version 180604066 better than this 0
07-25 14:25:03.070   867   867 W PackageManager: Failed to scan /system/app/GoogleCamera: Package com.google.android.GoogleCamera at /system/app/GoogleCamera ignored: updated version 42323005 better than this 41331791
07-25 14:25:03.070   867   867 W PackageManager: Failed to scan /system/app/CalendarGooglePrebuilt: Package com.google.android.calendar at /system/app/CalendarGooglePrebuilt ignored: updated version 2015869170 better than this 2015475782
07-25 14:25:03.076   867   867 W PackageManager: Failed to scan /system/app/Maps: Package com.google.android.apps.maps at /system/app/Maps ignored: updated version 982200040 better than this 956702234
07-25 14:25:03.078   867   867 W PackageManager: Failed to scan /system/app/Ornament: Package com.google.vr.apps.ornament at /system/app/Ornament ignored: updated version 180326103 better than this 170601013
07-25 14:25:03.078   867   867 W PackageManager: Failed to scan /system/app/Chrome: Package com.android.chrome at /system/app/Chrome ignored: updated version 339608752 better than this 316409852
07-25 14:25:03.079   867   867 W PackageManager: Failed to scan /system/app/CalculatorGooglePrebuilt: Package com.google.android.calculator at /system/app/CalculatorGooglePrebuilt ignored: updated version 74100312 better than this 73001802
07-25 14:25:03.080   867   867 W PackageManager: Failed to scan /system/app/PrebuiltBugle: Package com.google.android.apps.messaging at /system/app/PrebuiltBugle ignored: updated version 33044248 better than this 25212548
07-25 14:25:03.082   867   867 W PackageManager: Failed to scan /system/app/Music2: Package com.google.android.music at /system/app/Music2 ignored: updated version 73501 better than this 50220
07-25 14:25:03.105   867   867 I PackageManager: Finished scanning system apps. Time: 290 ms, packageCount: 135 , timePerPackage: 2 , cached: 167
07-25 14:25:03.287   867   867 I PackageManager: Finished scanning non-system apps. Time: 181 ms, packageCount: 50 , timePerPackage: 3 , cached: 48
07-25 14:25:03.289   867   867 E PackageManager: updateAllSharedLibrariesLPw failed: Package com.qti.service.colorservice requires unavailable shared library com.qti.snapdragon.sdk.display; failing!
07-25 14:25:03.289   867   867 E PackageManager: updateAllSharedLibrariesLPw failed: Package com.quicinc.cne.CNEService requires unavailable shared library com.quicinc.cne; failing!
07-25 14:25:03.289   867   867 E PackageManager: updateAllSharedLibrariesLPw failed: Package com.qualcomm.qti.radioconfiginterface requires unavailable shared library com.qualcomm.qti.radioconfiginterfacelibrary; failing!
07-25 14:25:03.295   867   867 I PackageManager: Time to scan packages: 0.479 seconds
07-25 14:25:03.296   867   867 W PackageManager: Privileged permission android.permission.SET_MEDIA_KEY_LISTENER for package com.google.android.googlequicksearchbox - not in privapp-permissions whitelist
07-25 14:25:03.296   867   867 W PackageManager: Privileged permission android.permission.SET_VOLUME_KEY_LONG_PRESS_LISTENER for package com.google.android.googlequicksearchbox - not in privapp-permissions whitelist
07-25 14:25:03.296   867   867 W PackageManager: Privileged permission android.permission.INSTALL_PACKAGES for package com.verizon.mips.services - not in privapp-permissions whitelist
07-25 14:25:03.296   867   867 W PackageManager: Privileged permission android.permission.READ_FRAME_BUFFER for package com.verizon.mips.services - not in privapp-permissions whitelist
07-25 14:25:03.296   867   867 W PackageManager: Privileged permission android.permission.UPDATE_APP_OPS_STATS for package com.verizon.mips.services - not in privapp-permissions whitelist
07-25 14:25:03.296   867   867 W PackageManager: Privileged permission android.permission.DUMP for package com.verizon.mips.services - not in privapp-permissions whitelist
07-25 14:25:03.296   867   867 W PackageManager: Privileged permission android.permission.WRITE_SECURE_SETTINGS for package com.verizon.mips.services - not in privapp-permissions whitelist
07-25 14:25:03.297   867   867 I PackageManager: Un-granting permission android.permission.INSTALL_GRANT_RUNTIME_PERMISSIONS from package com.android.vending (protectionLevel=770 flags=0x384abec5)
07-25 14:25:03.297   867   867 I PackageManager: Un-granting permission android.permission.GRANT_RUNTIME_PERMISSIONS from package com.android.vending (protectionLevel=770 flags=0x384abec5)
07-25 14:25:03.297   867   867 I PackageManager: Un-granting permission android.permission.REVOKE_RUNTIME_PERMISSIONS from package com.android.vending (protectionLevel=770 flags=0x384abec5)
07-25 14:25:03.297   867   867 W PackageManager: Privileged permission android.permission.BACKUP for package com.android.vending - not in privapp-permissions whitelist
07-25 14:25:03.297   867   867 I PackageManager: Un-granting permission android.permission.SET_PREFERRED_APPLICATIONS from package com.android.vending (protectionLevel=514 flags=0x384abec5)
07-25 14:25:03.297   867   867 I PackageManager: Un-granting permission android.permission.ACCESS_INSTANT_APPS from package com.android.vending (protectionLevel=770 flags=0x384abec5)
07-25 14:25:03.298   867   867 W PackageManager: Privileged permission android.permission.CAPTURE_AUDIO_OUTPUT for package com.google.android.dialer - not in privapp-permissions whitelist
07-25 14:25:03.299   867   867 I PackageManager: Un-granting permission android.permission.CLEAR_APP_USER_DATA from package com.google.android.packageinstaller (protectionLevel=258 flags=0x38483e45)
07-25 14:25:03.299   867   867 I PackageManager: Un-granting permission android.permission.GRANT_RUNTIME_PERMISSIONS from package com.google.android.packageinstaller (protectionLevel=770 flags=0x38483e45)
07-25 14:25:03.299   867   867 I PackageManager: Un-granting permission android.permission.REVOKE_RUNTIME_PERMISSIONS from package com.google.android.packageinstaller (protectionLevel=770 flags=0x38483e45)
07-25 14:25:03.299   867   867 I PackageManager: Un-granting permission android.permission.INSTALL_GRANT_RUNTIME_PERMISSIONS from package com.google.android.packageinstaller (protectionLevel=770 flags=0x38483e45)
07-25 14:25:03.299   867   867 I PackageManager: Un-granting permission android.permission.INTERACT_ACROSS_USERS_FULL from package com.google.android.packageinstaller (protectionLevel=258 flags=0x38483e45)
07-25 14:25:03.299   867   867 I PackageManager: Un-granting permission android.permission.KILL_UID from package com.google.android.packageinstaller (protectionLevel=258 flags=0x38483e45)
07-25 14:25:03.299   867   867 I PackageManager: Un-granting permission android.permission.MANAGE_APP_OPS_RESTRICTIONS from package com.google.android.packageinstaller (protectionLevel=258 flags=0x38483e45)
07-25 14:25:03.299   867   867 I PackageManager: Un-granting permission android.permission.HIDE_NON_SYSTEM_OVERLAY_WINDOWS from package com.google.android.packageinstaller (protectionLevel=258 flags=0x38483e45)
07-25 14:25:03.299   867   867 I PackageManager: Un-granting permission android.permission.ACCESS_INSTANT_APPS from package com.google.android.packageinstaller (protectionLevel=770 flags=0x38483e45)
07-25 14:25:03.299   867   867 W PackageManager: Privileged permission android.permission.PACKET_KEEPALIVE_OFFLOAD for package com.google.android.ims - not in privapp-permissions whitelist
07-25 14:25:03.299   867   867 W PackageManager: Privileged permission android.permission.CONNECTIVITY_USE_RESTRICTED_NETWORKS for package com.google.android.ims - not in privapp-permissions whitelist
07-25 14:25:03.300   867   867 W PackageManager: Privileged permission android.permission.PACKAGE_USAGE_STATS for package com.google.android.apps.turbo - not in privapp-permissions whitelist
07-25 14:25:03.301   867   867 W PackageManager: Privileged permission android.permission.PACKET_KEEPALIVE_OFFLOAD for package com.google.android.apps.gcs - not in privapp-permissions whitelist
07-25 14:25:03.301   867   867 V PackageManager: reconcileAppsData for null u0 0x1 migrateAppData=true
07-25 14:25:03.346   867   867 V PackageManager: reconcileAppsData finished 23 packages
07-25 14:25:03.594   867   867 I SystemServer: StartOtaDexOptService
07-25 14:25:03.595   867   867 D OTADexopt: No upgrade, skipping A/B artifacts check.
07-25 14:25:03.595   867   867 I SystemServer: StartUserManagerService
07-25 14:25:03.595   867   867 I SystemServiceManager: Starting com.android.server.pm.UserManagerService$LifeCycle
07-25 14:25:03.596   867   867 I SystemServer: InitAttributerCache
07-25 14:25:03.596   867   867 I SystemServer: SetSystemProcess
07-25 14:25:03.604   867   867 I SystemServer: StartOverlayManagerService
07-25 14:25:03.606   867   867 I SystemServer: StartDropBoxManager
07-25 14:25:03.606   867   867 I SystemServiceManager: Starting com.android.server.DropBoxManagerService
07-25 14:25:03.611   867   867 I SystemServer: StartBatteryService
07-25 14:25:03.612   867   867 I SystemServiceManager: Starting com.android.server.BatteryService
07-25 14:25:03.616   867   867 I SystemServer: StartUsageService
07-25 14:25:03.620   867   867 I SystemServiceManager: Starting com.android.server.usage.UsageStatsService
07-25 14:25:03.629   867   867 I SystemServer: StartWebViewUpdateService
07-25 14:25:03.629   867   867 I SystemServiceManager: Starting com.android.server.webkit.WebViewUpdateService
07-25 14:25:03.632   867   890 I SystemServer: SecondaryZygotePreload
07-25 14:25:03.632   867   867 I SystemServer: StartKeyAttestationApplicationIdProviderService
07-25 14:25:03.634   867   867 I SystemServer: StartKeyChainSystemService
07-25 14:25:03.634   867   867 I SystemServiceManager: Starting com.android.server.security.KeyChainSystemService
07-25 14:25:03.634   867   867 I SystemServer: StartSchedulingPolicyService
07-25 14:25:03.635   867   867 I SystemServer: StartTelecomLoaderService
07-25 14:25:03.635   867   867 I SystemServiceManager: Starting com.android.server.telecom.TelecomLoaderService
07-25 14:25:03.636   867   867 I SystemServer: StartTelephonyRegistry
07-25 14:25:03.638   867   867 I SystemServer: StartEntropyMixer
07-25 14:25:03.641   867   867 I EntropyMixer: Writing entropy...
07-25 14:25:03.647   867   867 I SystemServer: StartAccountManagerService
07-25 14:25:03.648   867   867 I SystemServiceManager: Starting com.android.server.accounts.AccountManagerService$Lifecycle
07-25 14:25:03.660   867   867 I SystemServer: StartContentService
07-25 14:25:03.660   867   867 I SystemServiceManager: Starting com.android.server.content.ContentService$Lifecycle
07-25 14:25:03.662   867   867 I SystemServer: InstallSystemProviders
07-25 14:25:03.712   867   867 I SystemServer: StartVibratorService
07-25 14:25:03.720   867   867 I SystemServer: StartConsumerIrService
07-25 14:25:03.726   867   867 I SystemServer: StartAlarmManagerService
07-25 14:25:03.726   867   867 I SystemServiceManager: Starting com.android.server.AlarmManagerService
07-25 14:25:03.736   867   867 I SystemServer: InitWatchdog
07-25 14:25:03.736   867   867 I SystemServer: StartInputManagerService
07-25 14:25:03.737   867   867 I InputManager: Initializing input manager, mUseDevInputEventForAudioJack=true
07-25 14:25:03.739   867   867 I SystemServer: StartWindowManagerService
07-25 14:25:03.864   867   915 I WindowManager: No existing display settings /data/system/display_settings.xml; starting empty
07-25 14:25:03.932   867   867 I SystemServer: StartVrManagerService
07-25 14:25:03.932   867   867 I SystemServiceManager: Starting com.android.server.vr.VrManagerService
07-25 14:25:03.942   867   867 I SystemServer: SetWindowManagerService
07-25 14:25:03.945   867   867 I SystemServer: StartInputManager
07-25 14:25:03.945   867   867 I InputManager: Starting input manager
07-25 14:25:03.946   867   867 I SystemServer: DisplayManagerWindowManagerAndInputReady
07-25 14:25:03.946   867   867 I SystemServer: StartBluetoothService
07-25 14:25:03.947   867   867 I SystemServiceManager: Starting com.android.server.BluetoothService
07-25 14:25:03.949   867   867 D BluetoothManagerService: Loading stored name and address
07-25 14:25:03.949   867   867 D BluetoothManagerService: Stored bluetooth Name=Pixel,Address=AC:37:43:8D:7F:44
07-25 14:25:03.949   867   867 D BluetoothManagerService: Bluetooth persisted state: 1
07-25 14:25:03.949   867   867 D BluetoothManagerService: Startup: Bluetooth persisted state is ON.
07-25 14:25:03.949   867   867 I SystemServer: IpConnectivityMetrics
07-25 14:25:03.949   867   867 I SystemServiceManager: Starting com.android.server.connectivity.IpConnectivityMetrics
07-25 14:25:03.950   867   867 I SystemServer: PinnerService
07-25 14:25:03.950   867   867 I SystemServiceManager: Starting com.android.server.PinnerService
07-25 14:25:03.951   867   867 I SystemServer: StartInputMethodManagerLifecycle
07-25 14:25:03.951   867   867 I SystemServiceManager: Starting com.android.server.InputMethodManagerService$Lifecycle
07-25 14:25:03.994   867   867 I SystemServer: StartAccessibilityManagerService
07-25 14:25:03.998   867   867 I SystemServer: MakeDisplayReady
07-25 14:25:04.000   867   867 I ActivityManager: Config changes=5df8 {1.0 ?mcc?mnc [en_US] ldltr sw411dp w411dp h731dp 420dpi nrml long port ?uimode ?night -touch -keyb/v/h -nav/h appBounds=Rect(0, 0 - 1080, 1920) s.2}
07-25 14:25:04.005   867   867 I ActivityManager: Override config changes=40007dfc {1.0 ?mcc?mnc [en_US] ldltr sw411dp w411dp h731dp 420dpi nrml long port ?uimode ?night -touch -keyb/v/h -nav/h appBounds=Rect(0, 0 - 1080, 1920) s.2} for displayId=0
07-25 14:25:04.008   867  1078 I PackageManager: Deferred reconcileAppsData finished 162 packages
07-25 14:25:04.027   867   867 I ActivityManager: Config changes=500 {1.0 ?mcc?mnc [en_US] ldltr sw411dp w411dp h659dp 420dpi nrml port ?uimode ?night -touch -keyb/v/h -nav/h appBounds=Rect(0, 0 - 1080, 1794) s.3}
07-25 14:25:04.031   867   867 I ActivityManager: Override config changes=500 {1.0 ?mcc?mnc [en_US] ldltr sw411dp w411dp h659dp 420dpi nrml port ?uimode ?night -touch -keyb/v/h -nav/h appBounds=Rect(0, 0 - 1080, 1794) s.3} for displayId=0
07-25 14:25:04.034   867   867 I SystemServer: StartStorageManagerService
07-25 14:25:04.034   867   867 I SystemServiceManager: Starting com.android.server.StorageManagerService$Lifecycle
07-25 14:25:04.045   867   867 I SystemServer: StartStorageStatsService
07-25 14:25:04.046   867   867 I SystemServiceManager: Starting com.android.server.usage.StorageStatsService$Lifecycle
07-25 14:25:04.046   867  1126 D StorageManagerService: Thinking about init, mSystemReady=false, mDaemonConnected=true
07-25 14:25:04.046   867  1126 D StorageManagerService: Thinking about reset, mSystemReady=false, mDaemonConnected=true
07-25 14:25:04.046   867  1126 D StorageManagerService: Thinking about init, mSystemReady=false, mDaemonConnected=true
07-25 14:25:04.046   867  1126 D StorageManagerService: Thinking about reset, mSystemReady=false, mDaemonConnected=true
07-25 14:25:04.046   867  1126 D CryptdConnector: SND -> {1 cryptfs getfield SystemLocale}
07-25 14:25:04.058   867   867 I SystemServer: StartUiModeManager
07-25 14:25:04.068   867   867 I SystemServiceManager: Starting com.android.server.UiModeManagerService
07-25 14:25:04.070   867  1095 I ActivityManager: Config changes=200 {1.0 ?mcc?mnc [en_US] ldltr sw411dp w411dp h659dp 420dpi nrml port -touch -keyb/v/h -nav/h appBounds=Rect(0, 0 - 1080, 1794) s.4}
07-25 14:25:04.074   867   867 I SystemServer: UpdatePackagesIfNeeded
07-25 14:25:04.074   867   867 I SystemServer: PerformFstrimIfNeeded
07-25 14:25:04.075   867   867 I SystemServer: StartLockSettingsService
07-25 14:25:04.075   867  1095 I ActivityManager: Override config changes=200 {1.0 ?mcc?mnc [en_US] ldltr sw411dp w411dp h659dp 420dpi nrml port -touch -keyb/v/h -nav/h appBounds=Rect(0, 0 - 1080, 1794) s.4} for displayId=0
07-25 14:25:04.075   867   867 I SystemServiceManager: Starting com.android.server.locksettings.LockSettingsService$Lifecycle
07-25 14:25:04.085   540   569 E Cryptfs : Cannot get field when file encrypted
07-25 14:25:04.086   867  1128 D CryptdConnector: RCV <- {200 1 -1}
07-25 14:25:04.089   867  1126 W StorageManagerService: No primary storage mounted!
07-25 14:25:04.089   867  1126 D VoldConnector: SND -> {1 asec list}
07-25 14:25:04.090   867  1127 D VoldConnector: RCV <- {200 1 asec operation succeeded}
07-25 14:25:04.090   867  1126 W PackageManager: Privileged permission android.permission.SET_MEDIA_KEY_LISTENER for package com.google.android.googlequicksearchbox - not in privapp-permissions whitelist
07-25 14:25:04.091   867  1126 W PackageManager: Privileged permission android.permission.SET_VOLUME_KEY_LONG_PRESS_LISTENER for package com.google.android.googlequicksearchbox - not in privapp-permissions whitelist
07-25 14:25:04.091   867  1126 W PackageManager: Privileged permission android.permission.INSTALL_PACKAGES for package com.verizon.mips.services - not in privapp-permissions whitelist
07-25 14:25:04.091   867  1126 W PackageManager: Privileged permission android.permission.READ_FRAME_BUFFER for package com.verizon.mips.services - not in privapp-permissions whitelist
07-25 14:25:04.091   867  1126 W PackageManager: Privileged permission android.permission.UPDATE_APP_OPS_STATS for package com.verizon.mips.services - not in privapp-permissions whitelist
07-25 14:25:04.091   867  1126 W PackageManager: Privileged permission android.permission.DUMP for package com.verizon.mips.services - not in privapp-permissions whitelist
07-25 14:25:04.091   867  1126 W PackageManager: Privileged permission android.permission.WRITE_SECURE_SETTINGS for package com.verizon.mips.services - not in privapp-permissions whitelist
07-25 14:25:04.091   867  1126 W PackageManager: Privileged permission android.permission.BACKUP for package com.android.vending - not in privapp-permissions whitelist
07-25 14:25:04.092   867  1126 W PackageManager: Privileged permission android.permission.CAPTURE_AUDIO_OUTPUT for package com.google.android.dialer - not in privapp-permissions whitelist
07-25 14:25:04.094   867  1126 W PackageManager: Privileged permission android.permission.PACKET_KEEPALIVE_OFFLOAD for package com.google.android.ims - not in privapp-permissions whitelist
07-25 14:25:04.094   867  1126 W PackageManager: Privileged permission android.permission.CONNECTIVITY_USE_RESTRICTED_NETWORKS for package com.google.android.ims - not in privapp-permissions whitelist
07-25 14:25:04.095   867  1126 W PackageManager: Privileged permission android.permission.PACKAGE_USAGE_STATS for package com.google.android.apps.turbo - not in privapp-permissions whitelist
07-25 14:25:04.096   867  1126 W PackageManager: Privileged permission android.permission.PACKET_KEEPALIVE_OFFLOAD for package com.google.android.apps.gcs - not in privapp-permissions whitelist
07-25 14:25:04.097   867   867 I SystemServer: StartPersistentDataBlock
07-25 14:25:04.097   867   867 I SystemServiceManager: Starting com.android.server.PersistentDataBlockService
07-25 14:25:04.102   867   867 I SystemServer: StartOemLockService
07-25 14:25:04.102   867   867 I SystemServiceManager: Starting com.android.server.oemlock.OemLockService
07-25 14:25:04.106   867   867 I OemLock : OemLock HAL not present on device
07-25 14:25:04.106   867   867 I OemLock : Using persistent data block based lock
07-25 14:25:04.108   867   867 I SystemServer: StartDeviceIdleController
07-25 14:25:04.109   867   867 I SystemServiceManager: Starting com.android.server.DeviceIdleController
07-25 14:25:04.126   867  1123 I ActivityManager: Config changes=8 {1.0 ?mcc?mnc [en_US] ldltr sw411dp w411dp h659dp 420dpi nrml port finger -keyb/v/h -nav/h appBounds=Rect(0, 0 - 1080, 1794) s.5}
07-25 14:25:04.131   867  1123 I ActivityManager: Override config changes=8 {1.0 ?mcc?mnc [en_US] ldltr sw411dp w411dp h659dp 420dpi nrml port finger -keyb/v/h -nav/h appBounds=Rect(0, 0 - 1080, 1794) s.5} for displayId=0
07-25 14:25:04.166   867  1126 W StorageManagerService: No primary storage mounted!
07-25 14:25:04.166   867  1126 D VoldConnector: SND -> {2 asec list}
07-25 14:25:04.166   867  1127 D VoldConnector: RCV <- {200 2 asec operation succeeded}
07-25 14:25:04.168   867   867 W SystemServiceManager: Service com.android.server.DeviceIdleController took 56 ms in onStart
07-25 14:25:04.168   867   867 I SystemServer: StartDevicePolicyManager
07-25 14:25:04.168   867   867 I SystemServiceManager: Starting com.android.server.devicepolicy.DevicePolicyManagerService$Lifecycle
07-25 14:25:04.173   867   867 I SystemServer: StartStatusBarManagerService
07-25 14:25:04.175   867   867 I SystemServer: StartClipboardService
07-25 14:25:04.175   867   867 I SystemServiceManager: Starting com.android.server.clipboard.ClipboardService
07-25 14:25:04.179   867   867 I SystemServer: StartNetworkManagementService
07-25 14:25:04.182   867  1133 I NetworkManagement: onDaemonConnected()
07-25 14:25:04.183   867   867 I SystemServer: StartTextServicesManager
07-25 14:25:04.183   867   867 I SystemServiceManager: Starting com.android.server.TextServicesManagerService$Lifecycle
07-25 14:25:04.185   867   867 W TextServicesManagerService: no available spell checker services found
07-25 14:25:04.185   867   867 I SystemServer: StartNetworkScoreService
07-25 14:25:04.188   867   867 I SystemServer: StartNetworkStatsService
07-25 14:25:04.191   867   892 I UsageStatsService: User[0] Rollover scheduled @ 2018-07-25 20:08:02(1532529482479)
07-25 14:25:04.196   867   867 I SystemServer: StartNetworkPolicyManagerService
07-25 14:25:04.200   867   867 I SystemServer: StartWifi
07-25 14:25:04.205   867   867 I SystemServiceManager: Starting com.android.server.wifi.WifiService
07-25 14:25:04.266   867   867 I SystemServer: StartWifiScanning
07-25 14:25:04.266   867   867 I SystemServiceManager: Starting com.android.server.wifi.scanner.WifiScanningService
07-25 14:25:04.269   867   867 I SystemServer: StartWifiRtt
07-25 14:25:04.270   867   867 I SystemServiceManager: Starting com.android.server.wifi.RttService
07-25 14:25:04.271   867   867 I SystemServer: No Wi-Fi Aware Service (Aware support Not Present)
07-25 14:25:04.271   867   867 I SystemServer: StartWifiP2P
07-25 14:25:04.271   867   867 I SystemServiceManager: Starting com.android.server.wifi.p2p.WifiP2pService
07-25 14:25:04.277   867   867 I SystemServer: StartEthernet
07-25 14:25:04.278   867   867 I SystemServiceManager: Starting com.android.server.ethernet.EthernetService
07-25 14:25:04.285   867   867 I SystemServer: StartConnectivityService
07-25 14:25:04.289   867   867 D ConnectivityService: ConnectivityService starting up
07-25 14:25:04.291   867   867 D ConnectivityService: wifiOnly=false
07-25 14:25:04.301   867   867 I SystemServer: StartNsdService
07-25 14:25:04.303   867   867 D NsdService: Network service discovery is enabled
07-25 14:25:04.306   867   867 I SystemServer: StartUpdateLockService
07-25 14:25:04.307   867   867 I SystemServer: WaitForAsecScan
07-25 14:25:04.307   867   867 I SystemServer: StartNotificationManager
07-25 14:25:04.307   867   867 I SystemServiceManager: Starting com.android.server.notification.NotificationManagerService
07-25 14:25:04.321   867   867 D ConditionProviders.SCP: new ScheduleConditionProvider()
07-25 14:25:04.334   703   739 I /system/bin/storaged: storaged: Start
07-25 14:25:04.336   867   867 I NotificationListeners: Read notification listener permissions from xml
07-25 14:25:04.336   867   867 I ConditionProviders: Read condition provider permissions from xml
07-25 14:25:04.336   867   867 I ConditionProviders: Read condition provider permissions from xml
07-25 14:25:04.340   867   867 I SystemServer: StartDeviceMonitor
07-25 14:25:04.341   867   867 I SystemServiceManager: Starting com.android.server.storage.DeviceStorageMonitorService
07-25 14:25:04.349   867   867 I SystemServer: StartLocationManagerService
07-25 14:25:04.350   867   867 I SystemServer: StartCountryDetectorService
07-25 14:25:04.351   867   867 I SystemServer: StartSearchManagerService
07-25 14:25:04.351   867   867 I SystemServiceManager: Starting com.android.server.search.SearchManagerService$Lifecycle
07-25 14:25:04.356   867   867 I SystemServer: StartWallpaperManagerService
07-25 14:25:04.356   867   867 I SystemServiceManager: Starting com.android.server.wallpaper.WallpaperManagerService$Lifecycle
07-25 14:25:04.358   867   867 I WallpaperManagerService: No static wallpaper imagery; defaults will be shown
07-25 14:25:04.360   867   867 I SystemServer: StartAudioService
07-25 14:25:04.361   867   867 I SystemServiceManager: Starting com.android.server.audio.AudioService$Lifecycle
07-25 14:25:11.938   867   867 I SystemServer: StartDockObserver
07-25 14:25:11.939   867   867 I SystemServiceManager: Starting com.android.server.DockObserver
07-25 14:25:11.940   867   867 W DockObserver: This kernel does not have dock station support
07-25 14:25:11.942   867   867 I SystemServer: StartWiredAccessoryManager
07-25 14:25:11.944   867   867 W WiredAccessoryManager: This kernel does not have usb audio support
07-25 14:25:11.944   867   867 I SystemServer: StartMidiManager
07-25 14:25:11.944   867   867 I SystemServiceManager: Starting com.android.server.midi.MidiService$Lifecycle
07-25 14:25:11.948   867   867 I SystemServer: StartUsbService
07-25 14:25:11.948   867   867 I SystemServiceManager: Starting com.android.server.usb.UsbService$Lifecycle
07-25 14:25:11.951   867   867 E AlsaCardRecord: Failed to parse line 0 of /proc/asound/cards: ---
07-25 14:25:11.965   867  1122 I UsbPortManager: Usb hal service started android.hardware.usb@1.0::IUsb default
07-25 14:25:11.977   867   867 I SystemServer: StartSerialService
07-25 14:25:11.978   867   867 I SystemServer: StartHardwarePropertiesManagerService
07-25 14:25:11.982   867   867 I SystemServer: StartTwilightService
07-25 14:25:11.982   867   867 I SystemServiceManager: Starting com.android.server.twilight.TwilightService
07-25 14:25:11.983   867   867 I SystemServer: StartNightDisplay
07-25 14:25:11.983   867   867 I SystemServiceManager: Starting com.android.server.display.NightDisplayService
07-25 14:25:11.984   867   867 I SystemServer: StartJobScheduler
07-25 14:25:11.984   867   867 I SystemServiceManager: Starting com.android.server.job.JobSchedulerService
07-25 14:25:11.990   867   867 D JobStore: Start tag: job-info
07-25 14:25:12.003   867   867 I JobStore: Read 80 jobs
07-25 14:25:12.006   867   867 D ConnectivityService: requestNetwork for uid/pid:1000/867 NetworkRequest [ TRACK_DEFAULT id=3, [ Capabilities: INTERNET&NOT_RESTRICTED&TRUSTED&NOT_VPN] ]
07-25 14:25:12.012   867   867 I SystemServer: StartSoundTrigger
07-25 14:25:12.012   867   867 I SystemServiceManager: Starting com.android.server.soundtrigger.SoundTriggerService
07-25 14:25:12.015   867   867 I SystemServer: StartTrustManager
07-25 14:25:12.016   867   867 I SystemServiceManager: Starting com.android.server.trust.TrustManagerService
07-25 14:25:12.018   867   867 I SystemServer: StartBackupManager
07-25 14:25:12.019   867   867 I SystemServiceManager: Starting com.android.server.backup.BackupManagerService$Lifecycle
07-25 14:25:12.022   867   867 I SystemServer: StartAppWidgerService
07-25 14:25:12.023   867   867 I SystemServiceManager: Starting com.android.server.appwidget.AppWidgetService
07-25 14:25:12.034   867   867 I SystemServer: StartVoiceRecognitionManager
07-25 14:25:12.035   867   867 I SystemServiceManager: Starting com.android.server.voiceinteraction.VoiceInteractionManagerService
07-25 14:25:12.041   867   867 I SystemServer: StartGestureLauncher
07-25 14:25:12.041   867   867 I SystemServiceManager: Starting com.android.server.GestureLauncherService
07-25 14:25:12.042   867   867 I SystemServer: StartSensorNotification
07-25 14:25:12.042   867   867 I SystemServiceManager: Starting com.android.server.SensorNotificationService
07-25 14:25:12.044   867   867 I SystemServer: StartContextHubSystemService
07-25 14:25:12.044   867   867 I SystemServiceManager: Starting com.android.server.ContextHubSystemService
07-25 14:25:12.045   867   867 I SystemServer: StartDiskStatsService
07-25 14:25:12.049   867   867 I SystemServer: StartTimeZoneRulesManagerService
07-25 14:25:12.050   867   867 I SystemServiceManager: Starting com.android.server.timezone.RulesManagerService$Lifecycle
07-25 14:25:12.054   867   867 D timezone.PackageTracker: Update app com.android.timezone.updater is valid.
07-25 14:25:12.054   867   867 D timezone.PackageTracker: Data app com.google.android.timezone.data is valid.
07-25 14:25:12.057   867   867 D timezone.TimeZoneUpdateIdler: schedule() called: minimumDelayMillis=360000
07-25 14:25:12.057   867   867 I timezone.PackageTracker: Time zone updater / data package tracking enabled
07-25 14:25:12.058   867   867 I SystemServer: StartNetworkTimeUpdateService
07-25 14:25:12.060   867   867 I SystemServer: StartCommonTimeManagementService
07-25 14:25:12.063   867   867 I SystemServer: CertBlacklister
07-25 14:25:12.067   867   867 I SystemServer: StartEmergencyAffordanceService
07-25 14:25:12.067   867   867 I SystemServiceManager: Starting com.android.server.emergency.EmergencyAffordanceService
07-25 14:25:12.068   867   867 I SystemServer: StartDreamManager
07-25 14:25:12.068   867   867 I SystemServiceManager: Starting com.android.server.dreams.DreamManagerService
07-25 14:25:12.074   867   867 I SystemServer: AddGraphicsStatsService
07-25 14:25:12.079   867   867 I SystemServer: StartPrintManager
07-25 14:25:12.079   867   867 I SystemServiceManager: Starting com.android.server.print.PrintManagerService
07-25 14:25:12.089   867   867 I SystemServer: StartCompanionDeviceManager
07-25 14:25:12.090   867   867 I SystemServiceManager: Starting com.android.server.companion.CompanionDeviceManagerService
07-25 14:25:12.095   867   867 I SystemServer: StartRestrictionManager
07-25 14:25:12.096   867   867 I SystemServiceManager: Starting com.android.server.restrictions.RestrictionsManagerService
07-25 14:25:12.098   867   867 I SystemServer: StartMediaSessionService
07-25 14:25:12.099   867   867 I SystemServiceManager: Starting com.android.server.media.MediaSessionService
07-25 14:25:12.105   867   867 I SystemServer: StartMediaResourceMonitor
07-25 14:25:12.105   867   867 I SystemServiceManager: Starting com.android.server.media.MediaResourceMonitorService
07-25 14:25:12.107   867   867 I SystemServer: StartMediaRouterService
07-25 14:25:12.111   867   867 I SystemServer: StartFingerprintSensor
07-25 14:25:12.112   867   867 I SystemServiceManager: Starting com.android.server.fingerprint.FingerprintService
07-25 14:25:12.117   867  1095 V FingerprintService: mDeamon was null, reconnect to fingerprint
07-25 14:25:12.117   867   867 I SystemServer: StartBackgroundDexOptService
07-25 14:25:12.120   867   867 I SystemServer: StartPruneInstantAppsJobService
07-25 14:25:12.121   867   867 I SystemServer: StartShortcutServiceLifecycle
07-25 14:25:12.122   867   867 I SystemServiceManager: Starting com.android.server.pm.ShortcutService$Lifecycle
07-25 14:25:12.122   867  1095 V FingerprintService: Fingerprint HAL id: 539933024256
07-25 14:25:12.130   867   867 I SystemServer: StartLauncherAppsService
07-25 14:25:12.130   867   867 I SystemServiceManager: Starting com.android.server.pm.LauncherAppsService
07-25 14:25:12.134   867   867 I SystemServer: StartMediaProjectionManager
07-25 14:25:12.135   867   867 I SystemServiceManager: Starting com.android.server.media.projection.MediaProjectionManagerService
07-25 14:25:12.149   867   867 I SystemServer: StartCameraServiceProxy
07-25 14:25:12.150   867   867 I SystemServiceManager: Starting com.android.server.camera.CameraServiceProxy
07-25 14:25:12.160   867   867 I SystemServer: StartJitCompilation
07-25 14:25:12.160   867   867 I SystemServer: StartMmsService
07-25 14:25:12.160   867   867 I SystemServiceManager: Starting com.android.server.MmsServiceBroker
07-25 14:25:12.162   867   867 I SystemServer: StartAutoFillService
07-25 14:25:12.162   867   867 I SystemServiceManager: Starting com.android.server.autofill.AutofillManagerService
07-25 14:25:12.163   867   867 I AutofillManagerService: Setting debug to false
07-25 14:25:12.166   867   867 I SystemServer: MakeVibratorServiceReady
07-25 14:25:12.168   867   867 I SystemServer: MakeLockSettingsServiceReady
07-25 14:25:12.188   867   867 I SyntheticPasswordManager: Device does not support weaver
07-25 14:25:12.190   867   867 E LockSettingsStorage: Cannot read file java.io.FileNotFoundException: /data/system/gatekeeper.password.key: open failed: ENOENT (No such file or directory)
07-25 14:25:12.191   867   867 E LockSettingsStorage: Cannot read file java.io.FileNotFoundException: /data/system/password.key: open failed: ENOENT (No such file or directory)
07-25 14:25:12.191   867   867 E LockSettingsStorage: Cannot read file java.io.FileNotFoundException: /data/system/gatekeeper.pattern.key: open failed: ENOENT (No such file or directory)
07-25 14:25:12.192   867   867 E LockSettingsStorage: Cannot read file java.io.FileNotFoundException: /data/system/gatekeeper.gesture.key: open failed: ENOENT (No such file or directory)
07-25 14:25:12.192   867   867 E LockSettingsStorage: Cannot read file java.io.FileNotFoundException: /data/system/gesture.key: open failed: ENOENT (No such file or directory)
07-25 14:25:12.193   867   867 I SystemServer: StartBootPhaseLockSettingsReady
07-25 14:25:12.193   867   867 I SystemServiceManager: Starting phase 480
07-25 14:25:12.220   867   867 I DevicePolicyManager: Set ro.device_owner property to false
07-25 14:25:12.222   867   867 I SystemServer: StartBootPhaseSystemServicesReady
07-25 14:25:12.222   867   867 I SystemServiceManager: Starting phase 500
07-25 14:25:12.225   867   867 I ConditionProviders:  Allowing condition provider com.google.vr.vrcore
07-25 14:25:12.225   867   867 V ConditionProviders: enabling condition provider for 0: ComponentInfo{com.google.vr.vrcore/com.google.vr.vrcore.common.VrCoreZenConditionProvider}
07-25 14:25:12.226   867   867 V ConditionProviders: binding: Intent { act=android.service.notification.ConditionProviderService cmp=com.google.vr.vrcore/.common.VrCoreZenConditionProvider (has extras) }
07-25 14:25:12.227   867   867 I ConditionProviders:  Allowing condition provider com.google.vr.vrcore/com.google.vr.vrcore.notification.VrNotificationService
07-25 14:25:12.228   867   867 V ConditionProviders: enabling condition provider for 0: ComponentInfo{com.google.vr.vrcore/com.google.vr.vrcore.common.VrCoreZenConditionProvider}
07-25 14:25:12.228   867   867 V ConditionProviders: Not registering ComponentInfo{com.google.vr.vrcore/com.google.vr.vrcore.common.VrCoreZenConditionProvider} as bind is already in progress
07-25 14:25:12.228   867   867 I NotificationListeners:  Allowing notification listener com.google.vr.vrcore/com.google.vr.vrcore.notification.VrNotificationService
07-25 14:25:12.228   867   867 V NotificationListeners: enabling notification listener for 0: ComponentInfo{com.google.vr.vrcore/com.google.vr.vrcore.notification.VrNotificationService}
07-25 14:25:12.228   867   867 V NotificationListeners: binding: Intent { act=android.service.notification.NotificationListenerService cmp=com.google.vr.vrcore/.notification.VrNotificationService (has extras) }
07-25 14:25:12.228   867   867 V NotificationListeners: enabling notification listener for 0: ComponentInfo{com.google.android.apps.nexuslauncher/com.android.launcher3.notification.NotificationListener}
07-25 14:25:12.228   867   867 V NotificationListeners: binding: Intent { act=android.service.notification.NotificationListenerService cmp=com.google.android.apps.nexuslauncher/com.android.launcher3.notification.NotificationListener (has extras) }
07-25 14:25:12.228   867   867 W ActivityManager: Unable to start service Intent { act=android.service.notification.NotificationListenerService cmp=com.google.android.apps.nexuslauncher/com.android.launcher3.notification.NotificationListener } U=0: not found
07-25 14:25:12.228   867   867 W NotificationListeners: Unable to bind notification listener service: Intent { act=android.service.notification.NotificationListenerService cmp=com.google.android.apps.nexuslauncher/com.android.launcher3.notification.NotificationListener (has extras) }
07-25 14:25:12.233   867   867 I WifiService: WifiService starting up with Wi-Fi enabled
07-25 14:25:12.241   867   867 D WifiService: setWifiEnabled: true pid=867, uid=1000, package=android
07-25 14:25:12.242   663   663 I android.hardware.wifi@1.0-service: Wifi HAL started
07-25 14:25:12.245   867  1161 D ConnectivityService: Got NetworkFactory Messenger for Ethernet
07-25 14:25:12.251   867   867 W SoundTriggerHelper: listModules status=0, # of modules=0
07-25 14:25:12.253   867   867 I SystemServer: MakeWindowManagerServiceReady
07-25 14:25:12.257   867   867 I SystemServer: MakePowerManagerServiceReady
07-25 14:25:12.264   867   932 W KeyguardServiceDelegate: onScreenTurningOn(): no keyguard service!
07-25 14:25:12.264   867   867 I SystemServer: MakePackageManagerServiceReady
07-25 14:25:12.270   867   867 V UserDataPreparer: Found /data/user_de/0 with serial number 0
07-25 14:25:12.270   867   867 V UserDataPreparer: Found /data/user/0 with serial number 0
07-25 14:25:12.271   867   867 V UserDataPreparer: Found /data/system_de/0 with serial number 0
07-25 14:25:12.271   867   867 V UserDataPreparer: Found /data/system_ce/0 with serial number 0
07-25 14:25:12.271   867   867 V UserDataPreparer: Found /data/misc_ce/0 with serial number 0
07-25 14:25:12.272   867   867 I SystemServer: MakeDisplayManagerServiceReady
07-25 14:25:12.275   867   867 I ActivityManager: System now ready
07-25 14:25:12.276   867   867 I ActivityManager: Config changes=100 {1.0 ?mcc?mnc [en_US] ldltr sw411dp w411dp h659dp 420dpi nrml port finger -keyb/v/h -nav/h appBounds=Rect(0, 0 - 1080, 1794) s.6}
