07-25 15:44:54.734  7729  7734 I zygote64: After code cache collection, code=122KB, data=69KB
07-25 15:44:54.734  7729  7734 I zygote64: Increasing code cache capacity to 512KB
07-25 15:44:55.141  1395  1848 I chatty  : uid=1002(bluetooth) BluetoothMapHan expire 1 line
07-25 15:44:55.268  7729  7734 I zygote64: Do full code cache collection, code=250KB, data=148KB
07-25 15:44:55.269  7729  7734 I zygote64: After code cache collection, code=239KB, data=117KB
07-25 15:44:55.378  7729  7734 I zygote64: Do partial code cache collection, code=247KB, data=134KB
07-25 15:44:55.379  7729  7734 I zygote64: After code cache collection, code=247KB, data=134KB
07-25 15:44:55.379  7729  7734 I zygote64: Increasing code cache capacity to 1024KB
07-25 15:44:55.463  1410  1410 I GoogleInputMethod: onFinishInput() : Dummy InputConnection bound
07-25 15:44:55.536  7729  7729 V View    : dispatchProvideAutofillStructure(): not laid out, ignoring 0 children of 1073741871
07-25 15:44:55.557  7729  7729 I AssistStructure: Flattened final assist data: 17540 bytes, containing 2 windows, 65 views
07-25 15:44:55.941  1410  1410 I LatinIme: onActivate() : EditorInfo = Package = com.ford.syncV4.android : Type = Text : Learning = Disable : Suggestion = Hide : AutoCorrection = Disable : Microphone = Show : Incognito = Disable
07-25 15:44:55.941  1410  1410 I LatinIme: isMonolingualEnUs(): true. enable_autospace_after_punctuation_setting: true. pref_key_enable_autospace_after_punctuation: false. EditorInfoUtil.shouldEnableAutoCorrection(editorInfo): false.
07-25 15:44:55.945  1410  1410 I InputContext: input context reset success: true error: 0 input_state_id 42
07-25 15:44:55.951  1410  1410 W VoiceImeTranscriptor: UIME feature enabled: true
07-25 15:44:55.954  1410  1410 I LatinMotionHandler: consumeEvent() : GestureTypingEnabled = true
07-25 15:44:55.955  1410  1410 I Conv2QueryExtension: isEnabled() : true
07-25 15:44:55.955  1410  1410 I Conv2QueryExtension: Current locale: en_US, config allows these locales: de,en,fr,it,es,pt
07-25 15:44:55.955  1410  1410 I Conv2QueryExtension: Conv2Query not enabled due to current app [com.ford.syncV4.android] not in whitelist
07-25 15:44:55.955  1410  1410 W Conv2QueryExtension: onActivate() : Disabled by unsupported host app
07-25 15:44:55.956  1410  1410 I FeatureCardNotice: Feature card notice not shown: no cards to display
07-25 15:44:55.956  1410  1410 I EmojiDataExtension: onActivate() : Locale = en_US
07-25 15:44:55.956  1410  1410 I EmojiSuperpacksFeature: Emoji superpacks enabled
07-25 15:44:55.956  1410  1547 I PrimesMetrics: Ignore memory metric of com.google.android.apps.inputmethod.libs.pill.PillExtension.
07-25 15:44:55.956  1410  1410 I GifEntryExtension: onActivate()
07-25 15:44:55.956  1410  1410 I DevFeatureConfig: Gif candidate disabled by Phenotype
07-25 15:44:55.956  1410  1547 I PrimesMetrics: Ignore memory metric of com.google.android.apps.inputmethod.libs.search.nativecard.FeatureCardNoticeExtension.
07-25 15:44:55.956  1410  1410 I Delight5Facilitator: Cancelling personalized data flush runnable
07-25 15:44:55.956  1410  1547 I PrimesMetrics: Ignore memory metric of com.google.android.apps.inputmethod.libs.search.gif.GifEntryPointCandidateExtension.
07-25 15:44:55.956  1410  1410 W VoiceImeTranscriptor: UIME feature enabled: true
07-25 15:44:55.956  1410  1410 I VoiceImeExtension: Voice Extension onStartInputView() Mic status = [MicIconAvailable]
07-25 15:44:55.958  1410  1410 I FirebaseJobDispatcher: Cancel task: LstmDownloadManager_init. Success.
07-25 15:44:55.959  1410  1410 I FirebaseJobDispatcher: Cancel task: LstmDownloadManager. Success.
07-25 15:44:55.960  1410  2428 I Delight5Decoder: addPredictionEngine() : Duplicate engine dfk@88a7c53
07-25 15:44:55.960  1410  2336 I Superpacks: Registering manifest lstm.9 with URL https://www.gstatic.com/android/keyboard/modelpack/dvrnn/superpacks_manifest.json, constraints: *:* and flags: *. Version: 9
07-25 15:44:55.960  1410  2336 I Superpacks: Manifest lstm is already the current sync version
07-25 15:44:55.986  1410  1410 I LatinIme: abortComposing()
07-25 15:44:55.987  1410  1410 I Delight5Decoder: abortComposing() : input state id = 42
07-25 15:44:56.016  1410  1410 I FeaturePermissions: onSharedPreferenceChanged() : Key = latest_activation_time : Feature = null
07-25 15:44:56.188  1410  1410 I InputContext: input context reset success: true error: 0 input_state_id 45
07-25 15:44:56.189  1410  1410 I LatinMotionHandler: consumeEvent() : GestureTypingEnabled = true
07-25 15:44:57.073  1410  1410 I GoogleInputMethod: onKeyDown() : keyCode = 4, event = KeyEvent { action=ACTION_DOWN, keyCode=KEYCODE_BACK, scanCode=0, metaState=0, flags=0x48, repeatCount=0, eventTime=4801458, downTime=4801458, deviceId=-1, source=0x101 }
07-25 15:44:57.076  1410  1410 I LatinIme: abortComposing()
07-25 15:44:57.078  1410  1410 I Delight5Decoder: abortComposing() : input state id = 46
07-25 15:44:57.120  1410  1410 I GoogleInputMethod: requestHideSelf() : flags = 0
07-25 15:44:57.124  1410  1410 I GoogleInputMethodImpl: hideSoftInput() : flags = 0
07-25 15:44:57.125  1410  1410 I PhenotypeExpConfig: refreshConfiguration() : Force = false : UpdateAvailable = false : Age = 55 minutes : MaxAge = 720 minutes
07-25 15:44:57.126  1410  1410 I LatinIme: onDeactivate()
07-25 15:44:57.208  1395  1835 I chatty  : uid=1002(bluetooth) btu message loo expire 17 lines
07-25 15:44:57.208  1395  1500 I chatty  : uid=1002(bluetooth) BT Service Call expire 10 lines
07-25 15:44:57.210  7729  7734 I zygote64: Compiler allocated 6MB to compile void android.view.ViewRootImpl.performTraversals()
07-25 15:44:57.229  2096  2096 I TrustAgent.Tracker: [BluetoothConnectionTracker] Bluetooth connect broadast for raspberrypi3 B8:27:EB:06:5B:07
07-25 15:44:57.265  7729  7729 I com.ford.syncV4.android.receivers.SyncReceiver: Received Intent with action: android.bluetooth.device.action.ACL_DISCONNECTED
07-25 15:44:58.378  7729  7729 D Sdl Broadcast Receiver: Check for local router
07-25 15:44:58.378  7729  7729 D Sdl Broadcast Receiver: attempting to wake up router service
07-25 15:44:58.387  7729  7729 I com.ford.syncV4.android.receivers.SyncReceiver: Received Intent with action: android.bluetooth.device.action.ACL_CONNECTED
07-25 15:44:58.389  7729  7729 E com.ford.syncV4.android.receivers.SyncReceiver: SDL Enabled
07-25 15:44:58.396  7729  7729 D Value of intent.getStringExtra() / intent.getStringExtra() is: : ALL / ALL
07-25 15:44:59.574  1395  1395 I chatty  : uid=1002(bluetooth) com.android.bluetooth expire 10 lines
07-25 15:44:59.577  2096  2096 I TrustAgent.Tracker: [BluetoothConnectionTracker] Bluetooth disconnect broadast for raspberrypi3 B8:27:EB:06:5B:07
07-25 15:44:59.768  7729  7734 I zygote64: Do full code cache collection, code=504KB, data=334KB
07-25 15:44:59.769  7729  7734 I zygote64: After code cache collection, code=486KB, data=274KB
07-25 15:45:00.036   501   501 D SurfaceFlinger: duplicate layer name: changing com.ford.syncV4.android/com.ford.syncV4.android.activity.SyncProxyTester to com.ford.syncV4.android/com.ford.syncV4.android.activity.SyncProxyTester#2
07-25 15:45:00.046  7729  7734 I zygote64: Do partial code cache collection, code=497KB, data=305KB
07-25 15:45:00.047  7729  7734 I zygote64: After code cache collection, code=497KB, data=305KB
07-25 15:45:00.047  7729  7734 I zygote64: Increasing code cache capacity to 2MB
07-25 15:45:00.535  7729  7729 D Sdl Broadcast Receiver: No SDL Router Services found
07-25 15:45:00.535  7729  7729 D Sdl Broadcast Receiver: WARNING: This application has not specified its SdlRouterService correctly in the manifest. THIS WILL THROW AN EXCEPTION IN FUTURE RELEASES!!
07-25 15:45:02.642   501   501 D SurfaceFlinger: duplicate layer name: changing com.ford.syncV4.android/com.ford.syncV4.android.activity.SyncProxyTester to com.ford.syncV4.android/com.ford.syncV4.android.activity.SyncProxyTester#3
07-25 15:45:04.383  7729  7964 D OpenGLRenderer: endAllActiveAnimators on 0x70d30ba400 (RippleDrawable) with handle 0x70d391aa60
07-25 15:45:04.383  7729  7964 D OpenGLRenderer: endAllActiveAnimators on 0x70d39c4000 (ListView) with handle 0x70d3b4bb40
07-25 15:45:05.052  1410  1410 I GoogleInputMethod: onStartInput() : Dummy InputConnection bound
07-25 15:45:05.100  1410  1410 I GoogleInputMethod: onFinishInput() : Dummy InputConnection bound
07-25 15:45:05.822   659   883 I nanohub : osLog: [AR_CHRE] inconsistent: 76
07-25 15:45:06.009  7729  7729 D Value of intent.getStringExtra() / intent.getStringExtra() is: : 584421907 / SyncProxyTester
07-25 15:45:06.014  7729  7729 I com.ford.syncV4.android.fragments.SyncProxyTesterFragment: ProxyService.onStartCommand()
07-25 15:45:06.031  7729  7729 W Notification: Use of stream types is deprecated for operations other than volume control
07-25 15:45:06.031  7729  7729 W Notification: See the documentation of setSound() for what to use instead with android.media.AudioAttributes to qualify your playback use case
07-25 15:45:06.036  7729  7729 D SyncProxyTester: ProxyService. onStartCommand(). Transport = Bluetooth.
07-25 15:45:06.039  7729  7729 I com.ford.syncV4.android.fragments.SyncProxyTesterFragment: ProxyService.startProxy()
07-25 15:45:06.085  7729  7729 I SdlProxy: SDL_LIB_VERSION: 4.5.0
07-25 15:45:06.114  7729  7729 D SdlSession: Router service is not trusted. Entering legacy mode
07-25 15:45:06.115  7729  7729 D SdlSession: Entering legacy mode; creating new protocol instance
07-25 15:45:06.121  7729  7729 W BluetoothAdapter: getBluetoothService() called with no BluetoothManagerCallback
07-25 15:45:06.124  7729  7994 D Bluetooth Transport: Socket Type: Secure BEGIN mAcceptThreadThread[Thread-9,5,main]
07-25 15:45:06.124  7729  7994 D Bluetooth Transport: SDL Bluetooth Accept thread is running.
07-25 15:45:06.136  7729  7729 I com.ford.syncV4.android.fragments.SyncProxyTesterFragment: ProxyService.startProxy() returning
07-25 15:45:06.141  1410  1410 I GoogleInputMethod: onStartInput() : Dummy InputConnection bound
07-25 15:45:08.625  7729  7729 I com.ford.syncV4.android.receivers.SyncReceiver: Received Intent with action: android.bluetooth.device.action.ACL_DISCONNECTED
07-25 15:45:08.676  7104  7104 D Sdl Broadcast Receiver: Check for local router
07-25 15:45:08.685  7104  7104 E com.applink.antelope.receivers.SdlReceiver: Received Intent with action: sdl.router.startservice
07-25 15:45:08.716  7729  7729 D Sdl Broadcast Receiver: Check for local router
07-25 15:45:08.722  7729  7729 I com.ford.syncV4.android.receivers.SyncReceiver: Received Intent with action: sdl.router.startservice
07-25 15:45:08.751  7104  7104 D Sdl Broadcast Receiver: Check for local router
07-25 15:45:08.758  7104  7104 E com.applink.antelope.receivers.SdlReceiver: Received Intent with action: sdl.router.startservice
07-25 15:45:08.792  7729  7729 D Sdl Broadcast Receiver: Check for local router
07-25 15:45:08.799  7729  7729 I com.ford.syncV4.android.receivers.SyncReceiver: Received Intent with action: sdl.router.startservice
07-25 15:45:08.807  7104  7104 E com.applink.antelope.receivers.SdlReceiver: Received Intent with action: com.smartdevicelink.broadcast
07-25 15:45:08.815   686  7918 I bt_a2dp_hw: suspend_audio_datapath: state 1
07-25 15:45:08.815  1395  1845 I chatty  : uid=1002(bluetooth) uipc-main expire 11 lines
07-25 15:45:08.824  7729  7729 I com.ford.syncV4.android.receivers.SyncReceiver: Received Intent with action: com.smartdevicelink.broadcast
07-25 15:45:08.831  7729  7729 I com.ford.syncV4.android.fragments.SyncProxyTesterFragment: initializeProxy: 
07-25 15:45:08.831  7729  7729 I com.ford.syncV4.android.fragments.SyncProxyTesterFragment: Multiplexing
07-25 15:45:08.845  1395  1843 I chatty  : uid=1002(bluetooth) A2dpStateMachin expire 6 lines
07-25 15:45:08.846  1395  1844 I chatty  : uid=1002(bluetooth) btif_a2dp_sourc expire 10 lines
07-25 15:45:08.846   686  7918 I bt_a2dp_hw: skt_disconnect: fd 13
07-25 15:45:08.847  1395  1842 I chatty  : uid=1002(bluetooth) BluetoothAvrcpH expire 70 lines
07-25 15:45:08.942  7729  7995 D Bluetooth Transport: Running the Connected Thread
07-25 15:45:08.945  7729  7994 D Bluetooth Transport: 3 END mAcceptThread, socket Type: Secure
07-25 15:45:08.946  7729  7729 D SdlSession: onTransportConnected
07-25 15:45:08.946  7729  7729 D SdlProtocol: onTransportsConnectedUpdate: 
07-25 15:45:08.946  7729  7729 D SdlProtocol: BLUETOOTH
07-25 15:45:08.946  7729  7729 D SdlProtocol: Sending start service RPC
07-25 15:45:08.946  7729  7729 D SdlProtocol: startService
07-25 15:45:08.955  7729  7729 D SdlProtocol: Active transports --- 
07-25 15:45:09.111  7104  7104 E com.applink.antelope.receivers.SdlReceiver: Received Intent with action: com.smartdevicelink.broadcast
07-25 15:45:09.145  7729  7729 I com.ford.syncV4.android.receivers.SyncReceiver: Received Intent with action: com.smartdevicelink.broadcast
07-25 15:45:09.151  7729  7729 I com.ford.syncV4.android.fragments.SyncProxyTesterFragment: onProtocolSessionStarted: 
07-25 15:45:09.151  7729  7729 I com.ford.syncV4.android.fragments.SyncProxyTesterFragment: SessionID: 1 ServiceType: RPC Encrypted: false
07-25 15:45:09.163  7104  7104 E com.applink.antelope.receivers.SdlReceiver: Received Intent with action: com.smartdevicelink.broadcast
07-25 15:45:09.194  7729  7729 I com.ford.syncV4.android.receivers.SyncReceiver: Received Intent with action: com.smartdevicelink.broadcast
07-25 15:45:09.210  2096  2096 I TrustAgent.Tracker: [BluetoothConnectionTracker] Bluetooth connect broadast for raspberrypi3 B8:27:EB:06:5B:07
07-25 15:45:09.236  2138  2138 I chatty  : uid=10041 com.google.android.googlequicksearchbox:search expire 18 lines
07-25 15:45:09.748  1395  1835 I chatty  : uid=1002(bluetooth) btu message loo expire 24 lines
07-25 15:45:10.254  7729  7729 D Sdl Broadcast Receiver: Check for local router
07-25 15:45:10.254  7729  7729 D Sdl Broadcast Receiver: attempting to wake up router service
07-25 15:45:10.269  7729  7729 I com.ford.syncV4.android.receivers.SyncReceiver: Received Intent with action: android.bluetooth.device.action.ACL_CONNECTED
07-25 15:45:10.272  7729  7729 E com.ford.syncV4.android.receivers.SyncReceiver: SDL Enabled
07-25 15:45:10.287  7729  7729 D Value of intent.getStringExtra() / intent.getStringExtra() is: : ALL / ALL
07-25 15:45:10.289  7729  7729 I com.ford.syncV4.android.fragments.SyncProxyTesterFragment: ProxyService.onStartCommand()
07-25 15:45:10.297  7104  7104 E com.applink.antelope.receivers.SdlReceiver: Received Intent with action: com.smartdevicelink.security.broadcast
07-25 15:45:10.300  7729  7729 W Notification: Use of stream types is deprecated for operations other than volume control
07-25 15:45:10.300  7729  7729 W Notification: See the documentation of setSound() for what to use instead with android.media.AudioAttributes to qualify your playback use case
07-25 15:45:10.309  7729  7729 D SyncProxyTester: ProxyService. onStartCommand(). Transport = Bluetooth.
07-25 15:45:10.316  7729  7729 I com.ford.syncV4.android.fragments.SyncProxyTesterFragment: ProxyService.startProxy() returning
07-25 15:45:10.317  7729  7729 I com.ford.syncV4.android.receivers.SyncReceiver: Received Intent with action: com.smartdevicelink.security.broadcast
07-25 15:45:10.327  7104  7104 E com.applink.antelope.receivers.SdlReceiver: Received Intent with action: com.smartdevicelink.broadcast
07-25 15:45:10.330  7729  7991 I SdlProxy: SDL Proxy Version: 4.5.0
07-25 15:45:10.336  7729  7729 I com.ford.syncV4.android.receivers.SyncReceiver: Received Intent with action: com.smartdevicelink.broadcast
07-25 15:45:10.376  7104  7104 E com.applink.antelope.receivers.SdlReceiver: Received Intent with action: com.smartdevicelink.broadcast
07-25 15:45:10.422  7729  7734 I zygote64: Compiler allocated 4MB to compile void com.ford.syncV4.android.receivers.SyncReceiver.onReceive(android.content.Context, android.content.Intent)
07-25 15:45:10.434  7729  7729 I com.ford.syncV4.android.receivers.SyncReceiver: Received Intent with action: com.smartdevicelink.broadcast
07-25 15:45:10.436  7729  7729 I com.ford.syncV4.android.fragments.SyncProxyTesterFragment: RAI_RESPONSE: 
07-25 15:45:10.436  7729  7729 I com.ford.syncV4.android.fragments.SyncProxyTesterFragment: SDL Proxy Version: 4.5.0
07-25 15:45:10.680  7104  7104 D Sdl Broadcast Receiver: No SDL Router Services found
07-25 15:45:10.680  7104  7104 D Sdl Broadcast Receiver: WARNING: This application has not specified its SdlRouterService correctly in the manifest. THIS WILL THROW AN EXCEPTION IN FUTURE RELEASES!!
07-25 15:45:10.761  7104  7104 D Sdl Broadcast Receiver: No SDL Router Services found
07-25 15:45:10.761  7104  7104 D Sdl Broadcast Receiver: WARNING: This application has not specified its SdlRouterService correctly in the manifest. THIS WILL THROW AN EXCEPTION IN FUTURE RELEASES!!
07-25 15:45:10.867  7729  7729 D Sdl Broadcast Receiver: No SDL Router Services found
07-25 15:45:10.868  7729  7729 D Sdl Broadcast Receiver: WARNING: This application has not specified its SdlRouterService correctly in the manifest. THIS WILL THROW AN EXCEPTION IN FUTURE RELEASES!!
07-25 15:45:10.959  7729  7729 D Sdl Broadcast Receiver: No SDL Router Services found
07-25 15:45:10.959  7729  7729 D Sdl Broadcast Receiver: WARNING: This application has not specified its SdlRouterService correctly in the manifest. THIS WILL THROW AN EXCEPTION IN FUTURE RELEASES!!
07-25 15:45:11.567   702   859 D NuPlayerDriver: NuPlayerDriver(0xedd99180) created, clientPid(7729)
07-25 15:45:11.584   702  8004 D GenericSource: FileSource remote
07-25 15:45:11.594   702  8003 D NuPlayerDriver: notifyListener_l(0xedd99180), (1, 0, 0, -1), loop setting(0, 0)
07-25 15:45:11.605   867  1624 V MediaRouterService: restoreBluetoothA2dp(true)
07-25 15:45:11.610   702   859 D NuPlayerDriver: start(0xedd99180), state is 4, eos is 0
07-25 15:45:11.611   702  8003 I GenericSource: start
07-25 15:45:11.618  7729  7991 I com.ford.syncV4.android.fragments.SyncProxyTesterFragment: Playing audio
07-25 15:45:11.633   702  8008 I OMXClient: Treble IOmx obtained
07-25 15:45:11.634   705  1453 I OMXMaster: makeComponentInstance(OMX.google.mp3.decoder) in omx@1.0-service process
07-25 15:45:11.639   705  1453 E OMXNodeInstance: setConfig(0xf3d23200:google.mp3.decoder, ConfigPriority(0x6f800002)) ERROR: Undefined(0x80001001)
07-25 15:45:11.639   702  8008 I ACodec  : codec does not support config priority (err -2147483648)
07-25 15:45:11.640   705  1453 E OMXNodeInstance: getConfig(0xf3d23200:google.mp3.decoder, ConfigAndroidVendorExtension(0x6f100004)) ERROR: Undefined(0x80001001)
07-25 15:45:11.641   702  8008 I MediaCodec: MediaCodec will operate in async mode
07-25 15:45:11.644   639   639 W /system/bin/hw/android.hidl.allocator@1.0-service: ashmem_create_region(8192) returning hidl_memory(0x7240e2b330, 8192)
07-25 15:45:11.647   639   639 I chatty  : uid=1000(system) allocator@1.0-s identical 4 lines
07-25 15:45:11.648   639   639 W /system/bin/hw/android.hidl.allocator@1.0-service: ashmem_create_region(8192) returning hidl_memory(0x7240e2b330, 8192)
07-25 15:45:11.652   639   639 W /system/bin/hw/android.hidl.allocator@1.0-service: ashmem_create_region(9216) returning hidl_memory(0x7240e2b330, 9216)
07-25 15:45:11.657   639   639 W /system/bin/hw/android.hidl.allocator@1.0-service: ashmem_create_region(9216) returning hidl_memory(0x7240e2b330, 9216)
07-25 15:45:11.664   686  1375 W AudioFlinger: createTrack_l(): mismatch between requested flags (00000008) and output flags (00000000)
07-25 15:45:11.665   702  8006 D AudioTrack: Client defaulted notificationFrames to 11200 for frameCount 22400
07-25 15:45:11.670   639   639 W /system/bin/hw/android.hidl.allocator@1.0-service: ashmem_create_region(3584) returning hidl_memory(0x7240e2b330, 3584)
07-25 15:45:11.676   639   639 W /system/bin/hw/android.hidl.allocator@1.0-service: ashmem_create_region(3584) returning hidl_memory(0x7240e2b330, 3584)
07-25 15:45:11.678   702  8003 D NuPlayerDriver: notifyListener_l(0xedd99180), (6, 0, 0, -1), loop setting(0, 1)
07-25 15:45:11.679   686  7918 I bt_a2dp_hw: start_audio_datapath: state 5
07-25 15:45:11.710  7729  7991 I com.ford.syncV4.android.fragments.SyncProxyTesterFragment: Playing audio
07-25 15:45:12.015  1395  1500 I chatty  : uid=1002(bluetooth) BT Service Call expire 10 lines
07-25 15:45:12.018   686  7918 I bt_a2dp_hw: skt_connect: connect to /data/misc/bluedroid/.a2dp_data (sz 7168)
07-25 15:45:12.019   686  7918 I bt_a2dp_hw: skt_connect: connected to stack fd = 17
07-25 15:45:12.019   686  7918 W AudioFlinger: write blocked for 340 msecs, 1 delayed writes, thread 0xe8583d40
07-25 15:45:12.419  7729  7729 D Sdl Broadcast Receiver: No SDL Router Services found
07-25 15:45:12.420  7729  7729 D Sdl Broadcast Receiver: WARNING: This application has not specified its SdlRouterService correctly in the manifest. THIS WILL THROW AN EXCEPTION IN FUTURE RELEASES!!
07-25 15:45:13.521   867  1624 I chatty  : uid=1000(system) Binder:867_8 expire 2 lines
07-25 15:45:13.554  2096  5513 W ctxmgr  : [AclManager]No 2 for (accnt=account#-517948760#, com.google.android.gms(10022):IndoorOutdoorProducer, vrsn=12874000, 0, 3pPkg = null ,  3pMdlId = null ,  pid = 2096). Was: 3 for 57, account#-517948760#
07-25 15:45:15.860  1410  1410 I GoogleInputMethod: onFinishInput() : Dummy InputConnection bound
07-25 15:45:16.564  7729  7729 D Value of intent.getStringExtra() / intent.getStringExtra() is: : 773692255 / SyncProxyTester1
07-25 15:45:16.566  7729  7729 I com.ford.syncV4.android.fragments.SyncProxyTesterFragment: ProxyService.onStartCommand()
07-25 15:45:16.575  7729  7729 W Notification: Use of stream types is deprecated for operations other than volume control
07-25 15:45:16.575  7729  7729 W Notification: See the documentation of setSound() for what to use instead with android.media.AudioAttributes to qualify your playback use case
07-25 15:45:16.580  7729  7729 D SyncProxyTester: ProxyService. onStartCommand(). Transport = Bluetooth.
07-25 15:45:16.587  7729  7729 I com.ford.syncV4.android.fragments.SyncProxyTesterFragment: ProxyService.startProxy()
07-25 15:45:16.593  7729  7729 I SdlProxy: SDL_LIB_VERSION: 4.5.0
07-25 15:45:16.605  7729  7729 D SdlSession: Router service is not trusted. Entering legacy mode
07-25 15:45:16.605  7729  7729 D SdlSession: Entering legacy mode; creating new protocol instance
07-25 15:45:16.607  7729  7729 W BluetoothAdapter: getBluetoothService() called with no BluetoothManagerCallback
07-25 15:45:16.610  7729  8020 D Bluetooth Transport: Socket Type: Secure BEGIN mAcceptThreadThread[Thread-18,5,main]
07-25 15:45:16.610  7729  8020 D Bluetooth Transport: SDL Bluetooth Accept thread is running.
07-25 15:45:16.614  7729  7729 I com.ford.syncV4.android.fragments.SyncProxyTesterFragment: ProxyService.startProxy() returning
07-25 15:45:16.615  7104  7104 D Sdl Broadcast Receiver: Check for local router
07-25 15:45:16.617  1410  1410 I GoogleInputMethod: onStartInput() : Dummy InputConnection bound
07-25 15:45:16.620  7104  7104 E com.applink.antelope.receivers.SdlReceiver: Received Intent with action: sdl.router.startservice
07-25 15:45:16.641  1410  1410 I GoogleInputMethod: onFinishInput() : Dummy InputConnection bound
07-25 15:45:16.641  1410  1410 I GoogleInputMethod: onStartInput() : Dummy InputConnection bound
07-25 15:45:16.648  7729  7729 D Sdl Broadcast Receiver: Check for local router
07-25 15:45:16.649  7729  7729 I com.ford.syncV4.android.receivers.SyncReceiver: Received Intent with action: sdl.router.startservice
07-25 15:45:16.662  7104  7104 D Sdl Broadcast Receiver: Check for local router
07-25 15:45:16.664  7104  7104 E com.applink.antelope.receivers.SdlReceiver: Received Intent with action: sdl.router.startservice
07-25 15:45:16.687  7729  7729 D Sdl Broadcast Receiver: Check for local router
07-25 15:45:16.689  7729  7729 I com.ford.syncV4.android.receivers.SyncReceiver: Received Intent with action: sdl.router.startservice
07-25 15:45:16.692  7104  7104 E com.applink.antelope.receivers.SdlReceiver: Received Intent with action: com.smartdevicelink.broadcast
07-25 15:45:16.698  7729  7729 I com.ford.syncV4.android.receivers.SyncReceiver: Received Intent with action: com.smartdevicelink.broadcast
07-25 15:45:16.700  7729  7729 I com.ford.syncV4.android.fragments.SyncProxyTesterFragment: initializeProxy: 
07-25 15:45:16.700  7729  7729 I com.ford.syncV4.android.fragments.SyncProxyTesterFragment: Multiplexing
07-25 15:45:17.556   702  8007 I NuPlayerDecoder: [audio] saw output EOS
07-25 15:45:17.556   702  8006 D AudioTrack: stop() called with 268083 frames delivered
07-25 15:45:17.999  7729  7734 I zygote64: Do full code cache collection, code=1007KB, data=666KB
07-25 15:45:18.000  1410  1410 I GoogleInputMethod: onFinishInput() : Dummy InputConnection bound
07-25 15:45:18.001  7729  7734 I zygote64: After code cache collection, code=1001KB, data=591KB
07-25 15:45:18.306   702  8003 D NuPlayerDriver: notifyListener_l(0xedd99180), (2, 0, 0, -1), loop setting(0, 1)
07-25 15:45:18.315   702  8003 D NuPlayerDriver: notifyListener_l(0xedd99180), (6, 0, 0, -1), loop setting(0, 1)
07-25 15:45:18.616  7104  7104 D Sdl Broadcast Receiver: No SDL Router Services found
07-25 15:45:18.616  7104  7104 D Sdl Broadcast Receiver: WARNING: This application has not specified its SdlRouterService correctly in the manifest. THIS WILL THROW AN EXCEPTION IN FUTURE RELEASES!!
07-25 15:45:18.661  7104  7104 D Sdl Broadcast Receiver: No SDL Router Services found
07-25 15:45:18.661  7104  7104 D Sdl Broadcast Receiver: WARNING: This application has not specified its SdlRouterService correctly in the manifest. THIS WILL THROW AN EXCEPTION IN FUTURE RELEASES!!
07-25 15:45:18.666  7729  7729 D Value of intent.getStringExtra() / intent.getStringExtra() is: : 773692256 / SyncProxyTester2
07-25 15:45:18.668  7729  7729 I com.ford.syncV4.android.fragments.SyncProxyTesterFragment: ProxyService.onStartCommand()
07-25 15:45:18.675  7729  7729 W Notification: Use of stream types is deprecated for operations other than volume control
07-25 15:45:18.675  7729  7729 W Notification: See the documentation of setSound() for what to use instead with android.media.AudioAttributes to qualify your playback use case
07-25 15:45:18.679  7729  7729 D SyncProxyTester: ProxyService. onStartCommand(). Transport = Bluetooth.
07-25 15:45:18.682  7729  7729 I com.ford.syncV4.android.fragments.SyncProxyTesterFragment: ProxyService.startProxy()
07-25 15:45:18.687  7729  7729 I SdlProxy: SDL_LIB_VERSION: 4.5.0
07-25 15:45:18.695  7729  7729 D SdlSession: Router service is not trusted. Entering legacy mode
07-25 15:45:18.695  7729  7729 D SdlSession: Entering legacy mode; creating new protocol instance
07-25 15:45:18.705  7104  7104 D Sdl Broadcast Receiver: Check for local router
07-25 15:45:18.707  7104  7104 E com.applink.antelope.receivers.SdlReceiver: Received Intent with action: sdl.router.startservice
07-25 15:45:20.706  7104  7104 D Sdl Broadcast Receiver: No SDL Router Services found
07-25 15:45:20.706  7104  7104 D Sdl Broadcast Receiver: WARNING: This application has not specified its SdlRouterService correctly in the manifest. THIS WILL THROW AN EXCEPTION IN FUTURE RELEASES!!
07-25 15:45:20.820  1395  1835 I chatty  : uid=1002(bluetooth) btu message loo expire 22 lines
07-25 15:45:20.826  7729  8026 D Bluetooth Transport: Running the Connected Thread
07-25 15:45:20.828  7729  8020 D Bluetooth Transport: 3 END mAcceptThread, socket Type: Secure
07-25 15:45:20.829  7729  7729 W BluetoothAdapter: getBluetoothService() called with no BluetoothManagerCallback
07-25 15:45:20.832  7729  8028 D Bluetooth Transport: Socket Type: Secure BEGIN mAcceptThreadThread[Thread-24,5,main]
07-25 15:45:20.833  7729  8028 D Bluetooth Transport: SDL Bluetooth Accept thread is running.
07-25 15:45:20.837  7729  7729 I com.ford.syncV4.android.fragments.SyncProxyTesterFragment: ProxyService.startProxy() returning
07-25 15:45:20.846  7729  7729 I Choreographer: Skipped 133 frames!  The application may be doing too much work on its main thread.
07-25 15:45:20.881  1410  1410 I GoogleInputMethod: onStartInput() : Dummy InputConnection bound
07-25 15:45:20.887  7729  7729 D Sdl Broadcast Receiver: Check for local router
07-25 15:45:20.888  7729  7729 I com.ford.syncV4.android.receivers.SyncReceiver: Received Intent with action: sdl.router.startservice
07-25 15:45:20.891  7729  7729 D Sdl Broadcast Receiver: No SDL Router Services found
07-25 15:45:20.891  7729  7729 D Sdl Broadcast Receiver: WARNING: This application has not specified its SdlRouterService correctly in the manifest. THIS WILL THROW AN EXCEPTION IN FUTURE RELEASES!!
07-25 15:45:20.893  7729  7729 D Sdl Broadcast Receiver: No SDL Router Services found
07-25 15:45:20.893  7729  7729 D Sdl Broadcast Receiver: WARNING: This application has not specified its SdlRouterService correctly in the manifest. THIS WILL THROW AN EXCEPTION IN FUTURE RELEASES!!
07-25 15:45:20.895  7729  7729 D SdlSession: onTransportConnected
07-25 15:45:20.895  7729  7729 D SdlProtocol: onTransportsConnectedUpdate: 
07-25 15:45:20.895  7729  7729 D SdlProtocol: BLUETOOTH
07-25 15:45:20.895  7729  7729 D SdlProtocol: Sending start service RPC
07-25 15:45:20.895  7729  7729 D SdlProtocol: startService
07-25 15:45:20.896  7729  7729 D SdlProtocol: Active transports --- 
07-25 15:45:20.905  7104  7104 D Sdl Broadcast Receiver: Check for local router
07-25 15:45:20.907  7104  7104 E com.applink.antelope.receivers.SdlReceiver: Received Intent with action: sdl.router.startservice
07-25 15:45:21.066  1395  1842 I chatty  : uid=1002(bluetooth) BluetoothAvrcpH expire 38 lines
07-25 15:45:21.158  7729  7729 D Sdl Broadcast Receiver: Check for local router
07-25 15:45:21.163  7729  7729 I com.ford.syncV4.android.receivers.SyncReceiver: Received Intent with action: sdl.router.startservice
07-25 15:45:21.171  7104  7104 E com.applink.antelope.receivers.SdlReceiver: Received Intent with action: com.smartdevicelink.broadcast
07-25 15:45:21.176  1410  1410 I GoogleInputMethod: onFinishInput() : Dummy InputConnection bound
07-25 15:45:21.242  7729  7729 I com.ford.syncV4.android.receivers.SyncReceiver: Received Intent with action: com.smartdevicelink.broadcast
07-25 15:45:21.246  7729  7729 I com.ford.syncV4.android.fragments.SyncProxyTesterFragment: initializeProxy: 
07-25 15:45:21.246  7729  7729 I com.ford.syncV4.android.fragments.SyncProxyTesterFragment: Multiplexing
07-25 15:45:21.286  7729  7729 D SdlProtocol: Supported secondary transports list is empty!
07-25 15:45:21.286  7729  7729 D SdlProtocol: Checking secondary transport details 
07-25 15:45:21.287  7729  7729 D AndroidRuntime: Shutting down VM
07-25 15:45:21.288  7729  7729 E AndroidRuntime: FATAL EXCEPTION: main
07-25 15:45:21.288  7729  7729 E AndroidRuntime: Process: com.ford.syncV4.android, PID: 7729
07-25 15:45:21.288  7729  7729 E AndroidRuntime: java.lang.NullPointerException: Attempt to invoke virtual method 'java.util.Iterator java.util.ArrayList.iterator()' on a null object reference
07-25 15:45:21.288  7729  7729 E AndroidRuntime: 	at com.smartdevicelink.protocol.WiProProtocol$MessageFrameAssembler.handleControlFrame(WiProProtocol.java:751)
07-25 15:45:21.288  7729  7729 E AndroidRuntime: 	at com.smartdevicelink.protocol.WiProProtocol$MessageFrameAssembler.handleFrame(WiProProtocol.java:659)
07-25 15:45:21.288  7729  7729 E AndroidRuntime: 	at com.smartdevicelink.protocol.WiProProtocol.handlePacketReceived(WiProProtocol.java:531)
07-25 15:45:21.288  7729  7729 E AndroidRuntime: 	at com.smartdevicelink.SdlConnection.SdlSession.onPacketReceived(SdlSession.java:518)
07-25 15:45:21.288  7729  7729 E AndroidRuntime: 	at com.smartdevicelink.transport.TransportManager$LegacyBluetoothHandler.handleMessage(TransportManager.java:281)
07-25 15:45:21.288  7729  7729 E AndroidRuntime: 	at android.os.Handler.dispatchMessage(Handler.java:106)
07-25 15:45:21.288  7729  7729 E AndroidRuntime: 	at android.os.Looper.loop(Looper.java:164)
07-25 15:45:21.288  7729  7729 E AndroidRuntime: 	at android.app.ActivityThread.main(ActivityThread.java:6494)
07-25 15:45:21.288  7729  7729 E AndroidRuntime: 	at java.lang.reflect.Method.invoke(Native Method)
07-25 15:45:21.288  7729  7729 E AndroidRuntime: 	at com.android.internal.os.RuntimeInit$MethodAndArgsCaller.run(RuntimeInit.java:438)
07-25 15:45:21.288  7729  7729 E AndroidRuntime: 	at com.android.internal.os.ZygoteInit.main(ZygoteInit.java:807)
07-25 15:45:21.324  7729  7734 I zygote64: Do partial code cache collection, code=1006KB, data=615KB
07-25 15:45:21.325  7729  7734 I zygote64: After code cache collection, code=1006KB, data=615KB
07-25 15:45:21.326  7729  7734 I zygote64: Increasing code cache capacity to 3MB
07-25 15:45:21.368   867  2205 W ActivityManager:   Force finishing activity com.ford.syncV4.android/.activity.SyncProxyTester
07-25 15:45:21.386   867   894 I ActivityManager: Showing crash dialog for package com.ford.syncV4.android u0
07-25 15:45:21.873   867   893 W ActivityManager: Activity pause timeout for ActivityRecord{5c0406d u0 com.ford.syncV4.android/.activity.SyncProxyTester t535 f}
07-25 15:45:21.985   501   501 D SurfaceFlinger: duplicate layer name: changing com.google.android.apps.nexuslauncher/com.google.android.apps.nexuslauncher.NexusLauncherActivity to com.google.android.apps.nexuslauncher/com.google.android.apps.nexuslauncher.NexusLauncherActivity#1
07-25 15:45:21.995  2096  2619 W GCoreFlp: No location to return for getLastLocation()
07-25 15:45:22.033  1516  1516 D zz      : UtWallpaperService$UtEngine.onVisibilityChanged() true
07-25 15:45:22.046  1516  1516 D zz      : UtRenderer.onVisible() 
07-25 15:45:22.048  1516  1516 V zz      : WeatherManager.doGet() getting weather from Awareness
07-25 15:45:22.060  1516  1516 V zz      : SunriseUtil.doGet() getting location from Awareness
07-25 15:45:22.070  1516  1516 W zz      : WeatherManager$3.onResult() result is null
07-25 15:45:22.071  1516  1516 W zz      : WeatherManager$3.onResult() Status code=7503 message=null
07-25 15:45:22.071  1516  1516 W zz      : WeatherManager$3.onResult() sanitycheck: is client connected? true
07-25 15:45:22.073  1516  1516 W zz      : SunriseUtil$3.onResult() location is null
07-25 15:45:22.073  1516  1516 V zz      : TimelapseRenderer$1.onReceive() got sunrise broadcast - false
07-25 15:45:22.273  2138  2148 I chatty  : uid=10041(com.google.android.googlequicksearchbox) HeapTaskDaemon expire 1 line
07-25 15:45:22.277  2138  7428 I chatty  : uid=10041(com.google.android.googlequicksearchbox) NonUserFacing21 expire 18 lines
07-25 15:45:22.279   686  1328 E APM::AudioPolicyEngine: getDeviceForInputSource() no default device defined
07-25 15:45:22.279   686  1328 W APM_AudioPolicyManager: getInputForAttr() could not find device for source 1999
07-25 15:45:22.281  2138  8036 I chatty  : uid=10041(com.google.android.googlequicksearchbox) HotwordDetector expire 5 lines
07-25 15:45:22.284  2138  2138 I chatty  : uid=10041 com.google.android.googlequicksearchbox:search expire 13 lines
07-25 15:45:22.528  2243  2313 W OpenGLRenderer: Incorrectly called buildLayer on View: ShortcutAndWidgetContainer, destroying layer...
07-25 15:45:22.917  7104  7104 D Sdl Broadcast Receiver: No SDL Router Services found
07-25 15:45:22.917  7104  7104 D Sdl Broadcast Receiver: WARNING: This application has not specified its SdlRouterService correctly in the manifest. THIS WILL THROW AN EXCEPTION IN FUTURE RELEASES!!
07-25 15:45:23.381   867  2205 W ActivityManager:   Force finishing activity com.ford.syncV4.android/.activity.SyncProxyTester
07-25 15:45:23.451   867  2205 I ActivityManager: Killing 7729:com.ford.syncV4.android/u0a150 (adj 200): crash
07-25 15:45:23.456   867   894 W ViewRootImpl[android]: Dropping event due to root view being removed: MotionEvent { action=ACTION_MOVE, actionButton=0, id[0]=0, x[0]=517.0, y[0]=476.0, toolType[0]=TOOL_TYPE_FINGER, buttonState=0, metaState=0, flags=0x0, edgeFlags=0x0, pointerCount=1, historySize=4, eventTime=4827818, downTime=4827760, deviceId=5, source=0x1002 }
07-25 15:45:23.468  1410  1410 I GoogleInputMethod: onStartInput() : Dummy InputConnection bound
07-25 15:45:23.502   867   915 W ActivityManager: setHasOverlayUi called on unknown pid: 7729
07-25 15:45:23.503   702   859 D NuPlayerDriver: reset(0xedd99180) at state 5
07-25 15:45:23.506   702   859 D NuPlayerDriver: notifyListener_l(0xedd99180), (8, 0, 0, -1), loop setting(0, 1)
07-25 15:45:23.516   702  8003 D NuPlayerDriver: notifyResetComplete(0xedd99180)
07-25 15:45:23.517   702   859 D AudioTrack: stop() called with 0 frames delivered
07-25 15:45:23.525  3054  3054 I Finsky  : [2] com.google.android.finsky.ce.a.onTrimMemory(7): Memory trim requested to level 40
07-25 15:45:23.561   867   895 I chatty  : uid=1000(system) ActivityManager expire 2 lines
07-25 15:45:23.599   867  1093 W AppOps  : Finishing op nesting under-run: uid 1000 pkg android code 24 time=0 duration=0 nesting=0
07-25 15:45:26.170  2096  2096 I TrustAgent.Tracker: [BluetoothConnectionTracker] Bluetooth disconnect broadast for raspberrypi3 B8:27:EB:06:5B:07
07-25 15:45:26.520   686  7918 I bt_a2dp_hw: suspend_audio_datapath: state 1
07-25 15:45:26.521  1395  1845 I chatty  : uid=1002(bluetooth) uipc-main expire 7 lines
07-25 15:45:26.543   686  7918 I bt_a2dp_hw: skt_disconnect: fd 17
07-25 15:45:27.328   686  1328 E APM::AudioPolicyEngine: getDeviceForInputSource() no default device defined
07-25 15:45:27.329   686  1328 W APM_AudioPolicyManager: getInputForAttr() could not find device for source 1999
07-25 15:45:29.648   660  1376 I android.hardware.usb@1.1-service.wahoo: uevent received DEVTYPE=typec_port
07-25 15:45:29.651   660  1376 I android.hardware.usb@1.1-service.wahoo: port0
07-25 15:45:29.651   660  1376 I android.hardware.usb@1.1-service.wahoo: connected:0 canChangeMode:1 canChagedata:0 canChangePower:0
07-25 15:45:29.656   867  1122 I UsbPortManager: ClientCallback: port0
07-25 15:45:29.899   660  1376 I android.hardware.usb@1.1-service.wahoo: uevent received DEVTYPE=typec_port
07-25 15:45:29.902   660  1376 I android.hardware.usb@1.1-service.wahoo: port0
07-25 15:45:29.905   660  1376 I android.hardware.usb@1.1-service.wahoo: connected:1 canChangeMode:1 canChagedata:0 canChangePower:0
07-25 15:45:29.907   867  1122 I UsbPortManager: ClientCallback: port0
07-25 15:45:29.908   867   913 I UsbPortManager: USB port changed: port=UsbPort{id=port0, supportedModes=dual}, status=UsbPortStatus{connected=true, currentMode=ufp, currentPowerRole=sink, currentDataRole=device, supportedRoleCombinations=[source:host, sink:device]}, canChangeMode=true, canChangePowerRole=false, canChangeDataRole=false
07-25 15:45:29.909   660  1376 I android.hardware.usb@1.1-service.wahoo: partner added
07-25 15:45:29.909   660  1376 I android.hardware.usb@1.1-service.wahoo: uevent received DEVTYPE=typec_partner
07-25 15:45:29.914   660  1376 I android.hardware.usb@1.1-service.wahoo: port0
07-25 15:45:29.916   660  1376 I android.hardware.usb@1.1-service.wahoo: connected:1 canChangeMode:1 canChagedata:0 canChangePower:0
07-25 15:45:29.918   867  1122 I UsbPortManager: ClientCallback: port0
07-25 15:45:30.350   867   867 I EntropyMixer: Writing entropy...
07-25 15:45:30.378   867  4269 I chatty  : uid=1000(system) Binder:867_E expire 1 line
07-25 15:45:30.389  1410  1410 I DownloadManagerWrapper: Battery status: 5
07-25 15:45:30.396  1410  1410 I DownloadManagerWrapper: onReceive() : Charging = true
07-25 15:45:30.444   658   658 E QCOM PowerHAL: extract_stats: failed to open: /d/wlan_wcnss/power_stats Error = No such file or directory
07-25 15:45:30.791   867   913 D UsbDeviceManager: push notification:USB charging this device
07-25 15:45:30.801  3054  3054 I Finsky  : [2] com.google.android.finsky.ce.a.onTrimMemory(7): Memory trim requested to level 60
07-25 15:45:31.101  3054  3054 I Finsky  : [2] com.google.android.finsky.ce.a.onTrimMemory(7): Memory trim requested to level 60
07-25 15:45:31.375   684   684 I adbd    : Calling send_auth_request...
07-25 15:45:31.401   684   684 I adbd    : Loading keys from /data/misc/adb/adb_keys
07-25 15:45:31.403   684   684 I adbd    : adb client authorized
07-25 15:45:31.903  1395  1835 I chatty  : uid=1002(bluetooth) btu message loo expire 2 lines
07-25 15:45:31.904  1395  1500 I chatty  : uid=1002(bluetooth) BT Service Call expire 1 line
07-25 15:45:31.937  2096  2096 I TrustAgent.Tracker: [BluetoothConnectionTracker] Bluetooth connect broadast for raspberrypi3 B8:27:EB:06:5B:07
07-25 15:45:32.392  2138  7417 I chatty  : uid=10041(com.google.android.googlequicksearchbox) UserFacing25 expire 12 lines
07-25 15:45:32.401   686  1328 E APM::AudioPolicyEngine: getDeviceForInputSource() no default device defined
07-25 15:45:32.401   686  1328 W APM_AudioPolicyManager: getInputForAttr() could not find device for source 1999
07-25 15:45:32.405  2138  7428 I chatty  : uid=10041(com.google.android.googlequicksearchbox) NonUserFacing21 expire 11 lines
07-25 15:45:32.416  2138  2138 I chatty  : uid=10041 com.google.android.googlequicksearchbox:search expire 17 lines
07-25 15:45:33.621  1395  1842 I chatty  : uid=1002(bluetooth) BluetoothAvrcpH expire 1 line
07-25 15:45:33.838   867  1428 D WifiPermissionsUtil: Denied: no location permission
07-25 15:45:33.844  2096  5427 W ctxmgr  : [AclManager]No 2 for (accnt=account#-517948760#, com.google.android.gms(10022):IndoorOutdoorProducer, vrsn=12874000, 0, 3pPkg = null ,  3pMdlId = null ,  pid = 2096). Was: 3 for 57, account#-517948760#
07-25 15:45:34.212  1395  1835 I chatty  : uid=1002(bluetooth) btu message loo expire 1 line
07-25 15:45:34.213  1395  1500 I chatty  : uid=1002(bluetooth) BT Service Call expire 1 line
07-25 15:45:34.229  1395  1395 I chatty  : uid=1002(bluetooth) com.android.bluetooth expire 5 lines
07-25 15:45:34.236  2096  2096 I TrustAgent.Tracker: [BluetoothConnectionTracker] Bluetooth disconnect broadast for raspberrypi3 B8:27:EB:06:5B:07
07-25 15:45:34.708  1395  1842 I chatty  : uid=1002(bluetooth) BluetoothAvrcpH expire 3 lines
07-25 15:45:35.279   867  1428 I ActivityManager: Start proc 8055:com.ford.syncV4.android/u0a150 for broadcast com.ford.syncV4.android/.receivers.SyncReceiver
07-25 15:45:35.279   867  1428 W ActivityManager: Slow operation: 51ms so far, now at startProcess: done starting proc!
07-25 15:45:35.322  8055  8055 I zygote64: Late-enabling -Xcheck:jni
07-25 15:45:35.475  8055  8062 I zygote64: Debugger is no longer active
07-25 15:45:35.917  8055  8055 I InstantRun: starting instant run server: is main process
07-25 15:45:35.967  8055  8055 I com.ford.syncV4.android.receivers.SyncReceiver: Received Intent with action: android.bluetooth.device.action.ACL_DISCONNECTED
07-25 15:45:35.974   867  1428 W BroadcastQueue: Background execution not allowed: receiving Intent { act=android.intent.action.ACTION_POWER_CONNECTED flg=0x4000010 (has extras) } to com.google.android.apps.photos/.scheduler.PowerReceiver
07-25 15:45:36.044  1598  1620 E PhoneInterfaceManager: [PhoneIntfMgr] getIccId: No UICC
07-25 15:45:36.106  1598  1620 I chatty  : uid=1001(radio) Binder:1598_1 identical 2 lines
07-25 15:45:36.121  1598  1620 E PhoneInterfaceManager: [PhoneIntfMgr] getIccId: No UICC
07-25 15:45:36.133   867   900 I WifiService: requestActivityInfo uid=1000
07-25 15:45:36.133   867   900 I WifiService: reportActivityInfo uid=1000
07-25 15:45:36.133   867   900 I WifiService: getSupportedFeatures uid=1000
07-25 15:45:36.168   658   658 E QCOM PowerHAL: extract_stats: failed to open: /d/wlan_wcnss/power_stats Error = No such file or directory
07-25 15:45:36.171  7104  7104 E com.applink.antelope.receivers.SdlReceiver: Received Intent with action: android.intent.action.ACTION_POWER_CONNECTED
07-25 15:45:36.228  2096  2096 W ChimeraUtils: Non Chimera context
07-25 15:45:36.228  2096  2096 W ChimeraUtils: Non Chimera context
07-25 15:45:36.270   867   900 I WifiService: requestActivityInfo uid=1000
07-25 15:45:36.270   867   900 I WifiService: reportActivityInfo uid=1000
07-25 15:45:36.270   867   900 I WifiService: getSupportedFeatures uid=1000
07-25 15:45:36.306   867   900 E BatteryExternalStatsWorker: modem info is invalid: ModemActivityInfo{ mTimestamp=0 mSleepTimeMs=0 mIdleTimeMs=0 mTxTimeMs[]=[0, 0, 0, 0, 0] mRxTimeMs=0 mEnergyUsed=0}
07-25 15:45:36.363  2096  8085 W Conscrypt: Could not set socket write timeout: java.lang.reflect.InvocationTargetException
07-25 15:45:36.364  2096  8085 W Conscrypt: 	at java.lang.reflect.Method.invoke(Native Method)
07-25 15:45:36.364  2096  8085 W Conscrypt: 	at com.google.android.gms.org.conscrypt.Platform.setSocketWriteTimeout(:com.google.android.gms@12874032@12.8.74 (090400-204998136):13)
07-25 15:45:36.364  2096  8085 W Conscrypt: Caused by: android.system.ErrnoException: setsockopt failed: EBADF (Bad file descriptor)
07-25 15:45:36.364  2096  8085 W Conscrypt: 	at libcore.io.Linux.setsockoptTimeval(Native Method)
07-25 15:45:36.364  2096  8085 W Conscrypt: 	at libcore.io.ForwardingOs.setsockoptTimeval(ForwardingOs.java:175)
07-25 15:45:36.584  2096  8085 W Conscrypt: Could not set socket write timeout: java.lang.reflect.InvocationTargetException
07-25 15:45:36.584  2096  8085 W Conscrypt: 	at java.lang.reflect.Method.invoke(Native Method)
07-25 15:45:36.584  2096  8085 W Conscrypt: 	at com.google.android.gms.org.conscrypt.Platform.setSocketWriteTimeout(:com.google.android.gms@12874032@12.8.74 (090400-204998136):13)
07-25 15:45:36.584  2096  8085 W Conscrypt: Caused by: android.system.ErrnoException: setsockopt failed: EBADF (Bad file descriptor)
07-25 15:45:36.584  2096  8085 W Conscrypt: 	at libcore.io.Linux.setsockoptTimeval(Native Method)
07-25 15:45:36.584  2096  8085 W Conscrypt: 	at libcore.io.ForwardingOs.setsockoptTimeval(ForwardingOs.java:175)
07-25 15:45:36.697  1395  1401 I chatty  : uid=1002(bluetooth) Jit thread pool expire 4 lines
07-25 15:45:37.185  2096  8085 I zygote64: Deoptimizing boolean ozs.a(ozr, android.content.ServiceConnection, java.lang.String) due to JIT inline cache
07-25 15:45:37.208  8055  8055 E Sdl Broadcast Receiver: WARNING: This application has not specified its intent-filter for the SdlRouterService. THIS WILL THROW AN EXCEPTION IN FUTURE RELEASES!!
07-25 15:45:37.208  8055  8055 E Sdl Broadcast Receiver: WARNING: This application has not specified its metadata tags for the SdlRouterService. THIS WILL THROW AN EXCEPTION IN FUTURE RELEASES!!
07-25 15:45:37.208  8055  8055 D Sdl Broadcast Receiver: Check for local router
07-25 15:45:37.208  8055  8055 D Sdl Broadcast Receiver: attempting to wake up router service
07-25 15:45:37.285  8055  8055 I com.ford.syncV4.android.receivers.SyncReceiver: Received Intent with action: android.bluetooth.device.action.ACL_CONNECTED
07-25 15:45:37.287  8055  8055 E com.ford.syncV4.android.receivers.SyncReceiver: SDL Enabled
07-25 15:45:37.337  8055  8055 D Value of intent.getStringExtra() / intent.getStringExtra() is: : ALL / ALL
07-25 15:45:37.428   686  1328 E APM::AudioPolicyEngine: getDeviceForInputSource() no default device defined
07-25 15:45:37.428   686  1328 W APM_AudioPolicyManager: getInputForAttr() could not find device for source 1999
07-25 15:45:37.440  2096  8085 W Conscrypt: Could not set socket write timeout: java.lang.reflect.InvocationTargetException
07-25 15:45:37.440  2096  8085 W Conscrypt: 	at java.lang.reflect.Method.invoke(Native Method)
07-25 15:45:37.440  2096  8085 W Conscrypt: 	at com.google.android.gms.org.conscrypt.Platform.setSocketWriteTimeout(:com.google.android.gms@12874032@12.8.74 (090400-204998136):13)
07-25 15:45:37.440  2096  8085 W Conscrypt: Caused by: android.system.ErrnoException: setsockopt failed: EBADF (Bad file descriptor)
07-25 15:45:37.440  2096  8085 W Conscrypt: 	at libcore.io.Linux.setsockoptTimeval(Native Method)
07-25 15:45:37.440  2096  8085 W Conscrypt: 	at libcore.io.ForwardingOs.setsockoptTimeval(ForwardingOs.java:175)
07-25 15:45:37.476  2096  8085 W Conscrypt: Could not set socket write timeout: java.lang.reflect.InvocationTargetException
07-25 15:45:37.476  2096  8085 W Conscrypt: 	at java.lang.reflect.Method.invoke(Native Method)
07-25 15:45:37.476  2096  8085 W Conscrypt: 	at com.google.android.gms.org.conscrypt.Platform.setSocketWriteTimeout(:com.google.android.gms@12874032@12.8.74 (090400-204998136):13)
07-25 15:45:37.476  2096  8085 W Conscrypt: Caused by: android.system.ErrnoException: setsockopt failed: EBADF (Bad file descriptor)
07-25 15:45:37.476  2096  8085 W Conscrypt: 	at libcore.io.Linux.setsockoptTimeval(Native Method)
07-25 15:45:37.476  2096  8085 W Conscrypt: 	at libcore.io.ForwardingOs.setsockoptTimeval(ForwardingOs.java:175)
07-25 15:45:37.623  1395  1842 I chatty  : uid=1002(bluetooth) BluetoothAvrcpH expire 17 lines
07-25 15:45:39.390  8055  8055 D Sdl Broadcast Receiver: No SDL Router Services found
07-25 15:45:39.390  8055  8055 D Sdl Broadcast Receiver: WARNING: This application has not specified its SdlRouterService correctly in the manifest. THIS WILL THROW AN EXCEPTION IN FUTURE RELEASES!!
07-25 15:45:39.915  2096  2106 I zygote64: Background concurrent copying GC freed 146804(7MB) AllocSpace objects, 16(1584KB) LOS objects, 50% free, 9MB/19MB, paused 443us total 172.127ms
07-25 15:45:42.489   686  1328 E APM::AudioPolicyEngine: getDeviceForInputSource() no default device defined
07-25 15:45:42.489   686  1328 W APM_AudioPolicyManager: getInputForAttr() could not find device for source 1999
07-25 15:45:42.490  2138  7417 I chatty  : uid=10041(com.google.android.googlequicksearchbox) UserFacing25 expire 20 lines
07-25 15:45:42.506  2138  2138 I chatty  : uid=10041 com.google.android.googlequicksearchbox:search expire 21 lines
07-25 15:45:42.506  2138  7428 I chatty  : uid=10041(com.google.android.googlequicksearchbox) NonUserFacing21 expire 18 lines
